Archive member included because of file (symbol)

C:\Program Files (x86)\Raisonance\Ride\Lib\ARM\std_sbrk_thumb.lib(write.o)
                              (_write)

Allocating common symbols
Common symbol       size              file

TIM_TimeBaseStructure_PWM
                    0xa               C:\ride_project\FlollowtheSunshine\Mango-M32\obj\main.o
TIM_OCInitStructure_PWM
                    0x10              C:\ride_project\FlollowtheSunshine\Mango-M32\obj\main.o

Discarded input sections

 .text          0x00000000        0x0 C:\ride_project\FlollowtheSunshine\Mango-M32\obj\main.o
 .data          0x00000000        0x0 C:\ride_project\FlollowtheSunshine\Mango-M32\obj\main.o
 .bss           0x00000000        0x0 C:\ride_project\FlollowtheSunshine\Mango-M32\obj\main.o
 .text          0x00000000        0x0 C:\ride_project\FlollowtheSunshine\Mango-M32\obj\delay.o
 .data          0x00000000        0x0 C:\ride_project\FlollowtheSunshine\Mango-M32\obj\delay.o
 .bss           0x00000000        0x0 C:\ride_project\FlollowtheSunshine\Mango-M32\obj\delay.o
 .text.delay_us
                0x00000000        0x0 C:\ride_project\FlollowtheSunshine\Mango-M32\obj\delay.o
 .text.delay_s  0x00000000        0x0 C:\ride_project\FlollowtheSunshine\Mango-M32\obj\delay.o
 .text          0x00000000        0x0 C:\ride_project\FlollowtheSunshine\Mango-M32\obj\stm32f10x_it.o
 .data          0x00000000        0x0 C:\ride_project\FlollowtheSunshine\Mango-M32\obj\stm32f10x_it.o
 .text          0x00000000        0x0 C:\ride_project\FlollowtheSunshine\Mango-M32\obj\system_stm32f10x.o
 .bss           0x00000000        0x0 C:\ride_project\FlollowtheSunshine\Mango-M32\obj\system_stm32f10x.o
 .text.SystemCoreClockUpdate
                0x00000000        0x0 C:\ride_project\FlollowtheSunshine\Mango-M32\obj\system_stm32f10x.o
 .text          0x00000000        0x0 C:\ride_project\FlollowtheSunshine\Mango-M32\obj\startup_stm32f10x_md.o
 .data          0x00000000        0x0 C:\ride_project\FlollowtheSunshine\Mango-M32\obj\startup_stm32f10x_md.o
 .bss           0x00000000        0x0 C:\ride_project\FlollowtheSunshine\Mango-M32\obj\startup_stm32f10x_md.o
 .text          0x00000000        0x0 C:\ride_project\FlollowtheSunshine\Mango-M32\obj\misc.o
 .data          0x00000000        0x0 C:\ride_project\FlollowtheSunshine\Mango-M32\obj\misc.o
 .bss           0x00000000        0x0 C:\ride_project\FlollowtheSunshine\Mango-M32\obj\misc.o
 .text.NVIC_PriorityGroupConfig
                0x00000000        0x0 C:\ride_project\FlollowtheSunshine\Mango-M32\obj\misc.o
 .text.NVIC_Init
                0x00000000        0x0 C:\ride_project\FlollowtheSunshine\Mango-M32\obj\misc.o
 .text.NVIC_SetVectorTable
                0x00000000        0x0 C:\ride_project\FlollowtheSunshine\Mango-M32\obj\misc.o
 .text.NVIC_SystemLPConfig
                0x00000000        0x0 C:\ride_project\FlollowtheSunshine\Mango-M32\obj\misc.o
 .text.SysTick_CLKSourceConfig
                0x00000000        0x0 C:\ride_project\FlollowtheSunshine\Mango-M32\obj\misc.o
 .text          0x00000000        0x0 C:\ride_project\FlollowtheSunshine\Mango-M32\obj\stm32f10x_flash.o
 .data          0x00000000        0x0 C:\ride_project\FlollowtheSunshine\Mango-M32\obj\stm32f10x_flash.o
 .bss           0x00000000        0x0 C:\ride_project\FlollowtheSunshine\Mango-M32\obj\stm32f10x_flash.o
 .text.FLASH_SetLatency
                0x00000000        0x0 C:\ride_project\FlollowtheSunshine\Mango-M32\obj\stm32f10x_flash.o
 .text.FLASH_HalfCycleAccessCmd
                0x00000000        0x0 C:\ride_project\FlollowtheSunshine\Mango-M32\obj\stm32f10x_flash.o
 .text.FLASH_PrefetchBufferCmd
                0x00000000        0x0 C:\ride_project\FlollowtheSunshine\Mango-M32\obj\stm32f10x_flash.o
 .text.FLASH_Unlock
                0x00000000        0x0 C:\ride_project\FlollowtheSunshine\Mango-M32\obj\stm32f10x_flash.o
 .text.FLASH_UnlockBank1
                0x00000000        0x0 C:\ride_project\FlollowtheSunshine\Mango-M32\obj\stm32f10x_flash.o
 .text.FLASH_Lock
                0x00000000        0x0 C:\ride_project\FlollowtheSunshine\Mango-M32\obj\stm32f10x_flash.o
 .text.FLASH_LockBank1
                0x00000000        0x0 C:\ride_project\FlollowtheSunshine\Mango-M32\obj\stm32f10x_flash.o
 .text.FLASH_GetUserOptionByte
                0x00000000        0x0 C:\ride_project\FlollowtheSunshine\Mango-M32\obj\stm32f10x_flash.o
 .text.FLASH_GetWriteProtectionOptionByte
                0x00000000        0x0 C:\ride_project\FlollowtheSunshine\Mango-M32\obj\stm32f10x_flash.o
 .text.FLASH_GetReadOutProtectionStatus
                0x00000000        0x0 C:\ride_project\FlollowtheSunshine\Mango-M32\obj\stm32f10x_flash.o
 .text.FLASH_GetPrefetchBufferStatus
                0x00000000        0x0 C:\ride_project\FlollowtheSunshine\Mango-M32\obj\stm32f10x_flash.o
 .text.FLASH_ITConfig
                0x00000000        0x0 C:\ride_project\FlollowtheSunshine\Mango-M32\obj\stm32f10x_flash.o
 .text.FLASH_GetFlagStatus
                0x00000000        0x0 C:\ride_project\FlollowtheSunshine\Mango-M32\obj\stm32f10x_flash.o
 .text.FLASH_ClearFlag
                0x00000000        0x0 C:\ride_project\FlollowtheSunshine\Mango-M32\obj\stm32f10x_flash.o
 .text.FLASH_GetStatus
                0x00000000        0x0 C:\ride_project\FlollowtheSunshine\Mango-M32\obj\stm32f10x_flash.o
 .text.FLASH_GetBank1Status
                0x00000000        0x0 C:\ride_project\FlollowtheSunshine\Mango-M32\obj\stm32f10x_flash.o
 .text.FLASH_WaitForLastOperation
                0x00000000        0x0 C:\ride_project\FlollowtheSunshine\Mango-M32\obj\stm32f10x_flash.o
 .text.FLASH_UserOptionByteConfig
                0x00000000        0x0 C:\ride_project\FlollowtheSunshine\Mango-M32\obj\stm32f10x_flash.o
 .text.FLASH_ReadOutProtection
                0x00000000        0x0 C:\ride_project\FlollowtheSunshine\Mango-M32\obj\stm32f10x_flash.o
 .text.FLASH_EnableWriteProtection
                0x00000000        0x0 C:\ride_project\FlollowtheSunshine\Mango-M32\obj\stm32f10x_flash.o
 .text.FLASH_ProgramOptionByteData
                0x00000000        0x0 C:\ride_project\FlollowtheSunshine\Mango-M32\obj\stm32f10x_flash.o
 .text.FLASH_ProgramHalfWord
                0x00000000        0x0 C:\ride_project\FlollowtheSunshine\Mango-M32\obj\stm32f10x_flash.o
 .text.FLASH_ProgramWord
                0x00000000        0x0 C:\ride_project\FlollowtheSunshine\Mango-M32\obj\stm32f10x_flash.o
 .text.FLASH_EraseOptionBytes
                0x00000000        0x0 C:\ride_project\FlollowtheSunshine\Mango-M32\obj\stm32f10x_flash.o
 .text.FLASH_EraseAllPages
                0x00000000        0x0 C:\ride_project\FlollowtheSunshine\Mango-M32\obj\stm32f10x_flash.o
 .text.FLASH_ErasePage
                0x00000000        0x0 C:\ride_project\FlollowtheSunshine\Mango-M32\obj\stm32f10x_flash.o
 .text.FLASH_WaitForLastBank1Operation
                0x00000000        0x0 C:\ride_project\FlollowtheSunshine\Mango-M32\obj\stm32f10x_flash.o
 .text.FLASH_EraseAllBank1Pages
                0x00000000        0x0 C:\ride_project\FlollowtheSunshine\Mango-M32\obj\stm32f10x_flash.o
 .text          0x00000000        0x0 C:\ride_project\FlollowtheSunshine\Mango-M32\obj\stm32f10x_tim.o
 .data          0x00000000        0x0 C:\ride_project\FlollowtheSunshine\Mango-M32\obj\stm32f10x_tim.o
 .bss           0x00000000        0x0 C:\ride_project\FlollowtheSunshine\Mango-M32\obj\stm32f10x_tim.o
 .text.TIM_OC4Init
                0x00000000        0x0 C:\ride_project\FlollowtheSunshine\Mango-M32\obj\stm32f10x_tim.o
 .text.TIM_BDTRConfig
                0x00000000        0x0 C:\ride_project\FlollowtheSunshine\Mango-M32\obj\stm32f10x_tim.o
 .text.TIM_TimeBaseStructInit
                0x00000000        0x0 C:\ride_project\FlollowtheSunshine\Mango-M32\obj\stm32f10x_tim.o
 .text.TIM_OCStructInit
                0x00000000        0x0 C:\ride_project\FlollowtheSunshine\Mango-M32\obj\stm32f10x_tim.o
 .text.TIM_ICStructInit
                0x00000000        0x0 C:\ride_project\FlollowtheSunshine\Mango-M32\obj\stm32f10x_tim.o
 .text.TIM_BDTRStructInit
                0x00000000        0x0 C:\ride_project\FlollowtheSunshine\Mango-M32\obj\stm32f10x_tim.o
 .text.TIM_CtrlPWMOutputs
                0x00000000        0x0 C:\ride_project\FlollowtheSunshine\Mango-M32\obj\stm32f10x_tim.o
 .text.TIM_ITConfig
                0x00000000        0x0 C:\ride_project\FlollowtheSunshine\Mango-M32\obj\stm32f10x_tim.o
 .text.TIM_GenerateEvent
                0x00000000        0x0 C:\ride_project\FlollowtheSunshine\Mango-M32\obj\stm32f10x_tim.o
 .text.TIM_DMAConfig
                0x00000000        0x0 C:\ride_project\FlollowtheSunshine\Mango-M32\obj\stm32f10x_tim.o
 .text.TIM_DMACmd
                0x00000000        0x0 C:\ride_project\FlollowtheSunshine\Mango-M32\obj\stm32f10x_tim.o
 .text.TIM_InternalClockConfig
                0x00000000        0x0 C:\ride_project\FlollowtheSunshine\Mango-M32\obj\stm32f10x_tim.o
 .text.TIM_ETRConfig
                0x00000000        0x0 C:\ride_project\FlollowtheSunshine\Mango-M32\obj\stm32f10x_tim.o
 .text.TIM_ETRClockMode2Config
                0x00000000        0x0 C:\ride_project\FlollowtheSunshine\Mango-M32\obj\stm32f10x_tim.o
 .text.TIM_ETRClockMode1Config
                0x00000000        0x0 C:\ride_project\FlollowtheSunshine\Mango-M32\obj\stm32f10x_tim.o
 .text.TIM_PrescalerConfig
                0x00000000        0x0 C:\ride_project\FlollowtheSunshine\Mango-M32\obj\stm32f10x_tim.o
 .text.TIM_CounterModeConfig
                0x00000000        0x0 C:\ride_project\FlollowtheSunshine\Mango-M32\obj\stm32f10x_tim.o
 .text.TIM_SelectInputTrigger
                0x00000000        0x0 C:\ride_project\FlollowtheSunshine\Mango-M32\obj\stm32f10x_tim.o
 .text.TIM_ITRxExternalClockConfig
                0x00000000        0x0 C:\ride_project\FlollowtheSunshine\Mango-M32\obj\stm32f10x_tim.o
 .text.TIM_EncoderInterfaceConfig
                0x00000000        0x0 C:\ride_project\FlollowtheSunshine\Mango-M32\obj\stm32f10x_tim.o
 .text.TIM_ForcedOC1Config
                0x00000000        0x0 C:\ride_project\FlollowtheSunshine\Mango-M32\obj\stm32f10x_tim.o
 .text.TIM_ForcedOC2Config
                0x00000000        0x0 C:\ride_project\FlollowtheSunshine\Mango-M32\obj\stm32f10x_tim.o
 .text.TIM_ForcedOC3Config
                0x00000000        0x0 C:\ride_project\FlollowtheSunshine\Mango-M32\obj\stm32f10x_tim.o
 .text.TIM_ForcedOC4Config
                0x00000000        0x0 C:\ride_project\FlollowtheSunshine\Mango-M32\obj\stm32f10x_tim.o
 .text.TIM_ARRPreloadConfig
                0x00000000        0x0 C:\ride_project\FlollowtheSunshine\Mango-M32\obj\stm32f10x_tim.o
 .text.TIM_SelectCOM
                0x00000000        0x0 C:\ride_project\FlollowtheSunshine\Mango-M32\obj\stm32f10x_tim.o
 .text.TIM_SelectCCDMA
                0x00000000        0x0 C:\ride_project\FlollowtheSunshine\Mango-M32\obj\stm32f10x_tim.o
 .text.TIM_CCPreloadControl
                0x00000000        0x0 C:\ride_project\FlollowtheSunshine\Mango-M32\obj\stm32f10x_tim.o
 .text.TIM_OC2PreloadConfig
                0x00000000        0x0 C:\ride_project\FlollowtheSunshine\Mango-M32\obj\stm32f10x_tim.o
 .text.TIM_OC3PreloadConfig
                0x00000000        0x0 C:\ride_project\FlollowtheSunshine\Mango-M32\obj\stm32f10x_tim.o
 .text.TIM_OC4PreloadConfig
                0x00000000        0x0 C:\ride_project\FlollowtheSunshine\Mango-M32\obj\stm32f10x_tim.o
 .text.TIM_OC1FastConfig
                0x00000000        0x0 C:\ride_project\FlollowtheSunshine\Mango-M32\obj\stm32f10x_tim.o
 .text.TIM_OC2FastConfig
                0x00000000        0x0 C:\ride_project\FlollowtheSunshine\Mango-M32\obj\stm32f10x_tim.o
 .text.TIM_OC3FastConfig
                0x00000000        0x0 C:\ride_project\FlollowtheSunshine\Mango-M32\obj\stm32f10x_tim.o
 .text.TIM_OC4FastConfig
                0x00000000        0x0 C:\ride_project\FlollowtheSunshine\Mango-M32\obj\stm32f10x_tim.o
 .text.TIM_ClearOC1Ref
                0x00000000        0x0 C:\ride_project\FlollowtheSunshine\Mango-M32\obj\stm32f10x_tim.o
 .text.TIM_ClearOC2Ref
                0x00000000        0x0 C:\ride_project\FlollowtheSunshine\Mango-M32\obj\stm32f10x_tim.o
 .text.TIM_ClearOC3Ref
                0x00000000        0x0 C:\ride_project\FlollowtheSunshine\Mango-M32\obj\stm32f10x_tim.o
 .text.TIM_ClearOC4Ref
                0x00000000        0x0 C:\ride_project\FlollowtheSunshine\Mango-M32\obj\stm32f10x_tim.o
 .text.TIM_OC1PolarityConfig
                0x00000000        0x0 C:\ride_project\FlollowtheSunshine\Mango-M32\obj\stm32f10x_tim.o
 .text.TIM_OC1NPolarityConfig
                0x00000000        0x0 C:\ride_project\FlollowtheSunshine\Mango-M32\obj\stm32f10x_tim.o
 .text.TIM_OC2PolarityConfig
                0x00000000        0x0 C:\ride_project\FlollowtheSunshine\Mango-M32\obj\stm32f10x_tim.o
 .text.TIM_OC2NPolarityConfig
                0x00000000        0x0 C:\ride_project\FlollowtheSunshine\Mango-M32\obj\stm32f10x_tim.o
 .text.TIM_OC3PolarityConfig
                0x00000000        0x0 C:\ride_project\FlollowtheSunshine\Mango-M32\obj\stm32f10x_tim.o
 .text.TIM_OC3NPolarityConfig
                0x00000000        0x0 C:\ride_project\FlollowtheSunshine\Mango-M32\obj\stm32f10x_tim.o
 .text.TIM_OC4PolarityConfig
                0x00000000        0x0 C:\ride_project\FlollowtheSunshine\Mango-M32\obj\stm32f10x_tim.o
 .text.TIM_CCxCmd
                0x00000000        0x0 C:\ride_project\FlollowtheSunshine\Mango-M32\obj\stm32f10x_tim.o
 .text.TIM_CCxNCmd
                0x00000000        0x0 C:\ride_project\FlollowtheSunshine\Mango-M32\obj\stm32f10x_tim.o
 .text.TIM_SelectOCxM
                0x00000000        0x0 C:\ride_project\FlollowtheSunshine\Mango-M32\obj\stm32f10x_tim.o
 .text.TIM_UpdateDisableConfig
                0x00000000        0x0 C:\ride_project\FlollowtheSunshine\Mango-M32\obj\stm32f10x_tim.o
 .text.TIM_UpdateRequestConfig
                0x00000000        0x0 C:\ride_project\FlollowtheSunshine\Mango-M32\obj\stm32f10x_tim.o
 .text.TIM_SelectHallSensor
                0x00000000        0x0 C:\ride_project\FlollowtheSunshine\Mango-M32\obj\stm32f10x_tim.o
 .text.TIM_SelectOnePulseMode
                0x00000000        0x0 C:\ride_project\FlollowtheSunshine\Mango-M32\obj\stm32f10x_tim.o
 .text.TIM_SelectOutputTrigger
                0x00000000        0x0 C:\ride_project\FlollowtheSunshine\Mango-M32\obj\stm32f10x_tim.o
 .text.TIM_SelectSlaveMode
                0x00000000        0x0 C:\ride_project\FlollowtheSunshine\Mango-M32\obj\stm32f10x_tim.o
 .text.TIM_SelectMasterSlaveMode
                0x00000000        0x0 C:\ride_project\FlollowtheSunshine\Mango-M32\obj\stm32f10x_tim.o
 .text.TIM_SetCounter
                0x00000000        0x0 C:\ride_project\FlollowtheSunshine\Mango-M32\obj\stm32f10x_tim.o
 .text.TIM_SetAutoreload
                0x00000000        0x0 C:\ride_project\FlollowtheSunshine\Mango-M32\obj\stm32f10x_tim.o
 .text.TIM_SetCompare1
                0x00000000        0x0 C:\ride_project\FlollowtheSunshine\Mango-M32\obj\stm32f10x_tim.o
 .text.TIM_SetCompare2
                0x00000000        0x0 C:\ride_project\FlollowtheSunshine\Mango-M32\obj\stm32f10x_tim.o
 .text.TIM_SetCompare3
                0x00000000        0x0 C:\ride_project\FlollowtheSunshine\Mango-M32\obj\stm32f10x_tim.o
 .text.TIM_SetCompare4
                0x00000000        0x0 C:\ride_project\FlollowtheSunshine\Mango-M32\obj\stm32f10x_tim.o
 .text.TIM_SetIC1Prescaler
                0x00000000        0x0 C:\ride_project\FlollowtheSunshine\Mango-M32\obj\stm32f10x_tim.o
 .text.TIM_SetIC2Prescaler
                0x00000000        0x0 C:\ride_project\FlollowtheSunshine\Mango-M32\obj\stm32f10x_tim.o
 .text.TIM_SetIC3Prescaler
                0x00000000        0x0 C:\ride_project\FlollowtheSunshine\Mango-M32\obj\stm32f10x_tim.o
 .text.TIM_SetIC4Prescaler
                0x00000000        0x0 C:\ride_project\FlollowtheSunshine\Mango-M32\obj\stm32f10x_tim.o
 .text.TIM_SetClockDivision
                0x00000000        0x0 C:\ride_project\FlollowtheSunshine\Mango-M32\obj\stm32f10x_tim.o
 .text.TIM_GetCapture1
                0x00000000        0x0 C:\ride_project\FlollowtheSunshine\Mango-M32\obj\stm32f10x_tim.o
 .text.TIM_GetCapture2
                0x00000000        0x0 C:\ride_project\FlollowtheSunshine\Mango-M32\obj\stm32f10x_tim.o
 .text.TIM_GetCapture3
                0x00000000        0x0 C:\ride_project\FlollowtheSunshine\Mango-M32\obj\stm32f10x_tim.o
 .text.TIM_GetCapture4
                0x00000000        0x0 C:\ride_project\FlollowtheSunshine\Mango-M32\obj\stm32f10x_tim.o
 .text.TIM_GetCounter
                0x00000000        0x0 C:\ride_project\FlollowtheSunshine\Mango-M32\obj\stm32f10x_tim.o
 .text.TIM_GetPrescaler
                0x00000000        0x0 C:\ride_project\FlollowtheSunshine\Mango-M32\obj\stm32f10x_tim.o
 .text.TIM_GetFlagStatus
                0x00000000        0x0 C:\ride_project\FlollowtheSunshine\Mango-M32\obj\stm32f10x_tim.o
 .text.TIM_ClearFlag
                0x00000000        0x0 C:\ride_project\FlollowtheSunshine\Mango-M32\obj\stm32f10x_tim.o
 .text.TIM_GetITStatus
                0x00000000        0x0 C:\ride_project\FlollowtheSunshine\Mango-M32\obj\stm32f10x_tim.o
 .text.TI1_Config
                0x00000000        0x0 C:\ride_project\FlollowtheSunshine\Mango-M32\obj\stm32f10x_tim.o
 .text.TI2_Config
                0x00000000        0x0 C:\ride_project\FlollowtheSunshine\Mango-M32\obj\stm32f10x_tim.o
 .text.TIM_TIxExternalClockConfig
                0x00000000        0x0 C:\ride_project\FlollowtheSunshine\Mango-M32\obj\stm32f10x_tim.o
 .text.TIM_PWMIConfig
                0x00000000        0x0 C:\ride_project\FlollowtheSunshine\Mango-M32\obj\stm32f10x_tim.o
 .text.TIM_ICInit
                0x00000000        0x0 C:\ride_project\FlollowtheSunshine\Mango-M32\obj\stm32f10x_tim.o
 .text.TIM_DeInit
                0x00000000        0x0 C:\ride_project\FlollowtheSunshine\Mango-M32\obj\stm32f10x_tim.o
 .text          0x00000000        0x0 C:\ride_project\FlollowtheSunshine\Mango-M32\obj\stm32f10x_gpio.o
 .data          0x00000000        0x0 C:\ride_project\FlollowtheSunshine\Mango-M32\obj\stm32f10x_gpio.o
 .bss           0x00000000        0x0 C:\ride_project\FlollowtheSunshine\Mango-M32\obj\stm32f10x_gpio.o
 .text.GPIO_StructInit
                0x00000000        0x0 C:\ride_project\FlollowtheSunshine\Mango-M32\obj\stm32f10x_gpio.o
 .text.GPIO_ReadInputDataBit
                0x00000000        0x0 C:\ride_project\FlollowtheSunshine\Mango-M32\obj\stm32f10x_gpio.o
 .text.GPIO_ReadInputData
                0x00000000        0x0 C:\ride_project\FlollowtheSunshine\Mango-M32\obj\stm32f10x_gpio.o
 .text.GPIO_ReadOutputDataBit
                0x00000000        0x0 C:\ride_project\FlollowtheSunshine\Mango-M32\obj\stm32f10x_gpio.o
 .text.GPIO_ReadOutputData
                0x00000000        0x0 C:\ride_project\FlollowtheSunshine\Mango-M32\obj\stm32f10x_gpio.o
 .text.GPIO_Write
                0x00000000        0x0 C:\ride_project\FlollowtheSunshine\Mango-M32\obj\stm32f10x_gpio.o
 .text.GPIO_PinLockConfig
                0x00000000        0x0 C:\ride_project\FlollowtheSunshine\Mango-M32\obj\stm32f10x_gpio.o
 .text.GPIO_EventOutputConfig
                0x00000000        0x0 C:\ride_project\FlollowtheSunshine\Mango-M32\obj\stm32f10x_gpio.o
 .text.GPIO_EventOutputCmd
                0x00000000        0x0 C:\ride_project\FlollowtheSunshine\Mango-M32\obj\stm32f10x_gpio.o
 .text.GPIO_PinRemapConfig
                0x00000000        0x0 C:\ride_project\FlollowtheSunshine\Mango-M32\obj\stm32f10x_gpio.o
 .text.GPIO_EXTILineConfig
                0x00000000        0x0 C:\ride_project\FlollowtheSunshine\Mango-M32\obj\stm32f10x_gpio.o
 .text.GPIO_ETH_MediaInterfaceConfig
                0x00000000        0x0 C:\ride_project\FlollowtheSunshine\Mango-M32\obj\stm32f10x_gpio.o
 .text.GPIO_AFIODeInit
                0x00000000        0x0 C:\ride_project\FlollowtheSunshine\Mango-M32\obj\stm32f10x_gpio.o
 .text.GPIO_DeInit
                0x00000000        0x0 C:\ride_project\FlollowtheSunshine\Mango-M32\obj\stm32f10x_gpio.o
 .text          0x00000000        0x0 C:\ride_project\FlollowtheSunshine\Mango-M32\obj\stm32f10x_usart.o
 .data          0x00000000        0x0 C:\ride_project\FlollowtheSunshine\Mango-M32\obj\stm32f10x_usart.o
 .bss           0x00000000        0x0 C:\ride_project\FlollowtheSunshine\Mango-M32\obj\stm32f10x_usart.o
 .text.USART_StructInit
                0x00000000        0x0 C:\ride_project\FlollowtheSunshine\Mango-M32\obj\stm32f10x_usart.o
 .text.USART_ClockInit
                0x00000000        0x0 C:\ride_project\FlollowtheSunshine\Mango-M32\obj\stm32f10x_usart.o
 .text.USART_ClockStructInit
                0x00000000        0x0 C:\ride_project\FlollowtheSunshine\Mango-M32\obj\stm32f10x_usart.o
 .text.USART_ITConfig
                0x00000000        0x0 C:\ride_project\FlollowtheSunshine\Mango-M32\obj\stm32f10x_usart.o
 .text.USART_DMACmd
                0x00000000        0x0 C:\ride_project\FlollowtheSunshine\Mango-M32\obj\stm32f10x_usart.o
 .text.USART_SetAddress
                0x00000000        0x0 C:\ride_project\FlollowtheSunshine\Mango-M32\obj\stm32f10x_usart.o
 .text.USART_WakeUpConfig
                0x00000000        0x0 C:\ride_project\FlollowtheSunshine\Mango-M32\obj\stm32f10x_usart.o
 .text.USART_ReceiverWakeUpCmd
                0x00000000        0x0 C:\ride_project\FlollowtheSunshine\Mango-M32\obj\stm32f10x_usart.o
 .text.USART_LINBreakDetectLengthConfig
                0x00000000        0x0 C:\ride_project\FlollowtheSunshine\Mango-M32\obj\stm32f10x_usart.o
 .text.USART_LINCmd
                0x00000000        0x0 C:\ride_project\FlollowtheSunshine\Mango-M32\obj\stm32f10x_usart.o
 .text.USART_ReceiveData
                0x00000000        0x0 C:\ride_project\FlollowtheSunshine\Mango-M32\obj\stm32f10x_usart.o
 .text.USART_SendBreak
                0x00000000        0x0 C:\ride_project\FlollowtheSunshine\Mango-M32\obj\stm32f10x_usart.o
 .text.USART_SetGuardTime
                0x00000000        0x0 C:\ride_project\FlollowtheSunshine\Mango-M32\obj\stm32f10x_usart.o
 .text.USART_SetPrescaler
                0x00000000        0x0 C:\ride_project\FlollowtheSunshine\Mango-M32\obj\stm32f10x_usart.o
 .text.USART_SmartCardCmd
                0x00000000        0x0 C:\ride_project\FlollowtheSunshine\Mango-M32\obj\stm32f10x_usart.o
 .text.USART_SmartCardNACKCmd
                0x00000000        0x0 C:\ride_project\FlollowtheSunshine\Mango-M32\obj\stm32f10x_usart.o
 .text.USART_HalfDuplexCmd
                0x00000000        0x0 C:\ride_project\FlollowtheSunshine\Mango-M32\obj\stm32f10x_usart.o
 .text.USART_OverSampling8Cmd
                0x00000000        0x0 C:\ride_project\FlollowtheSunshine\Mango-M32\obj\stm32f10x_usart.o
 .text.USART_OneBitMethodCmd
                0x00000000        0x0 C:\ride_project\FlollowtheSunshine\Mango-M32\obj\stm32f10x_usart.o
 .text.USART_IrDAConfig
                0x00000000        0x0 C:\ride_project\FlollowtheSunshine\Mango-M32\obj\stm32f10x_usart.o
 .text.USART_IrDACmd
                0x00000000        0x0 C:\ride_project\FlollowtheSunshine\Mango-M32\obj\stm32f10x_usart.o
 .text.USART_ClearFlag
                0x00000000        0x0 C:\ride_project\FlollowtheSunshine\Mango-M32\obj\stm32f10x_usart.o
 .text.USART_GetITStatus
                0x00000000        0x0 C:\ride_project\FlollowtheSunshine\Mango-M32\obj\stm32f10x_usart.o
 .text.USART_ClearITPendingBit
                0x00000000        0x0 C:\ride_project\FlollowtheSunshine\Mango-M32\obj\stm32f10x_usart.o
 .text.USART_DeInit
                0x00000000        0x0 C:\ride_project\FlollowtheSunshine\Mango-M32\obj\stm32f10x_usart.o
 .text          0x00000000        0x0 C:\ride_project\FlollowtheSunshine\Mango-M32\obj\stm32f10x_adc.o
 .data          0x00000000        0x0 C:\ride_project\FlollowtheSunshine\Mango-M32\obj\stm32f10x_adc.o
 .bss           0x00000000        0x0 C:\ride_project\FlollowtheSunshine\Mango-M32\obj\stm32f10x_adc.o
 .text.ADC_StructInit
                0x00000000        0x0 C:\ride_project\FlollowtheSunshine\Mango-M32\obj\stm32f10x_adc.o
 .text.ADC_DMACmd
                0x00000000        0x0 C:\ride_project\FlollowtheSunshine\Mango-M32\obj\stm32f10x_adc.o
 .text.ADC_ITConfig
                0x00000000        0x0 C:\ride_project\FlollowtheSunshine\Mango-M32\obj\stm32f10x_adc.o
 .text.ADC_SoftwareStartConvCmd
                0x00000000        0x0 C:\ride_project\FlollowtheSunshine\Mango-M32\obj\stm32f10x_adc.o
 .text.ADC_GetSoftwareStartConvStatus
                0x00000000        0x0 C:\ride_project\FlollowtheSunshine\Mango-M32\obj\stm32f10x_adc.o
 .text.ADC_DiscModeChannelCountConfig
                0x00000000        0x0 C:\ride_project\FlollowtheSunshine\Mango-M32\obj\stm32f10x_adc.o
 .text.ADC_DiscModeCmd
                0x00000000        0x0 C:\ride_project\FlollowtheSunshine\Mango-M32\obj\stm32f10x_adc.o
 .text.ADC_ExternalTrigConvCmd
                0x00000000        0x0 C:\ride_project\FlollowtheSunshine\Mango-M32\obj\stm32f10x_adc.o
 .text.ADC_GetConversionValue
                0x00000000        0x0 C:\ride_project\FlollowtheSunshine\Mango-M32\obj\stm32f10x_adc.o
 .text.ADC_GetDualModeConversionValue
                0x00000000        0x0 C:\ride_project\FlollowtheSunshine\Mango-M32\obj\stm32f10x_adc.o
 .text.ADC_AutoInjectedConvCmd
                0x00000000        0x0 C:\ride_project\FlollowtheSunshine\Mango-M32\obj\stm32f10x_adc.o
 .text.ADC_InjectedDiscModeCmd
                0x00000000        0x0 C:\ride_project\FlollowtheSunshine\Mango-M32\obj\stm32f10x_adc.o
 .text.ADC_ExternalTrigInjectedConvConfig
                0x00000000        0x0 C:\ride_project\FlollowtheSunshine\Mango-M32\obj\stm32f10x_adc.o
 .text.ADC_ExternalTrigInjectedConvCmd
                0x00000000        0x0 C:\ride_project\FlollowtheSunshine\Mango-M32\obj\stm32f10x_adc.o
 .text.ADC_SoftwareStartInjectedConvCmd
                0x00000000        0x0 C:\ride_project\FlollowtheSunshine\Mango-M32\obj\stm32f10x_adc.o
 .text.ADC_GetSoftwareStartInjectedConvCmdStatus
                0x00000000        0x0 C:\ride_project\FlollowtheSunshine\Mango-M32\obj\stm32f10x_adc.o
 .text.ADC_InjectedChannelConfig
                0x00000000        0x0 C:\ride_project\FlollowtheSunshine\Mango-M32\obj\stm32f10x_adc.o
 .text.ADC_InjectedSequencerLengthConfig
                0x00000000        0x0 C:\ride_project\FlollowtheSunshine\Mango-M32\obj\stm32f10x_adc.o
 .text.ADC_SetInjectedOffset
                0x00000000        0x0 C:\ride_project\FlollowtheSunshine\Mango-M32\obj\stm32f10x_adc.o
 .text.ADC_GetInjectedConversionValue
                0x00000000        0x0 C:\ride_project\FlollowtheSunshine\Mango-M32\obj\stm32f10x_adc.o
 .text.ADC_AnalogWatchdogCmd
                0x00000000        0x0 C:\ride_project\FlollowtheSunshine\Mango-M32\obj\stm32f10x_adc.o
 .text.ADC_AnalogWatchdogThresholdsConfig
                0x00000000        0x0 C:\ride_project\FlollowtheSunshine\Mango-M32\obj\stm32f10x_adc.o
 .text.ADC_AnalogWatchdogSingleChannelConfig
                0x00000000        0x0 C:\ride_project\FlollowtheSunshine\Mango-M32\obj\stm32f10x_adc.o
 .text.ADC_TempSensorVrefintCmd
                0x00000000        0x0 C:\ride_project\FlollowtheSunshine\Mango-M32\obj\stm32f10x_adc.o
 .text.ADC_GetFlagStatus
                0x00000000        0x0 C:\ride_project\FlollowtheSunshine\Mango-M32\obj\stm32f10x_adc.o
 .text.ADC_ClearFlag
                0x00000000        0x0 C:\ride_project\FlollowtheSunshine\Mango-M32\obj\stm32f10x_adc.o
 .text.ADC_GetITStatus
                0x00000000        0x0 C:\ride_project\FlollowtheSunshine\Mango-M32\obj\stm32f10x_adc.o
 .text.ADC_ClearITPendingBit
                0x00000000        0x0 C:\ride_project\FlollowtheSunshine\Mango-M32\obj\stm32f10x_adc.o
 .text.ADC_DeInit
                0x00000000        0x0 C:\ride_project\FlollowtheSunshine\Mango-M32\obj\stm32f10x_adc.o
 .text          0x00000000        0x0 C:\ride_project\FlollowtheSunshine\Mango-M32\obj\stm32f10x_rcc.o
 .bss           0x00000000        0x0 C:\ride_project\FlollowtheSunshine\Mango-M32\obj\stm32f10x_rcc.o
 .text.RCC_DeInit
                0x00000000        0x0 C:\ride_project\FlollowtheSunshine\Mango-M32\obj\stm32f10x_rcc.o
 .text.RCC_HSEConfig
                0x00000000        0x0 C:\ride_project\FlollowtheSunshine\Mango-M32\obj\stm32f10x_rcc.o
 .text.RCC_AdjustHSICalibrationValue
                0x00000000        0x0 C:\ride_project\FlollowtheSunshine\Mango-M32\obj\stm32f10x_rcc.o
 .text.RCC_HSICmd
                0x00000000        0x0 C:\ride_project\FlollowtheSunshine\Mango-M32\obj\stm32f10x_rcc.o
 .text.RCC_PLLConfig
                0x00000000        0x0 C:\ride_project\FlollowtheSunshine\Mango-M32\obj\stm32f10x_rcc.o
 .text.RCC_PLLCmd
                0x00000000        0x0 C:\ride_project\FlollowtheSunshine\Mango-M32\obj\stm32f10x_rcc.o
 .text.RCC_SYSCLKConfig
                0x00000000        0x0 C:\ride_project\FlollowtheSunshine\Mango-M32\obj\stm32f10x_rcc.o
 .text.RCC_GetSYSCLKSource
                0x00000000        0x0 C:\ride_project\FlollowtheSunshine\Mango-M32\obj\stm32f10x_rcc.o
 .text.RCC_HCLKConfig
                0x00000000        0x0 C:\ride_project\FlollowtheSunshine\Mango-M32\obj\stm32f10x_rcc.o
 .text.RCC_PCLK1Config
                0x00000000        0x0 C:\ride_project\FlollowtheSunshine\Mango-M32\obj\stm32f10x_rcc.o
 .text.RCC_PCLK2Config
                0x00000000        0x0 C:\ride_project\FlollowtheSunshine\Mango-M32\obj\stm32f10x_rcc.o
 .text.RCC_ITConfig
                0x00000000        0x0 C:\ride_project\FlollowtheSunshine\Mango-M32\obj\stm32f10x_rcc.o
 .text.RCC_USBCLKConfig
                0x00000000        0x0 C:\ride_project\FlollowtheSunshine\Mango-M32\obj\stm32f10x_rcc.o
 .text.RCC_ADCCLKConfig
                0x00000000        0x0 C:\ride_project\FlollowtheSunshine\Mango-M32\obj\stm32f10x_rcc.o
 .text.RCC_LSEConfig
                0x00000000        0x0 C:\ride_project\FlollowtheSunshine\Mango-M32\obj\stm32f10x_rcc.o
 .text.RCC_LSICmd
                0x00000000        0x0 C:\ride_project\FlollowtheSunshine\Mango-M32\obj\stm32f10x_rcc.o
 .text.RCC_RTCCLKConfig
                0x00000000        0x0 C:\ride_project\FlollowtheSunshine\Mango-M32\obj\stm32f10x_rcc.o
 .text.RCC_RTCCLKCmd
                0x00000000        0x0 C:\ride_project\FlollowtheSunshine\Mango-M32\obj\stm32f10x_rcc.o
 .text.RCC_AHBPeriphClockCmd
                0x00000000        0x0 C:\ride_project\FlollowtheSunshine\Mango-M32\obj\stm32f10x_rcc.o
 .text.RCC_APB2PeriphResetCmd
                0x00000000        0x0 C:\ride_project\FlollowtheSunshine\Mango-M32\obj\stm32f10x_rcc.o
 .text.RCC_APB1PeriphResetCmd
                0x00000000        0x0 C:\ride_project\FlollowtheSunshine\Mango-M32\obj\stm32f10x_rcc.o
 .text.RCC_BackupResetCmd
                0x00000000        0x0 C:\ride_project\FlollowtheSunshine\Mango-M32\obj\stm32f10x_rcc.o
 .text.RCC_ClockSecuritySystemCmd
                0x00000000        0x0 C:\ride_project\FlollowtheSunshine\Mango-M32\obj\stm32f10x_rcc.o
 .text.RCC_MCOConfig
                0x00000000        0x0 C:\ride_project\FlollowtheSunshine\Mango-M32\obj\stm32f10x_rcc.o
 .text.RCC_GetFlagStatus
                0x00000000        0x0 C:\ride_project\FlollowtheSunshine\Mango-M32\obj\stm32f10x_rcc.o
 .text.RCC_WaitForHSEStartUp
                0x00000000        0x0 C:\ride_project\FlollowtheSunshine\Mango-M32\obj\stm32f10x_rcc.o
 .text.RCC_ClearFlag
                0x00000000        0x0 C:\ride_project\FlollowtheSunshine\Mango-M32\obj\stm32f10x_rcc.o
 .text.RCC_GetITStatus
                0x00000000        0x0 C:\ride_project\FlollowtheSunshine\Mango-M32\obj\stm32f10x_rcc.o
 .text.RCC_ClearITPendingBit
                0x00000000        0x0 C:\ride_project\FlollowtheSunshine\Mango-M32\obj\stm32f10x_rcc.o
 .text          0x00000000        0x0 C:\ride_project\FlollowtheSunshine\Mango-M32\obj\usart3.o
 .data          0x00000000        0x0 C:\ride_project\FlollowtheSunshine\Mango-M32\obj\usart3.o
 .bss           0x00000000        0x0 C:\ride_project\FlollowtheSunshine\Mango-M32\obj\usart3.o
 .text          0x00000000        0x0 C:\ride_project\FlollowtheSunshine\Mango-M32\obj\motor_control.o
 .data          0x00000000        0x0 C:\ride_project\FlollowtheSunshine\Mango-M32\obj\motor_control.o
 .bss           0x00000000        0x0 C:\ride_project\FlollowtheSunshine\Mango-M32\obj\motor_control.o
 .text          0x00000000        0x0 C:\ride_project\FlollowtheSunshine\Mango-M32\obj\soil_moisture_sensor.o
 .data          0x00000000        0x0 C:\ride_project\FlollowtheSunshine\Mango-M32\obj\soil_moisture_sensor.o
 .bss           0x00000000        0x0 C:\ride_project\FlollowtheSunshine\Mango-M32\obj\soil_moisture_sensor.o
 .text.readSoilMoistureValue
                0x00000000        0x0 C:\ride_project\FlollowtheSunshine\Mango-M32\obj\soil_moisture_sensor.o
 .text          0x00000000        0x0 C:\ride_project\FlollowtheSunshine\Mango-M32\obj\cds_sensor.o
 .data          0x00000000        0x0 C:\ride_project\FlollowtheSunshine\Mango-M32\obj\cds_sensor.o
 .bss           0x00000000        0x0 C:\ride_project\FlollowtheSunshine\Mango-M32\obj\cds_sensor.o
 .text.readCDSValue
                0x00000000        0x0 C:\ride_project\FlollowtheSunshine\Mango-M32\obj\cds_sensor.o
 .text.initCDSSensor
                0x00000000        0x0 C:\ride_project\FlollowtheSunshine\Mango-M32\obj\cds_sensor.o
 .text          0x00000000        0x0 C:\Program Files (x86)\Raisonance\Ride\Lib\ARM\std_sbrk_thumb.lib(write.o)
 .data          0x00000000        0x0 C:\Program Files (x86)\Raisonance\Ride\Lib\ARM\std_sbrk_thumb.lib(write.o)
 .bss           0x00000000        0x0 C:\Program Files (x86)\Raisonance\Ride\Lib\ARM\std_sbrk_thumb.lib(write.o)

Memory Configuration

Name             Origin             Length             Attributes
RAM              0x20000000         0x00005000         xrw
FLASH            0x08000000         0x00020000         xr
STARTFLASH       0x00000000         0x00000000         xr
CRPPATCH         0x00000000         0x00000000         r
FLASHPATCH       0x00000000         0x00000000         r
ENDFLASH         0x00000000         0x00000000         xr
FLASHB1          0x00000000         0x00000000         xr
EXTMEMB0         0x00000000         0x00000000         xr
EXTMEMB1         0x00000000         0x00000000         xr
EXTMEMB2         0x00000000         0x00000000         xr
EXTMEMB3         0x00000000         0x00000000         xr
*default*        0x00000000         0xffffffff

Linker script and memory map

LOAD C:\ride_project\FlollowtheSunshine\Mango-M32\obj\main.o
LOAD C:\ride_project\FlollowtheSunshine\Mango-M32\obj\delay.o
LOAD C:\ride_project\FlollowtheSunshine\Mango-M32\obj\stm32f10x_it.o
LOAD C:\ride_project\FlollowtheSunshine\Mango-M32\obj\system_stm32f10x.o
LOAD C:\ride_project\FlollowtheSunshine\Mango-M32\obj\startup_stm32f10x_md.o
LOAD C:\ride_project\FlollowtheSunshine\Mango-M32\obj\misc.o
LOAD C:\ride_project\FlollowtheSunshine\Mango-M32\obj\stm32f10x_flash.o
LOAD C:\ride_project\FlollowtheSunshine\Mango-M32\obj\stm32f10x_tim.o
LOAD C:\ride_project\FlollowtheSunshine\Mango-M32\obj\stm32f10x_gpio.o
LOAD C:\ride_project\FlollowtheSunshine\Mango-M32\obj\stm32f10x_usart.o
LOAD C:\ride_project\FlollowtheSunshine\Mango-M32\obj\stm32f10x_adc.o
LOAD C:\ride_project\FlollowtheSunshine\Mango-M32\obj\stm32f10x_rcc.o
LOAD C:\ride_project\FlollowtheSunshine\Mango-M32\obj\usart3.o
LOAD C:\ride_project\FlollowtheSunshine\Mango-M32\obj\motor_control.o
LOAD C:\ride_project\FlollowtheSunshine\Mango-M32\obj\soil_moisture_sensor.o
LOAD C:\ride_project\FlollowtheSunshine\Mango-M32\obj\cds_sensor.o
START GROUP
LOAD C:\Program Files (x86)\Raisonance\Ride\Lib\ARM\STM32x_io_putchar_thumb.a
LOAD C:\Program Files (x86)\Raisonance\Ride\Lib\ARM\std_sbrk_thumb.lib
LOAD C:\Program Files (x86)\Raisonance\Ride\Lib\ARM\smallprintf_thumb.a
LOAD c:/program files (x86)/raisonance/ride/arm-gcc/bin/../lib/gcc/arm-none-eabi/4.3.2/../../../../arm-none-eabi/lib/thumb2\libc.a
LOAD c:/program files (x86)/raisonance/ride/arm-gcc/bin/../lib/gcc/arm-none-eabi/4.3.2/../../../../arm-none-eabi/lib/thumb2\libm.a
END GROUP
                0x00000400                __Stack_Size = 0x400
                0x00000400                PROVIDE (_Stack_Size, __Stack_Size)
                0x20004c00                __Stack_Init = (_estack - __Stack_Size)
                0x20004c00                PROVIDE (_Stack_Init, __Stack_Init)
                0x00000100                _Minimum_Stack_Size = 0x100
                0x00000000                PROVIDE (Undefined_Handler, 0x0)
                0x00000000                PROVIDE (SWI_Handler, 0x0)
                0x00000000                PROVIDE (IRQ_Handler, 0x0)
                0x00000000                PROVIDE (Prefetch_Handler, 0x0)
                0x00000000                PROVIDE (Abort_Handler, 0x0)
                0x00000000                PROVIDE (FIQ_Handler, 0x0)
                0x00000000                PROVIDE (NMIException, 0x0)
                0x00000000                PROVIDE (NMI_Handler, 0x0)
                0x00000000                PROVIDE (HardFaultException, 0x0)
                0x00000000                PROVIDE (HardFault_Handler, 0x0)
                0x00000000                PROVIDE (MemManageException, 0x0)
                0x00000000                PROVIDE (MemManage_Handler, 0x0)
                0x00000000                PROVIDE (BusFaultException, 0x0)
                0x00000000                PROVIDE (BusFault_Handler, 0x0)
                0x00000000                PROVIDE (UsageFaultException, 0x0)
                0x00000000                PROVIDE (UsageFault_Handler, 0x0)
                0x00000000                PROVIDE (SVCHandler, 0x0)
                0x00000000                PROVIDE (SVC_Handler, 0x0)
                0x00000000                PROVIDE (DebugMonitor, 0x0)
                0x00000000                PROVIDE (DebugMon_Handler, 0x0)
                0x00000000                PROVIDE (PendSVC, 0x0)
                0x00000000                PROVIDE (PendSV_Handler, 0x0)
                0x00000000                PROVIDE (SysTickHandler, 0x0)
                0x00000000                PROVIDE (SysTick_Handler, 0x0)
                0x00000000                PROVIDE (WWDG_IRQHandler, 0x0)
                0x00000000                PROVIDE (PVD_IRQHandler, 0x0)
                0x00000000                PROVIDE (TAMPER_IRQHandler, 0x0)
                0x00000000                PROVIDE (RTC_IRQHandler, 0x0)
                0x00000000                PROVIDE (FLASH_IRQHandler, 0x0)
                0x00000000                PROVIDE (RCC_IRQHandler, 0x0)
                0x00000000                PROVIDE (EXTI0_IRQHandler, 0x0)
                0x00000000                PROVIDE (EXTI1_IRQHandler, 0x0)
                0x00000000                PROVIDE (EXTI2_IRQHandler, 0x0)
                0x00000000                PROVIDE (EXTI3_IRQHandler, 0x0)
                0x00000000                PROVIDE (EXTI4_IRQHandler, 0x0)
                0x00000000                PROVIDE (DMAChannel1_IRQHandler, 0x0)
                0x00000000                PROVIDE (DMAChannel2_IRQHandler, 0x0)
                0x00000000                PROVIDE (DMAChannel3_IRQHandler, 0x0)
                0x00000000                PROVIDE (DMAChannel4_IRQHandler, 0x0)
                0x00000000                PROVIDE (DMAChannel5_IRQHandler, 0x0)
                0x00000000                PROVIDE (DMAChannel6_IRQHandler, 0x0)
                0x00000000                PROVIDE (DMAChannel7_IRQHandler, 0x0)
                0x00000000                PROVIDE (DMA1_Channel1_IRQHandler, 0x0)
                0x00000000                PROVIDE (DMA1_Channel2_IRQHandler, 0x0)
                0x00000000                PROVIDE (DMA1_Channel3_IRQHandler, 0x0)
                0x00000000                PROVIDE (DMA1_Channel4_IRQHandler, 0x0)
                0x00000000                PROVIDE (DMA1_Channel5_IRQHandler, 0x0)
                0x00000000                PROVIDE (DMA1_Channel6_IRQHandler, 0x0)
                0x00000000                PROVIDE (DMA1_Channel7_IRQHandler, 0x0)
                0x00000000                PROVIDE (ADC_IRQHandler, 0x0)
                0x00000000                PROVIDE (ADC1_2_IRQHandler, 0x0)
                0x00000000                PROVIDE (USB_HP_CAN_TX_IRQHandler, 0x0)
                0x00000000                PROVIDE (USB_HP_CAN1_TX_IRQHandler, 0x0)
                0x00000000                PROVIDE (USB_LP_CAN_RX0_IRQHandler, 0x0)
                0x00000000                PROVIDE (USB_LP_CAN1_RX0_IRQHandler, 0x0)
                0x00000000                PROVIDE (CAN_RX1_IRQHandler, 0x0)
                0x00000000                PROVIDE (CAN1_RX1_IRQHandler, 0x0)
                0x00000000                PROVIDE (CAN_SCE_IRQHandler, 0x0)
                0x00000000                PROVIDE (CAN1_SCE_IRQHandler, 0x0)
                0x00000000                PROVIDE (EXTI9_5_IRQHandler, 0x0)
                0x00000000                PROVIDE (TIM1_BRK_IRQHandler, 0x0)
                0x00000000                PROVIDE (TIM1_UP_IRQHandler, 0x0)
                0x00000000                PROVIDE (TIM1_TRG_COM_IRQHandler, 0x0)
                0x00000000                PROVIDE (TIM1_CC_IRQHandler, 0x0)
                0x00000000                PROVIDE (TIM2_IRQHandler, 0x0)
                0x00000000                PROVIDE (TIM3_IRQHandler, 0x0)
                0x00000000                PROVIDE (TIM4_IRQHandler, 0x0)
                0x00000000                PROVIDE (I2C1_EV_IRQHandler, 0x0)
                0x00000000                PROVIDE (I2C1_ER_IRQHandler, 0x0)
                0x00000000                PROVIDE (I2C2_EV_IRQHandler, 0x0)
                0x00000000                PROVIDE (I2C2_ER_IRQHandler, 0x0)
                0x00000000                PROVIDE (SPI1_IRQHandler, 0x0)
                0x00000000                PROVIDE (SPI2_IRQHandler, 0x0)
                0x00000000                PROVIDE (USART1_IRQHandler, 0x0)
                0x00000000                PROVIDE (USART2_IRQHandler, 0x0)
                0x00000000                PROVIDE (USART3_IRQHandler, 0x0)
                0x00000000                PROVIDE (EXTI15_10_IRQHandler, 0x0)
                0x00000000                PROVIDE (RTCAlarm_IRQHandler, 0x0)
                0x00000000                PROVIDE (USBWakeUp_IRQHandler, 0x0)
                0x00000000                PROVIDE (TIM8_BRK_IRQHandler, 0x0)
                0x00000000                PROVIDE (TIM8_UP_IRQHandler, 0x0)
                0x00000000                PROVIDE (TIM8_TRG_COM_IRQHandler, 0x0)
                0x00000000                PROVIDE (TIM8_CC_IRQHandler, 0x0)
                0x00000000                PROVIDE (ADC3_IRQHandler, 0x0)
                0x00000000                PROVIDE (FSMC_IRQHandler, 0x0)
                0x00000000                PROVIDE (SDIO_IRQHandler, 0x0)
                0x00000000                PROVIDE (TIM5_IRQHandler, 0x0)
                0x00000000                PROVIDE (SPI3_IRQHandler, 0x0)
                0x00000000                PROVIDE (UART4_IRQHandler, 0x0)
                0x00000000                PROVIDE (UART5_IRQHandler, 0x0)
                0x00000000                PROVIDE (TIM6_IRQHandler, 0x0)
                0x00000000                PROVIDE (TIM7_IRQHandler, 0x0)
                0x00000000                PROVIDE (DMA2_Channel1_IRQHandler, 0x0)
                0x00000000                PROVIDE (DMA2_Channel2_IRQHandler, 0x0)
                0x00000000                PROVIDE (DMA2_Channel3_IRQHandler, 0x0)
                0x00000000                PROVIDE (DMA2_Channel4_5_IRQHandler, 0x0)
                0x42000000                PERIPH_BB_BASE = 0x42000000
                0x22000000                SRAM_BB_BASE = 0x22000000
                0x20000000                SRAM_BASE = 0x20000000
                0x40000000                PERIPH_BASE = 0x40000000
                0x40022000                PROVIDE (FLASH_BASE, 0x40022000)
                0x1ffff800                PROVIDE (OB_BASE, 0x1ffff800)
                0x40000000                APB1PERIPH_BASE = PERIPH_BASE
                0x40010000                APB2PERIPH_BASE = (PERIPH_BASE + 0x10000)
                0x40020000                AHBPERIPH_BASE = (PERIPH_BASE + 0x20000)
                0x40000000                PROVIDE (TIM2, (APB1PERIPH_BASE + 0x0))
                0x40000400                PROVIDE (TIM3, (APB1PERIPH_BASE + 0x400))
                0x40000800                PROVIDE (TIM4, (APB1PERIPH_BASE + 0x800))
                0x40002800                PROVIDE (RTC, (APB1PERIPH_BASE + 0x2800))
                0x40002c00                PROVIDE (WWDG, (APB1PERIPH_BASE + 0x2c00))
                0x40003000                PROVIDE (IWDG, (APB1PERIPH_BASE + 0x3000))
                0x40003800                PROVIDE (SPI2, (APB1PERIPH_BASE + 0x3800))
                0x40004400                PROVIDE (USART2, (APB1PERIPH_BASE + 0x4400))
                0x40004800                PROVIDE (USART3, (APB1PERIPH_BASE + 0x4800))
                0x40005400                PROVIDE (I2C1, (APB1PERIPH_BASE + 0x5400))
                0x40005800                PROVIDE (I2C2, (APB1PERIPH_BASE + 0x5800))
                0x40006400                PROVIDE (CAN, (APB1PERIPH_BASE + 0x6400))
                0x40006c00                PROVIDE (BKP, (APB1PERIPH_BASE + 0x6c00))
                0x40007000                PROVIDE (PWR, (APB1PERIPH_BASE + 0x7000))
                0x40010000                PROVIDE (AFIO, (APB2PERIPH_BASE + 0x0))
                0x40010400                PROVIDE (EXTI, (APB2PERIPH_BASE + 0x400))
                0x40010800                PROVIDE (GPIOA, (APB2PERIPH_BASE + 0x800))
                0x40010c00                PROVIDE (GPIOB, (APB2PERIPH_BASE + 0xc00))
                0x40011000                PROVIDE (GPIOC, (APB2PERIPH_BASE + 0x1000))
                0x40011400                PROVIDE (GPIOD, (APB2PERIPH_BASE + 0x1400))
                0x40011800                PROVIDE (GPIOE, (APB2PERIPH_BASE + 0x1800))
                0x40012400                PROVIDE (ADC1, (APB2PERIPH_BASE + 0x2400))
                0x40012800                PROVIDE (ADC2, (APB2PERIPH_BASE + 0x2800))
                0x40012c00                PROVIDE (TIM1, (APB2PERIPH_BASE + 0x2c00))
                0x40013000                PROVIDE (SPI1, (APB2PERIPH_BASE + 0x3000))
                0x40013800                PROVIDE (USART1, (APB2PERIPH_BASE + 0x3800))
                0x40020000                PROVIDE (DMA, (AHBPERIPH_BASE + 0x0))
                0x40020008                PROVIDE (DMA_Channel1, (AHBPERIPH_BASE + 0x8))
                0x4002001c                PROVIDE (DMA_Channel2, (AHBPERIPH_BASE + 0x1c))
                0x40020030                PROVIDE (DMA_Channel3, (AHBPERIPH_BASE + 0x30))
                0x40020044                PROVIDE (DMA_Channel4, (AHBPERIPH_BASE + 0x44))
                0x40020058                PROVIDE (DMA_Channel5, (AHBPERIPH_BASE + 0x58))
                0x4002006c                PROVIDE (DMA_Channel6, (AHBPERIPH_BASE + 0x6c))
                0x40020080                PROVIDE (DMA_Channel7, (AHBPERIPH_BASE + 0x80))
                0x40021000                PROVIDE (RCC, (AHBPERIPH_BASE + 0x1000))
                0xe000e000                SCS_BASE = 0xe000e000
                0xe000e010                PROVIDE (SysTick, (SCS_BASE + 0x10))
                0xe000e100                PROVIDE (NVIC, (SCS_BASE + 0x100))
                0xe000ed00                PROVIDE (SCB, (SCS_BASE + 0xd00))
                0x20005000                _estack = 0x20005000

.isr_vector     0x08000000      0x10c
                0x08000000                . = ALIGN (0x4)
 *(.isr_vector)
 .isr_vector    0x08000000      0x10c C:\ride_project\FlollowtheSunshine\Mango-M32\obj\startup_stm32f10x_md.o
                0x08000000                g_pfnVectors
                0x0800010c                . = ALIGN (0x4)

.flash_start    0x00000000        0x0
                0x00000000                . = ALIGN (0x4)
 *(.flash_start)
 *(.flash_start.*)
                0x00000000                . = ALIGN (0x4)

.crp_patch      0x00000000        0x0
                0x00000000                . = ALIGN (0x4)
 *(.crp_patch)
                0x00000000                . = ALIGN (0x4)

.flashtext      0x0800010c        0x0
                0x0800010c                . = ALIGN (0x4)
 *(.flashtext)
                0x0800010c                . = ALIGN (0x4)

.text           0x0800010c      0xc38
                0x0800010c                . = ALIGN (0x4)
 *(.text)
 *(.text.*)
 .text.main     0x0800010c       0xfc C:\ride_project\FlollowtheSunshine\Mango-M32\obj\main.o
                0x0800010c                main
 .text.delay_int_count
                0x08000208       0x18 C:\ride_project\FlollowtheSunshine\Mango-M32\obj\delay.o
 .text.delay_ms
                0x08000220       0x1c C:\ride_project\FlollowtheSunshine\Mango-M32\obj\delay.o
                0x08000220                delay_ms
 .text.NMI_Handler
                0x0800023c        0x4 C:\ride_project\FlollowtheSunshine\Mango-M32\obj\stm32f10x_it.o
                0x0800023c                NMI_Handler
 .text.HardFault_Handler
                0x08000240        0x4 C:\ride_project\FlollowtheSunshine\Mango-M32\obj\stm32f10x_it.o
                0x08000240                HardFault_Handler
 .text.MemManage_Handler
                0x08000244        0x4 C:\ride_project\FlollowtheSunshine\Mango-M32\obj\stm32f10x_it.o
                0x08000244                MemManage_Handler
 .text.BusFault_Handler
                0x08000248        0x4 C:\ride_project\FlollowtheSunshine\Mango-M32\obj\stm32f10x_it.o
                0x08000248                BusFault_Handler
 .text.UsageFault_Handler
                0x0800024c        0x4 C:\ride_project\FlollowtheSunshine\Mango-M32\obj\stm32f10x_it.o
                0x0800024c                UsageFault_Handler
 .text.DebugMon_Handler
                0x08000250        0x4 C:\ride_project\FlollowtheSunshine\Mango-M32\obj\stm32f10x_it.o
                0x08000250                DebugMon_Handler
 .text.SVC_Handler
                0x08000254        0x4 C:\ride_project\FlollowtheSunshine\Mango-M32\obj\stm32f10x_it.o
                0x08000254                SVC_Handler
 .text.PendSV_Handler
                0x08000258        0x4 C:\ride_project\FlollowtheSunshine\Mango-M32\obj\stm32f10x_it.o
                0x08000258                PendSV_Handler
 .text.SysTick_Handler
                0x0800025c        0x4 C:\ride_project\FlollowtheSunshine\Mango-M32\obj\stm32f10x_it.o
                0x0800025c                SysTick_Handler
 .text.TIM3_IRQHandler
                0x08000260       0x64 C:\ride_project\FlollowtheSunshine\Mango-M32\obj\stm32f10x_it.o
                0x08000260                TIM3_IRQHandler
 .text.TIM2_IRQHandler
                0x080002c4       0x54 C:\ride_project\FlollowtheSunshine\Mango-M32\obj\stm32f10x_it.o
                0x080002c4                TIM2_IRQHandler
 .text.SystemInit
                0x08000318      0x100 C:\ride_project\FlollowtheSunshine\Mango-M32\obj\system_stm32f10x.o
                0x08000318                SystemInit
 .text.Reset_Handler
                0x08000418       0x44 C:\ride_project\FlollowtheSunshine\Mango-M32\obj\startup_stm32f10x_md.o
                0x08000418                Reset_Handler
 .text.Default_Handler
                0x0800045c        0x2 C:\ride_project\FlollowtheSunshine\Mango-M32\obj\startup_stm32f10x_md.o
                0x0800045c                EXTI2_IRQHandler
                0x0800045c                TIM1_CC_IRQHandler
                0x0800045c                PVD_IRQHandler
                0x0800045c                EXTI3_IRQHandler
                0x0800045c                EXTI0_IRQHandler
                0x0800045c                I2C2_EV_IRQHandler
                0x0800045c                ADC1_2_IRQHandler
                0x0800045c                SPI1_IRQHandler
                0x0800045c                TAMPER_IRQHandler
                0x0800045c                DMA1_Channel4_IRQHandler
                0x0800045c                USART3_IRQHandler
                0x0800045c                RTC_IRQHandler
                0x0800045c                DMA1_Channel7_IRQHandler
                0x0800045c                CAN1_RX1_IRQHandler
                0x0800045c                TIM4_IRQHandler
                0x0800045c                I2C1_EV_IRQHandler
                0x0800045c                DMA1_Channel6_IRQHandler
                0x0800045c                RCC_IRQHandler
                0x0800045c                TIM1_TRG_COM_IRQHandler
                0x0800045c                DMA1_Channel1_IRQHandler
                0x0800045c                Default_Handler
                0x0800045c                EXTI15_10_IRQHandler
                0x0800045c                EXTI9_5_IRQHandler
                0x0800045c                SPI2_IRQHandler
                0x0800045c                DMA1_Channel5_IRQHandler
                0x0800045c                EXTI4_IRQHandler
                0x0800045c                USB_LP_CAN1_RX0_IRQHandler
                0x0800045c                USB_HP_CAN1_TX_IRQHandler
                0x0800045c                DMA1_Channel3_IRQHandler
                0x0800045c                TIM1_UP_IRQHandler
                0x0800045c                WWDG_IRQHandler
                0x0800045c                TIM1_BRK_IRQHandler
                0x0800045c                EXTI1_IRQHandler
                0x0800045c                RTCAlarm_IRQHandler
                0x0800045c                USART2_IRQHandler
                0x0800045c                I2C2_ER_IRQHandler
                0x0800045c                DMA1_Channel2_IRQHandler
                0x0800045c                CAN1_SCE_IRQHandler
                0x0800045c                FLASH_IRQHandler
                0x0800045c                USART1_IRQHandler
                0x0800045c                I2C1_ER_IRQHandler
                0x0800045c                USBWakeUp_IRQHandler
 *fill*         0x0800045e        0x2 00
 .text.TIM_TimeBaseInit
                0x08000460       0xa0 C:\ride_project\FlollowtheSunshine\Mango-M32\obj\stm32f10x_tim.o
                0x08000460                TIM_TimeBaseInit
 .text.TIM_OC1Init
                0x08000500       0xa0 C:\ride_project\FlollowtheSunshine\Mango-M32\obj\stm32f10x_tim.o
                0x08000500                TIM_OC1Init
 .text.TIM_OC2Init
                0x080005a0       0x9c C:\ride_project\FlollowtheSunshine\Mango-M32\obj\stm32f10x_tim.o
                0x080005a0                TIM_OC2Init
 .text.TIM_OC3Init
                0x0800063c       0x98 C:\ride_project\FlollowtheSunshine\Mango-M32\obj\stm32f10x_tim.o
                0x0800063c                TIM_OC3Init
 .text.TIM_Cmd  0x080006d4       0x1c C:\ride_project\FlollowtheSunshine\Mango-M32\obj\stm32f10x_tim.o
                0x080006d4                TIM_Cmd
 .text.TIM_OC1PreloadConfig
                0x080006f0       0x10 C:\ride_project\FlollowtheSunshine\Mango-M32\obj\stm32f10x_tim.o
                0x080006f0                TIM_OC1PreloadConfig
 .text.TIM_ClearITPendingBit
                0x08000700        0x8 C:\ride_project\FlollowtheSunshine\Mango-M32\obj\stm32f10x_tim.o
                0x08000700                TIM_ClearITPendingBit
 .text.GPIO_Init
                0x08000708       0xa8 C:\ride_project\FlollowtheSunshine\Mango-M32\obj\stm32f10x_gpio.o
                0x08000708                GPIO_Init
 .text.GPIO_SetBits
                0x080007b0        0x4 C:\ride_project\FlollowtheSunshine\Mango-M32\obj\stm32f10x_gpio.o
                0x080007b0                GPIO_SetBits
 .text.GPIO_ResetBits
                0x080007b4        0x4 C:\ride_project\FlollowtheSunshine\Mango-M32\obj\stm32f10x_gpio.o
                0x080007b4                GPIO_ResetBits
 .text.GPIO_WriteBit
                0x080007b8        0xc C:\ride_project\FlollowtheSunshine\Mango-M32\obj\stm32f10x_gpio.o
                0x080007b8                GPIO_WriteBit
 .text.USART_Cmd
                0x080007c4       0x1c C:\ride_project\FlollowtheSunshine\Mango-M32\obj\stm32f10x_usart.o
                0x080007c4                USART_Cmd
 .text.USART_SendData
                0x080007e0        0x8 C:\ride_project\FlollowtheSunshine\Mango-M32\obj\stm32f10x_usart.o
                0x080007e0                USART_SendData
 .text.USART_GetFlagStatus
                0x080007e8        0xc C:\ride_project\FlollowtheSunshine\Mango-M32\obj\stm32f10x_usart.o
                0x080007e8                USART_GetFlagStatus
 .text.USART_Init
                0x080007f4       0xb4 C:\ride_project\FlollowtheSunshine\Mango-M32\obj\stm32f10x_usart.o
                0x080007f4                USART_Init
 .text.ADC_Init
                0x080008a8       0x48 C:\ride_project\FlollowtheSunshine\Mango-M32\obj\stm32f10x_adc.o
                0x080008a8                ADC_Init
 .text.ADC_Cmd  0x080008f0       0x14 C:\ride_project\FlollowtheSunshine\Mango-M32\obj\stm32f10x_adc.o
                0x080008f0                ADC_Cmd
 .text.ADC_ResetCalibration
                0x08000904        0xc C:\ride_project\FlollowtheSunshine\Mango-M32\obj\stm32f10x_adc.o
                0x08000904                ADC_ResetCalibration
 .text.ADC_GetResetCalibrationStatus
                0x08000910        0x8 C:\ride_project\FlollowtheSunshine\Mango-M32\obj\stm32f10x_adc.o
                0x08000910                ADC_GetResetCalibrationStatus
 .text.ADC_StartCalibration
                0x08000918        0xc C:\ride_project\FlollowtheSunshine\Mango-M32\obj\stm32f10x_adc.o
                0x08000918                ADC_StartCalibration
 .text.ADC_GetCalibrationStatus
                0x08000924        0x8 C:\ride_project\FlollowtheSunshine\Mango-M32\obj\stm32f10x_adc.o
                0x08000924                ADC_GetCalibrationStatus
 .text.ADC_RegularChannelConfig
                0x0800092c       0x9c C:\ride_project\FlollowtheSunshine\Mango-M32\obj\stm32f10x_adc.o
                0x0800092c                ADC_RegularChannelConfig
 .text.RCC_GetClocksFreq
                0x080009c8       0x98 C:\ride_project\FlollowtheSunshine\Mango-M32\obj\stm32f10x_rcc.o
                0x080009c8                RCC_GetClocksFreq
 .text.RCC_APB2PeriphClockCmd
                0x08000a60       0x1c C:\ride_project\FlollowtheSunshine\Mango-M32\obj\stm32f10x_rcc.o
                0x08000a60                RCC_APB2PeriphClockCmd
 .text.RCC_APB1PeriphClockCmd
                0x08000a7c       0x1c C:\ride_project\FlollowtheSunshine\Mango-M32\obj\stm32f10x_rcc.o
                0x08000a7c                RCC_APB1PeriphClockCmd
 .text.__io_putchar
                0x08000a98       0x20 C:\ride_project\FlollowtheSunshine\Mango-M32\obj\usart3.o
                0x08000a98                __io_putchar
 .text.initUSART3
                0x08000ab8       0x80 C:\ride_project\FlollowtheSunshine\Mango-M32\obj\usart3.o
                0x08000ab8                initUSART3
 .text.toggleMotorDirection
                0x08000b38       0x20 C:\ride_project\FlollowtheSunshine\Mango-M32\obj\motor_control.o
                0x08000b38                toggleMotorDirection
 .text.setMotorSpeedByIndex
                0x08000b58       0x38 C:\ride_project\FlollowtheSunshine\Mango-M32\obj\motor_control.o
                0x08000b58                setMotorSpeedByIndex
 .text.initMotor
                0x08000b90       0xfc C:\ride_project\FlollowtheSunshine\Mango-M32\obj\motor_control.o
                0x08000b90                initMotor
 .text.initSoilMoistureSensor
                0x08000c8c       0xb4 C:\ride_project\FlollowtheSunshine\Mango-M32\obj\soil_moisture_sensor.o
                0x08000c8c                initSoilMoistureSensor
 .text._write   0x08000d40        0x4 C:\Program Files (x86)\Raisonance\Ride\Lib\ARM\std_sbrk_thumb.lib(write.o)
                0x08000d40                _write
 *(.rodata)
 *(.rodata*)
 *(.glue_7)
 .glue_7        0x08000d44        0x0 C:\ride_project\FlollowtheSunshine\Mango-M32\obj\main.o
 .glue_7        0x08000d44        0x0 C:\ride_project\FlollowtheSunshine\Mango-M32\obj\delay.o
 .glue_7        0x08000d44        0x0 C:\ride_project\FlollowtheSunshine\Mango-M32\obj\stm32f10x_it.o
 .glue_7        0x08000d44        0x0 C:\ride_project\FlollowtheSunshine\Mango-M32\obj\system_stm32f10x.o
 .glue_7        0x08000d44        0x0 C:\ride_project\FlollowtheSunshine\Mango-M32\obj\startup_stm32f10x_md.o
 .glue_7        0x08000d44        0x0 C:\ride_project\FlollowtheSunshine\Mango-M32\obj\misc.o
 .glue_7        0x08000d44        0x0 C:\ride_project\FlollowtheSunshine\Mango-M32\obj\stm32f10x_flash.o
 .glue_7        0x08000d44        0x0 C:\ride_project\FlollowtheSunshine\Mango-M32\obj\stm32f10x_tim.o
 .glue_7        0x08000d44        0x0 C:\ride_project\FlollowtheSunshine\Mango-M32\obj\stm32f10x_gpio.o
 .glue_7        0x08000d44        0x0 C:\ride_project\FlollowtheSunshine\Mango-M32\obj\stm32f10x_usart.o
 .glue_7        0x08000d44        0x0 C:\ride_project\FlollowtheSunshine\Mango-M32\obj\stm32f10x_adc.o
 .glue_7        0x08000d44        0x0 C:\ride_project\FlollowtheSunshine\Mango-M32\obj\stm32f10x_rcc.o
 .glue_7        0x08000d44        0x0 C:\ride_project\FlollowtheSunshine\Mango-M32\obj\usart3.o
 .glue_7        0x08000d44        0x0 C:\ride_project\FlollowtheSunshine\Mango-M32\obj\motor_control.o
 .glue_7        0x08000d44        0x0 C:\ride_project\FlollowtheSunshine\Mango-M32\obj\soil_moisture_sensor.o
 .glue_7        0x08000d44        0x0 C:\ride_project\FlollowtheSunshine\Mango-M32\obj\cds_sensor.o
 .glue_7        0x08000d44        0x0 C:\Program Files (x86)\Raisonance\Ride\Lib\ARM\std_sbrk_thumb.lib(write.o)
 *(.glue_7t)
 .glue_7t       0x08000d44        0x0 C:\ride_project\FlollowtheSunshine\Mango-M32\obj\main.o
 .glue_7t       0x08000d44        0x0 C:\ride_project\FlollowtheSunshine\Mango-M32\obj\delay.o
 .glue_7t       0x08000d44        0x0 C:\ride_project\FlollowtheSunshine\Mango-M32\obj\stm32f10x_it.o
 .glue_7t       0x08000d44        0x0 C:\ride_project\FlollowtheSunshine\Mango-M32\obj\system_stm32f10x.o
 .glue_7t       0x08000d44        0x0 C:\ride_project\FlollowtheSunshine\Mango-M32\obj\startup_stm32f10x_md.o
 .glue_7t       0x08000d44        0x0 C:\ride_project\FlollowtheSunshine\Mango-M32\obj\misc.o
 .glue_7t       0x08000d44        0x0 C:\ride_project\FlollowtheSunshine\Mango-M32\obj\stm32f10x_flash.o
 .glue_7t       0x08000d44        0x0 C:\ride_project\FlollowtheSunshine\Mango-M32\obj\stm32f10x_tim.o
 .glue_7t       0x08000d44        0x0 C:\ride_project\FlollowtheSunshine\Mango-M32\obj\stm32f10x_gpio.o
 .glue_7t       0x08000d44        0x0 C:\ride_project\FlollowtheSunshine\Mango-M32\obj\stm32f10x_usart.o
 .glue_7t       0x08000d44        0x0 C:\ride_project\FlollowtheSunshine\Mango-M32\obj\stm32f10x_adc.o
 .glue_7t       0x08000d44        0x0 C:\ride_project\FlollowtheSunshine\Mango-M32\obj\stm32f10x_rcc.o
 .glue_7t       0x08000d44        0x0 C:\ride_project\FlollowtheSunshine\Mango-M32\obj\usart3.o
 .glue_7t       0x08000d44        0x0 C:\ride_project\FlollowtheSunshine\Mango-M32\obj\motor_control.o
 .glue_7t       0x08000d44        0x0 C:\ride_project\FlollowtheSunshine\Mango-M32\obj\soil_moisture_sensor.o
 .glue_7t       0x08000d44        0x0 C:\ride_project\FlollowtheSunshine\Mango-M32\obj\cds_sensor.o
 .glue_7t       0x08000d44        0x0 C:\Program Files (x86)\Raisonance\Ride\Lib\ARM\std_sbrk_thumb.lib(write.o)
                0x08000d44                . = ALIGN (0x4)
                0x08000d44                _etext = .
                0x08000d44                _sidata = _etext

.vfp11_veneer   0x20000000        0x0
 .vfp11_veneer  0x20000000        0x0 C:\ride_project\FlollowtheSunshine\Mango-M32\obj\main.o
 .vfp11_veneer  0x20000000        0x0 C:\ride_project\FlollowtheSunshine\Mango-M32\obj\delay.o
 .vfp11_veneer  0x20000000        0x0 C:\ride_project\FlollowtheSunshine\Mango-M32\obj\stm32f10x_it.o
 .vfp11_veneer  0x20000000        0x0 C:\ride_project\FlollowtheSunshine\Mango-M32\obj\system_stm32f10x.o
 .vfp11_veneer  0x20000000        0x0 C:\ride_project\FlollowtheSunshine\Mango-M32\obj\startup_stm32f10x_md.o
 .vfp11_veneer  0x20000000        0x0 C:\ride_project\FlollowtheSunshine\Mango-M32\obj\misc.o
 .vfp11_veneer  0x20000000        0x0 C:\ride_project\FlollowtheSunshine\Mango-M32\obj\stm32f10x_flash.o
 .vfp11_veneer  0x20000000        0x0 C:\ride_project\FlollowtheSunshine\Mango-M32\obj\stm32f10x_tim.o
 .vfp11_veneer  0x20000000        0x0 C:\ride_project\FlollowtheSunshine\Mango-M32\obj\stm32f10x_gpio.o
 .vfp11_veneer  0x20000000        0x0 C:\ride_project\FlollowtheSunshine\Mango-M32\obj\stm32f10x_usart.o
 .vfp11_veneer  0x20000000        0x0 C:\ride_project\FlollowtheSunshine\Mango-M32\obj\stm32f10x_adc.o
 .vfp11_veneer  0x20000000        0x0 C:\ride_project\FlollowtheSunshine\Mango-M32\obj\stm32f10x_rcc.o
 .vfp11_veneer  0x20000000        0x0 C:\ride_project\FlollowtheSunshine\Mango-M32\obj\usart3.o
 .vfp11_veneer  0x20000000        0x0 C:\ride_project\FlollowtheSunshine\Mango-M32\obj\motor_control.o
 .vfp11_veneer  0x20000000        0x0 C:\ride_project\FlollowtheSunshine\Mango-M32\obj\soil_moisture_sensor.o
 .vfp11_veneer  0x20000000        0x0 C:\ride_project\FlollowtheSunshine\Mango-M32\obj\cds_sensor.o
 .vfp11_veneer  0x20000000        0x0 C:\Program Files (x86)\Raisonance\Ride\Lib\ARM\std_sbrk_thumb.lib(write.o)

.janus_2cc_veneer
                0x20000000        0x0
 .janus_2cc_veneer
                0x20000000        0x0 C:\ride_project\FlollowtheSunshine\Mango-M32\obj\main.o
 .janus_2cc_veneer
                0x20000000        0x0 C:\ride_project\FlollowtheSunshine\Mango-M32\obj\delay.o
 .janus_2cc_veneer
                0x20000000        0x0 C:\ride_project\FlollowtheSunshine\Mango-M32\obj\stm32f10x_it.o
 .janus_2cc_veneer
                0x20000000        0x0 C:\ride_project\FlollowtheSunshine\Mango-M32\obj\system_stm32f10x.o
 .janus_2cc_veneer
                0x20000000        0x0 C:\ride_project\FlollowtheSunshine\Mango-M32\obj\startup_stm32f10x_md.o
 .janus_2cc_veneer
                0x20000000        0x0 C:\ride_project\FlollowtheSunshine\Mango-M32\obj\misc.o
 .janus_2cc_veneer
                0x20000000        0x0 C:\ride_project\FlollowtheSunshine\Mango-M32\obj\stm32f10x_flash.o
 .janus_2cc_veneer
                0x20000000        0x0 C:\ride_project\FlollowtheSunshine\Mango-M32\obj\stm32f10x_tim.o
 .janus_2cc_veneer
                0x20000000        0x0 C:\ride_project\FlollowtheSunshine\Mango-M32\obj\stm32f10x_gpio.o
 .janus_2cc_veneer
                0x20000000        0x0 C:\ride_project\FlollowtheSunshine\Mango-M32\obj\stm32f10x_usart.o
 .janus_2cc_veneer
                0x20000000        0x0 C:\ride_project\FlollowtheSunshine\Mango-M32\obj\stm32f10x_adc.o
 .janus_2cc_veneer
                0x20000000        0x0 C:\ride_project\FlollowtheSunshine\Mango-M32\obj\stm32f10x_rcc.o
 .janus_2cc_veneer
                0x20000000        0x0 C:\ride_project\FlollowtheSunshine\Mango-M32\obj\usart3.o
 .janus_2cc_veneer
                0x20000000        0x0 C:\ride_project\FlollowtheSunshine\Mango-M32\obj\motor_control.o
 .janus_2cc_veneer
                0x20000000        0x0 C:\ride_project\FlollowtheSunshine\Mango-M32\obj\soil_moisture_sensor.o
 .janus_2cc_veneer
                0x20000000        0x0 C:\ride_project\FlollowtheSunshine\Mango-M32\obj\cds_sensor.o
 .janus_2cc_veneer
                0x20000000        0x0 C:\Program Files (x86)\Raisonance\Ride\Lib\ARM\std_sbrk_thumb.lib(write.o)

.v4_bx          0x20000000        0x0
 .v4_bx         0x20000000        0x0 C:\ride_project\FlollowtheSunshine\Mango-M32\obj\main.o
 .v4_bx         0x20000000        0x0 C:\ride_project\FlollowtheSunshine\Mango-M32\obj\delay.o
 .v4_bx         0x20000000        0x0 C:\ride_project\FlollowtheSunshine\Mango-M32\obj\stm32f10x_it.o
 .v4_bx         0x20000000        0x0 C:\ride_project\FlollowtheSunshine\Mango-M32\obj\system_stm32f10x.o
 .v4_bx         0x20000000        0x0 C:\ride_project\FlollowtheSunshine\Mango-M32\obj\startup_stm32f10x_md.o
 .v4_bx         0x20000000        0x0 C:\ride_project\FlollowtheSunshine\Mango-M32\obj\misc.o
 .v4_bx         0x20000000        0x0 C:\ride_project\FlollowtheSunshine\Mango-M32\obj\stm32f10x_flash.o
 .v4_bx         0x20000000        0x0 C:\ride_project\FlollowtheSunshine\Mango-M32\obj\stm32f10x_tim.o
 .v4_bx         0x20000000        0x0 C:\ride_project\FlollowtheSunshine\Mango-M32\obj\stm32f10x_gpio.o
 .v4_bx         0x20000000        0x0 C:\ride_project\FlollowtheSunshine\Mango-M32\obj\stm32f10x_usart.o
 .v4_bx         0x20000000        0x0 C:\ride_project\FlollowtheSunshine\Mango-M32\obj\stm32f10x_adc.o
 .v4_bx         0x20000000        0x0 C:\ride_project\FlollowtheSunshine\Mango-M32\obj\stm32f10x_rcc.o
 .v4_bx         0x20000000        0x0 C:\ride_project\FlollowtheSunshine\Mango-M32\obj\usart3.o
 .v4_bx         0x20000000        0x0 C:\ride_project\FlollowtheSunshine\Mango-M32\obj\motor_control.o
 .v4_bx         0x20000000        0x0 C:\ride_project\FlollowtheSunshine\Mango-M32\obj\soil_moisture_sensor.o
 .v4_bx         0x20000000        0x0 C:\ride_project\FlollowtheSunshine\Mango-M32\obj\cds_sensor.o
 .v4_bx         0x20000000        0x0 C:\Program Files (x86)\Raisonance\Ride\Lib\ARM\std_sbrk_thumb.lib(write.o)

.flashpatch     0x00000000        0x0
                0x00000000                . = ALIGN (0x4)
 *(.flashpatch)
                0x00000000                . = ALIGN (0x4)

.endflash       0x00000000        0x0
                0x00000000                . = ALIGN (0x4)
 *(.endflash)
                0x00000000                . = ALIGN (0x4)
                0x00000000                _e_endflash = .

.data           0x20000000       0x28 load address 0x08000d44
                0x20000000                . = ALIGN (0x4)
                0x20000000                _sdata = .
                0x20000000                _data = .
 *(.data)
 .data          0x20000000       0x14 C:\ride_project\FlollowtheSunshine\Mango-M32\obj\system_stm32f10x.o
                0x20000000                SystemCoreClock
                0x20000004                AHBPrescTable
 .data          0x20000014       0x14 C:\ride_project\FlollowtheSunshine\Mango-M32\obj\stm32f10x_rcc.o
 *(.data.*)
 *(.RAMtext)
                0x20000028                . = ALIGN (0x4)
                0x20000028                _edata = .
                0x08000d6c                _eidata = ((_sidata + _edata) - _sdata)
                0x08020000                _lastdataromaddress = 0x8020000
                0x00000000                toobig = (_eidata > _lastdataromaddress)?!!!!!!!!! FLASH IS FULL !!!!!!!!!:0x0

.bss            0x20000028       0x28 load address 0x08000d6c
                0x20000028                . = ALIGN (0x4)
                0x20000028                _sbss = .
                0x20000028                _bss = .
 *(.bss)
 .bss           0x20000028        0xc C:\ride_project\FlollowtheSunshine\Mango-M32\obj\stm32f10x_it.o
                0x20000028                count_2
                0x2000002c                count
                0x20000030                capture
 *(COMMON)
 COMMON         0x20000034       0x1a C:\ride_project\FlollowtheSunshine\Mango-M32\obj\main.o
                0x20000034                TIM_TimeBaseStructure_PWM
                0x2000003e                TIM_OCInitStructure_PWM
                0x20000050                . = ALIGN (0x4)
 *fill*         0x2000004e        0x2 00
                0x20000050                _ebss = .
                0x20000050                PROVIDE (end, _ebss)
                0x20000050                PROVIDE (_end, _ebss)

._usrstack      0x20000050      0x100 load address 0x08000d94
                0x20000050                . = ALIGN (0x4)
                0x20000050                _susrstack = .
                0x20000150                . = (. + _Minimum_Stack_Size)
 *fill*         0x20000050      0x100 00
                0x20000150                . = ALIGN (0x4)
                0x20000150                _eusrstack = .

.b1text
 *(.b1text)
 *(.b1rodata)
 *(.b1rodata*)

.eb0text
 *(.eb0text)
 *(.eb0rodata)
 *(.eb0rodata*)

.eb1text
 *(.eb1text)
 *(.eb1rodata)
 *(.eb1rodata*)

.eb2text
 *(.eb2text)
 *(.eb2rodata)
 *(.eb2rodata*)

.eb3text
 *(.eb3text)
 *(.eb3rodata)
 *(.eb3rodata*)
                0x20000150                __exidx_start = .
                0x20000150                __exidx_end = .

/DISCARD/
 libc.a(*)
 libm.a(*)
 libgcc.a(*)

.stab
 *(.stab)

.stabstr
 *(.stabstr)

.stab.excl
 *(.stab.excl)

.stab.exclstr
 *(.stab.exclstr)

.stab.index
 *(.stab.index)

.stab.indexstr
 *(.stab.indexstr)

.comment        0x00000000      0x2a0
 *(.comment)
 .comment       0x00000000       0x2a C:\ride_project\FlollowtheSunshine\Mango-M32\obj\main.o
 .comment       0x0000002a       0x2a C:\ride_project\FlollowtheSunshine\Mango-M32\obj\delay.o
 .comment       0x00000054       0x2a C:\ride_project\FlollowtheSunshine\Mango-M32\obj\stm32f10x_it.o
 .comment       0x0000007e       0x2a C:\ride_project\FlollowtheSunshine\Mango-M32\obj\system_stm32f10x.o
 .comment       0x000000a8       0x2a C:\ride_project\FlollowtheSunshine\Mango-M32\obj\misc.o
 .comment       0x000000d2       0x2a C:\ride_project\FlollowtheSunshine\Mango-M32\obj\stm32f10x_flash.o
 .comment       0x000000fc       0x2a C:\ride_project\FlollowtheSunshine\Mango-M32\obj\stm32f10x_tim.o
 .comment       0x00000126       0x2a C:\ride_project\FlollowtheSunshine\Mango-M32\obj\stm32f10x_gpio.o
 .comment       0x00000150       0x2a C:\ride_project\FlollowtheSunshine\Mango-M32\obj\stm32f10x_usart.o
 .comment       0x0000017a       0x2a C:\ride_project\FlollowtheSunshine\Mango-M32\obj\stm32f10x_adc.o
 .comment       0x000001a4       0x2a C:\ride_project\FlollowtheSunshine\Mango-M32\obj\stm32f10x_rcc.o
 .comment       0x000001ce       0x2a C:\ride_project\FlollowtheSunshine\Mango-M32\obj\usart3.o
 .comment       0x000001f8       0x2a C:\ride_project\FlollowtheSunshine\Mango-M32\obj\motor_control.o
 .comment       0x00000222       0x2a C:\ride_project\FlollowtheSunshine\Mango-M32\obj\soil_moisture_sensor.o
 .comment       0x0000024c       0x2a C:\ride_project\FlollowtheSunshine\Mango-M32\obj\cds_sensor.o
 .comment       0x00000276       0x2a C:\Program Files (x86)\Raisonance\Ride\Lib\ARM\std_sbrk_thumb.lib(write.o)

.debug
 *(.debug)

.line
 *(.line)

.debug_srcinfo
 *(.debug_srcinfo)

.debug_sfnames
 *(.debug_sfnames)

.debug_aranges  0x00000000      0x9a8
 *(.debug_aranges)
 .debug_aranges
                0x00000000       0x20 C:\ride_project\FlollowtheSunshine\Mango-M32\obj\main.o
 .debug_aranges
                0x00000020       0x38 C:\ride_project\FlollowtheSunshine\Mango-M32\obj\delay.o
 .debug_aranges
                0x00000058       0x70 C:\ride_project\FlollowtheSunshine\Mango-M32\obj\stm32f10x_it.o
 .debug_aranges
                0x000000c8       0x28 C:\ride_project\FlollowtheSunshine\Mango-M32\obj\system_stm32f10x.o
 .debug_aranges
                0x000000f0       0x40 C:\ride_project\FlollowtheSunshine\Mango-M32\obj\misc.o
 .debug_aranges
                0x00000130       0xf8 C:\ride_project\FlollowtheSunshine\Mango-M32\obj\stm32f10x_flash.o
 .debug_aranges
                0x00000228      0x2e0 C:\ride_project\FlollowtheSunshine\Mango-M32\obj\stm32f10x_tim.o
 .debug_aranges
                0x00000508       0xa8 C:\ride_project\FlollowtheSunshine\Mango-M32\obj\stm32f10x_gpio.o
 .debug_aranges
                0x000005b0      0x100 C:\ride_project\FlollowtheSunshine\Mango-M32\obj\stm32f10x_usart.o
 .debug_aranges
                0x000006b0      0x138 C:\ride_project\FlollowtheSunshine\Mango-M32\obj\stm32f10x_adc.o
 .debug_aranges
                0x000007e8      0x118 C:\ride_project\FlollowtheSunshine\Mango-M32\obj\stm32f10x_rcc.o
 .debug_aranges
                0x00000900       0x28 C:\ride_project\FlollowtheSunshine\Mango-M32\obj\usart3.o
 .debug_aranges
                0x00000928       0x30 C:\ride_project\FlollowtheSunshine\Mango-M32\obj\motor_control.o
 .debug_aranges
                0x00000958       0x28 C:\ride_project\FlollowtheSunshine\Mango-M32\obj\soil_moisture_sensor.o
 .debug_aranges
                0x00000980       0x28 C:\ride_project\FlollowtheSunshine\Mango-M32\obj\cds_sensor.o

.debug_pubnames
                0x00000000     0x1959
 *(.debug_pubnames)
 .debug_pubnames
                0x00000000       0x55 C:\ride_project\FlollowtheSunshine\Mango-M32\obj\main.o
 .debug_pubnames
                0x00000055       0x38 C:\ride_project\FlollowtheSunshine\Mango-M32\obj\delay.o
 .debug_pubnames
                0x0000008d      0x110 C:\ride_project\FlollowtheSunshine\Mango-M32\obj\stm32f10x_it.o
 .debug_pubnames
                0x0000019d       0x61 C:\ride_project\FlollowtheSunshine\Mango-M32\obj\system_stm32f10x.o
 .debug_pubnames
                0x000001fe       0x89 C:\ride_project\FlollowtheSunshine\Mango-M32\obj\misc.o
 .debug_pubnames
                0x00000287      0x2f2 C:\ride_project\FlollowtheSunshine\Mango-M32\obj\stm32f10x_flash.o
 .debug_pubnames
                0x00000579      0x7b0 C:\ride_project\FlollowtheSunshine\Mango-M32\obj\stm32f10x_tim.o
 .debug_pubnames
                0x00000d29      0x19d C:\ride_project\FlollowtheSunshine\Mango-M32\obj\stm32f10x_gpio.o
 .debug_pubnames
                0x00000ec6      0x294 C:\ride_project\FlollowtheSunshine\Mango-M32\obj\stm32f10x_usart.o
 .debug_pubnames
                0x0000115a      0x401 C:\ride_project\FlollowtheSunshine\Mango-M32\obj\stm32f10x_adc.o
 .debug_pubnames
                0x0000155b      0x2c4 C:\ride_project\FlollowtheSunshine\Mango-M32\obj\stm32f10x_rcc.o
 .debug_pubnames
                0x0000181f       0x32 C:\ride_project\FlollowtheSunshine\Mango-M32\obj\usart3.o
 .debug_pubnames
                0x00001851       0x8c C:\ride_project\FlollowtheSunshine\Mango-M32\obj\motor_control.o
 .debug_pubnames
                0x000018dd       0x47 C:\ride_project\FlollowtheSunshine\Mango-M32\obj\soil_moisture_sensor.o
 .debug_pubnames
                0x00001924       0x35 C:\ride_project\FlollowtheSunshine\Mango-M32\obj\cds_sensor.o

.debug_info     0x00000000     0x767f
 *(.debug_info .gnu.linkonce.wi.*)
 .debug_info    0x00000000      0x847 C:\ride_project\FlollowtheSunshine\Mango-M32\obj\main.o
 .debug_info    0x00000847      0x15f C:\ride_project\FlollowtheSunshine\Mango-M32\obj\delay.o
 .debug_info    0x000009a6      0x481 C:\ride_project\FlollowtheSunshine\Mango-M32\obj\stm32f10x_it.o
 .debug_info    0x00000e27      0x462 C:\ride_project\FlollowtheSunshine\Mango-M32\obj\system_stm32f10x.o
 .debug_info    0x00001289      0x507 C:\ride_project\FlollowtheSunshine\Mango-M32\obj\misc.o
 .debug_info    0x00001790      0x7f3 C:\ride_project\FlollowtheSunshine\Mango-M32\obj\stm32f10x_flash.o
 .debug_info    0x00001f83     0x1da6 C:\ride_project\FlollowtheSunshine\Mango-M32\obj\stm32f10x_tim.o
 .debug_info    0x00003d29      0x6cd C:\ride_project\FlollowtheSunshine\Mango-M32\obj\stm32f10x_gpio.o
 .debug_info    0x000043f6      0x9ff C:\ride_project\FlollowtheSunshine\Mango-M32\obj\stm32f10x_usart.o
 .debug_info    0x00004df5      0xb92 C:\ride_project\FlollowtheSunshine\Mango-M32\obj\stm32f10x_adc.o
 .debug_info    0x00005987      0x888 C:\ride_project\FlollowtheSunshine\Mango-M32\obj\stm32f10x_rcc.o
 .debug_info    0x0000620f      0x43c C:\ride_project\FlollowtheSunshine\Mango-M32\obj\usart3.o
 .debug_info    0x0000664b      0x6e2 C:\ride_project\FlollowtheSunshine\Mango-M32\obj\motor_control.o
 .debug_info    0x00006d2d      0x4c7 C:\ride_project\FlollowtheSunshine\Mango-M32\obj\soil_moisture_sensor.o
 .debug_info    0x000071f4      0x48b C:\ride_project\FlollowtheSunshine\Mango-M32\obj\cds_sensor.o

.debug_abbrev   0x00000000     0x167f
 *(.debug_abbrev)
 .debug_abbrev  0x00000000      0x124 C:\ride_project\FlollowtheSunshine\Mango-M32\obj\main.o
 .debug_abbrev  0x00000124       0xc0 C:\ride_project\FlollowtheSunshine\Mango-M32\obj\delay.o
 .debug_abbrev  0x000001e4       0xbe C:\ride_project\FlollowtheSunshine\Mango-M32\obj\stm32f10x_it.o
 .debug_abbrev  0x000002a2      0x198 C:\ride_project\FlollowtheSunshine\Mango-M32\obj\system_stm32f10x.o
 .debug_abbrev  0x0000043a      0x15a C:\ride_project\FlollowtheSunshine\Mango-M32\obj\misc.o
 .debug_abbrev  0x00000594      0x1af C:\ride_project\FlollowtheSunshine\Mango-M32\obj\stm32f10x_flash.o
 .debug_abbrev  0x00000743      0x24e C:\ride_project\FlollowtheSunshine\Mango-M32\obj\stm32f10x_tim.o
 .debug_abbrev  0x00000991      0x20b C:\ride_project\FlollowtheSunshine\Mango-M32\obj\stm32f10x_gpio.o
 .debug_abbrev  0x00000b9c      0x1ce C:\ride_project\FlollowtheSunshine\Mango-M32\obj\stm32f10x_usart.o
 .debug_abbrev  0x00000d6a      0x1f4 C:\ride_project\FlollowtheSunshine\Mango-M32\obj\stm32f10x_adc.o
 .debug_abbrev  0x00000f5e      0x1f5 C:\ride_project\FlollowtheSunshine\Mango-M32\obj\stm32f10x_rcc.o
 .debug_abbrev  0x00001153      0x14d C:\ride_project\FlollowtheSunshine\Mango-M32\obj\usart3.o
 .debug_abbrev  0x000012a0      0x12d C:\ride_project\FlollowtheSunshine\Mango-M32\obj\motor_control.o
 .debug_abbrev  0x000013cd      0x15a C:\ride_project\FlollowtheSunshine\Mango-M32\obj\soil_moisture_sensor.o
 .debug_abbrev  0x00001527      0x158 C:\ride_project\FlollowtheSunshine\Mango-M32\obj\cds_sensor.o

.debug_line     0x00000000     0x4443
 *(.debug_line)
 .debug_line    0x00000000      0x360 C:\ride_project\FlollowtheSunshine\Mango-M32\obj\main.o
 .debug_line    0x00000360      0x24f C:\ride_project\FlollowtheSunshine\Mango-M32\obj\delay.o
 .debug_line    0x000005af      0x32a C:\ride_project\FlollowtheSunshine\Mango-M32\obj\stm32f10x_it.o
 .debug_line    0x000008d9      0x2cc C:\ride_project\FlollowtheSunshine\Mango-M32\obj\system_stm32f10x.o
 .debug_line    0x00000ba5      0x349 C:\ride_project\FlollowtheSunshine\Mango-M32\obj\misc.o
 .debug_line    0x00000eee      0x5ec C:\ride_project\FlollowtheSunshine\Mango-M32\obj\stm32f10x_flash.o
 .debug_line    0x000014da      0xbc3 C:\ride_project\FlollowtheSunshine\Mango-M32\obj\stm32f10x_tim.o
 .debug_line    0x0000209d      0x4bf C:\ride_project\FlollowtheSunshine\Mango-M32\obj\stm32f10x_gpio.o
 .debug_line    0x0000255c      0x5d4 C:\ride_project\FlollowtheSunshine\Mango-M32\obj\stm32f10x_usart.o
 .debug_line    0x00002b30      0x642 C:\ride_project\FlollowtheSunshine\Mango-M32\obj\stm32f10x_adc.o
 .debug_line    0x00003172      0x5a0 C:\ride_project\FlollowtheSunshine\Mango-M32\obj\stm32f10x_rcc.o
 .debug_line    0x00003712      0x331 C:\ride_project\FlollowtheSunshine\Mango-M32\obj\usart3.o
 .debug_line    0x00003a43      0x36f C:\ride_project\FlollowtheSunshine\Mango-M32\obj\motor_control.o
 .debug_line    0x00003db2      0x358 C:\ride_project\FlollowtheSunshine\Mango-M32\obj\soil_moisture_sensor.o
 .debug_line    0x0000410a      0x339 C:\ride_project\FlollowtheSunshine\Mango-M32\obj\cds_sensor.o

.debug_frame    0x00000000     0x140c
 *(.debug_frame)
 .debug_frame   0x00000000       0x34 C:\ride_project\FlollowtheSunshine\Mango-M32\obj\main.o
 .debug_frame   0x00000034       0x6c C:\ride_project\FlollowtheSunshine\Mango-M32\obj\delay.o
 .debug_frame   0x000000a0       0xd0 C:\ride_project\FlollowtheSunshine\Mango-M32\obj\stm32f10x_it.o
 .debug_frame   0x00000170       0x34 C:\ride_project\FlollowtheSunshine\Mango-M32\obj\system_stm32f10x.o
 .debug_frame   0x000001a4       0x60 C:\ride_project\FlollowtheSunshine\Mango-M32\obj\misc.o
 .debug_frame   0x00000204      0x254 C:\ride_project\FlollowtheSunshine\Mango-M32\obj\stm32f10x_flash.o
 .debug_frame   0x00000458      0x664 C:\ride_project\FlollowtheSunshine\Mango-M32\obj\stm32f10x_tim.o
 .debug_frame   0x00000abc      0x16c C:\ride_project\FlollowtheSunshine\Mango-M32\obj\stm32f10x_gpio.o
 .debug_frame   0x00000c28      0x204 C:\ride_project\FlollowtheSunshine\Mango-M32\obj\stm32f10x_usart.o
 .debug_frame   0x00000e2c      0x280 C:\ride_project\FlollowtheSunshine\Mango-M32\obj\stm32f10x_adc.o
 .debug_frame   0x000010ac      0x224 C:\ride_project\FlollowtheSunshine\Mango-M32\obj\stm32f10x_rcc.o
 .debug_frame   0x000012d0       0x48 C:\ride_project\FlollowtheSunshine\Mango-M32\obj\usart3.o
 .debug_frame   0x00001318       0x60 C:\ride_project\FlollowtheSunshine\Mango-M32\obj\motor_control.o
 .debug_frame   0x00001378       0x4c C:\ride_project\FlollowtheSunshine\Mango-M32\obj\soil_moisture_sensor.o
 .debug_frame   0x000013c4       0x48 C:\ride_project\FlollowtheSunshine\Mango-M32\obj\cds_sensor.o

.debug_str      0x00000000     0x2c45
 *(.debug_str)
 .debug_str     0x00000000      0x453 C:\ride_project\FlollowtheSunshine\Mango-M32\obj\main.o
                                0x492 (size before relaxing)
 .debug_str     0x00000453       0x7e C:\ride_project\FlollowtheSunshine\Mango-M32\obj\delay.o
                                0x124 (size before relaxing)
 .debug_str     0x000004d1      0x15e C:\ride_project\FlollowtheSunshine\Mango-M32\obj\stm32f10x_it.o
                                0x328 (size before relaxing)
 .debug_str     0x0000062f      0x195 C:\ride_project\FlollowtheSunshine\Mango-M32\obj\system_stm32f10x.o
                                0x26c (size before relaxing)
 .debug_str     0x000007c4      0x229 C:\ride_project\FlollowtheSunshine\Mango-M32\obj\misc.o
                                0x355 (size before relaxing)
 .debug_str     0x000009ed      0x462 C:\ride_project\FlollowtheSunshine\Mango-M32\obj\stm32f10x_flash.o
                                0x581 (size before relaxing)
 .debug_str     0x00000e4f      0xa31 C:\ride_project\FlollowtheSunshine\Mango-M32\obj\stm32f10x_tim.o
                                0xd8f (size before relaxing)
 .debug_str     0x00001880      0x3a8 C:\ride_project\FlollowtheSunshine\Mango-M32\obj\stm32f10x_gpio.o
                                0x4be (size before relaxing)
 .debug_str     0x00001c28      0x4e7 C:\ride_project\FlollowtheSunshine\Mango-M32\obj\stm32f10x_usart.o
                                0x642 (size before relaxing)
 .debug_str     0x0000210f      0x536 C:\ride_project\FlollowtheSunshine\Mango-M32\obj\stm32f10x_adc.o
                                0x6ad (size before relaxing)
 .debug_str     0x00002645      0x3da C:\ride_project\FlollowtheSunshine\Mango-M32\obj\stm32f10x_rcc.o
                                0x5b7 (size before relaxing)
 .debug_str     0x00002a1f       0x79 C:\ride_project\FlollowtheSunshine\Mango-M32\obj\usart3.o
                                0x347 (size before relaxing)
 .debug_str     0x00002a98       0xaf C:\ride_project\FlollowtheSunshine\Mango-M32\obj\motor_control.o
                                0x532 (size before relaxing)
 .debug_str     0x00002b47       0x9c C:\ride_project\FlollowtheSunshine\Mango-M32\obj\soil_moisture_sensor.o
                                0x38f (size before relaxing)
 .debug_str     0x00002be3       0x62 C:\ride_project\FlollowtheSunshine\Mango-M32\obj\cds_sensor.o
                                0x35a (size before relaxing)

.debug_loc      0x00000000     0x28d0
 *(.debug_loc)
 .debug_loc     0x00000000       0x2c C:\ride_project\FlollowtheSunshine\Mango-M32\obj\main.o
 .debug_loc     0x0000002c       0xf7 C:\ride_project\FlollowtheSunshine\Mango-M32\obj\delay.o
 .debug_loc     0x00000123       0x3e C:\ride_project\FlollowtheSunshine\Mango-M32\obj\stm32f10x_it.o
 .debug_loc     0x00000161       0x6a C:\ride_project\FlollowtheSunshine\Mango-M32\obj\system_stm32f10x.o
 .debug_loc     0x000001cb       0x4f C:\ride_project\FlollowtheSunshine\Mango-M32\obj\misc.o
 .debug_loc     0x0000021a      0x6a3 C:\ride_project\FlollowtheSunshine\Mango-M32\obj\stm32f10x_flash.o
 .debug_loc     0x000008bd     0x1006 C:\ride_project\FlollowtheSunshine\Mango-M32\obj\stm32f10x_tim.o
 .debug_loc     0x000018c3      0x2cc C:\ride_project\FlollowtheSunshine\Mango-M32\obj\stm32f10x_gpio.o
 .debug_loc     0x00001b8f      0x303 C:\ride_project\FlollowtheSunshine\Mango-M32\obj\stm32f10x_usart.o
 .debug_loc     0x00001e92      0x42a C:\ride_project\FlollowtheSunshine\Mango-M32\obj\stm32f10x_adc.o
 .debug_loc     0x000022bc      0x243 C:\ride_project\FlollowtheSunshine\Mango-M32\obj\stm32f10x_rcc.o
 .debug_loc     0x000024ff       0xd5 C:\ride_project\FlollowtheSunshine\Mango-M32\obj\usart3.o
 .debug_loc     0x000025d4      0x156 C:\ride_project\FlollowtheSunshine\Mango-M32\obj\motor_control.o
 .debug_loc     0x0000272a      0x120 C:\ride_project\FlollowtheSunshine\Mango-M32\obj\soil_moisture_sensor.o
 .debug_loc     0x0000284a       0x86 C:\ride_project\FlollowtheSunshine\Mango-M32\obj\cds_sensor.o

.debug_macinfo
 *(.debug_macinfo)

.debug_weaknames
 *(.debug_weaknames)

.debug_funcnames
 *(.debug_funcnames)

.debug_typenames
 *(.debug_typenames)

.debug_varnames
 *(.debug_varnames)
START GROUP
LOAD c:/program files (x86)/raisonance/ride/arm-gcc/bin/../lib/gcc/arm-none-eabi/4.3.2/thumb2\libgcc.a
LOAD c:/program files (x86)/raisonance/ride/arm-gcc/bin/../lib/gcc/arm-none-eabi/4.3.2/../../../../arm-none-eabi/lib/thumb2\libc.a
END GROUP
OUTPUT(C:\ride_project\FlollowtheSunshine\Mango-M32\Application0.elf elf32-littlearm)

.debug_ranges   0x00000000      0x930
 .debug_ranges  0x00000000       0x18 C:\ride_project\FlollowtheSunshine\Mango-M32\obj\main.o
 .debug_ranges  0x00000018       0x30 C:\ride_project\FlollowtheSunshine\Mango-M32\obj\delay.o
 .debug_ranges  0x00000048       0x68 C:\ride_project\FlollowtheSunshine\Mango-M32\obj\stm32f10x_it.o
 .debug_ranges  0x000000b0       0x20 C:\ride_project\FlollowtheSunshine\Mango-M32\obj\system_stm32f10x.o
 .debug_ranges  0x000000d0       0x38 C:\ride_project\FlollowtheSunshine\Mango-M32\obj\misc.o
 .debug_ranges  0x00000108       0xf0 C:\ride_project\FlollowtheSunshine\Mango-M32\obj\stm32f10x_flash.o
 .debug_ranges  0x000001f8      0x2d8 C:\ride_project\FlollowtheSunshine\Mango-M32\obj\stm32f10x_tim.o
 .debug_ranges  0x000004d0       0xa0 C:\ride_project\FlollowtheSunshine\Mango-M32\obj\stm32f10x_gpio.o
 .debug_ranges  0x00000570       0xf8 C:\ride_project\FlollowtheSunshine\Mango-M32\obj\stm32f10x_usart.o
 .debug_ranges  0x00000668      0x130 C:\ride_project\FlollowtheSunshine\Mango-M32\obj\stm32f10x_adc.o
 .debug_ranges  0x00000798      0x110 C:\ride_project\FlollowtheSunshine\Mango-M32\obj\stm32f10x_rcc.o
 .debug_ranges  0x000008a8       0x20 C:\ride_project\FlollowtheSunshine\Mango-M32\obj\usart3.o
 .debug_ranges  0x000008c8       0x28 C:\ride_project\FlollowtheSunshine\Mango-M32\obj\motor_control.o
 .debug_ranges  0x000008f0       0x20 C:\ride_project\FlollowtheSunshine\Mango-M32\obj\soil_moisture_sensor.o
 .debug_ranges  0x00000910       0x20 C:\ride_project\FlollowtheSunshine\Mango-M32\obj\cds_sensor.o

.ARM.attributes
                0x00000000       0x31
 .ARM.attributes
                0x00000000       0x31 C:\ride_project\FlollowtheSunshine\Mango-M32\obj\main.o
 .ARM.attributes
                0x00000031       0x31 C:\ride_project\FlollowtheSunshine\Mango-M32\obj\delay.o
 .ARM.attributes
                0x00000062       0x31 C:\ride_project\FlollowtheSunshine\Mango-M32\obj\stm32f10x_it.o
 .ARM.attributes
                0x00000093       0x31 C:\ride_project\FlollowtheSunshine\Mango-M32\obj\system_stm32f10x.o
 .ARM.attributes
                0x000000c4       0x21 C:\ride_project\FlollowtheSunshine\Mango-M32\obj\startup_stm32f10x_md.o
 .ARM.attributes
                0x000000e5       0x31 C:\ride_project\FlollowtheSunshine\Mango-M32\obj\misc.o
 .ARM.attributes
                0x00000116       0x31 C:\ride_project\FlollowtheSunshine\Mango-M32\obj\stm32f10x_flash.o
 .ARM.attributes
                0x00000147       0x31 C:\ride_project\FlollowtheSunshine\Mango-M32\obj\stm32f10x_tim.o
 .ARM.attributes
                0x00000178       0x31 C:\ride_project\FlollowtheSunshine\Mango-M32\obj\stm32f10x_gpio.o
 .ARM.attributes
                0x000001a9       0x31 C:\ride_project\FlollowtheSunshine\Mango-M32\obj\stm32f10x_usart.o
 .ARM.attributes
                0x000001da       0x31 C:\ride_project\FlollowtheSunshine\Mango-M32\obj\stm32f10x_adc.o
 .ARM.attributes
                0x0000020b       0x31 C:\ride_project\FlollowtheSunshine\Mango-M32\obj\stm32f10x_rcc.o
 .ARM.attributes
                0x0000023c       0x31 C:\ride_project\FlollowtheSunshine\Mango-M32\obj\usart3.o
 .ARM.attributes
                0x0000026d       0x31 C:\ride_project\FlollowtheSunshine\Mango-M32\obj\motor_control.o
 .ARM.attributes
                0x0000029e       0x31 C:\ride_project\FlollowtheSunshine\Mango-M32\obj\soil_moisture_sensor.o
 .ARM.attributes
                0x000002cf       0x31 C:\ride_project\FlollowtheSunshine\Mango-M32\obj\cds_sensor.o
 .ARM.attributes
                0x00000300       0x2e C:\Program Files (x86)\Raisonance\Ride\Lib\ARM\std_sbrk_thumb.lib(write.o)
