Archive member included because of file (symbol)

C:\Program Files (x86)\Raisonance\Ride\Lib\ARM\std_sbrk_thumb.lib(write.o)
                              (_write)
C:\Program Files (x86)\Raisonance\Ride\Lib\ARM\smallprintf_thumb.a(_SP_printf.o)
                              C:\ride_project\FlollowtheSunshine\Mango-M32\obj\main.o (printf)
C:\Program Files (x86)\Raisonance\Ride\Lib\ARM\smallprintf_thumb.a(_SP_puts.o)
                              C:\ride_project\FlollowtheSunshine\Mango-M32\obj\main.o (puts)
C:\Program Files (x86)\Raisonance\Ride\Lib\ARM\smallprintf_thumb.a(_SP_vfprintf.o)
                              C:\Program Files (x86)\Raisonance\Ride\Lib\ARM\smallprintf_thumb.a(_SP_printf.o) (vfiprintf)
c:/program files (x86)/raisonance/ride/arm-gcc/bin/../lib/gcc/arm-none-eabi/4.3.2/../../../../arm-none-eabi/lib/thumb2\libc.a(lib_a-impure.o)
                              C:\Program Files (x86)\Raisonance\Ride\Lib\ARM\smallprintf_thumb.a(_SP_vfprintf.o) (_impure_ptr)
c:/program files (x86)/raisonance/ride/arm-gcc/bin/../lib/gcc/arm-none-eabi/4.3.2/../../../../arm-none-eabi/lib/thumb2\libc.a(lib_a-memchr.o)
                              C:\Program Files (x86)\Raisonance\Ride\Lib\ARM\smallprintf_thumb.a(_SP_vfprintf.o) (memchr)
c:/program files (x86)/raisonance/ride/arm-gcc/bin/../lib/gcc/arm-none-eabi/4.3.2/../../../../arm-none-eabi/lib/thumb2\libc.a(lib_a-strlen.o)
                              C:\Program Files (x86)\Raisonance\Ride\Lib\ARM\smallprintf_thumb.a(_SP_puts.o) (strlen)
c:/program files (x86)/raisonance/ride/arm-gcc/bin/../lib/gcc/arm-none-eabi/4.3.2/../../../../arm-none-eabi/lib/thumb2\libc.a(lib_a-wcrtomb.o)
                              C:\Program Files (x86)\Raisonance\Ride\Lib\ARM\smallprintf_thumb.a(_SP_vfprintf.o) (_wcrtomb_r)
c:/program files (x86)/raisonance/ride/arm-gcc/bin/../lib/gcc/arm-none-eabi/4.3.2/../../../../arm-none-eabi/lib/thumb2\libc.a(lib_a-wcsrtombs.o)
                              C:\Program Files (x86)\Raisonance\Ride\Lib\ARM\smallprintf_thumb.a(_SP_vfprintf.o) (_wcsrtombs_r)
c:/program files (x86)/raisonance/ride/arm-gcc/bin/../lib/gcc/arm-none-eabi/4.3.2/../../../../arm-none-eabi/lib/thumb2\libc.a(lib_a-wctomb_r.o)
                              c:/program files (x86)/raisonance/ride/arm-gcc/bin/../lib/gcc/arm-none-eabi/4.3.2/../../../../arm-none-eabi/lib/thumb2\libc.a(lib_a-wcrtomb.o) (_wctomb_r)
c:/program files (x86)/raisonance/ride/arm-gcc/bin/../lib/gcc/arm-none-eabi/4.3.2/../../../../arm-none-eabi/lib/thumb2\libc.a(lib_a-locale.o)
                              c:/program files (x86)/raisonance/ride/arm-gcc/bin/../lib/gcc/arm-none-eabi/4.3.2/../../../../arm-none-eabi/lib/thumb2\libc.a(lib_a-wctomb_r.o) (__lc_ctype)
c:/program files (x86)/raisonance/ride/arm-gcc/bin/../lib/gcc/arm-none-eabi/4.3.2/../../../../arm-none-eabi/lib/thumb2\libc.a(lib_a-strcmp.o)
                              c:/program files (x86)/raisonance/ride/arm-gcc/bin/../lib/gcc/arm-none-eabi/4.3.2/../../../../arm-none-eabi/lib/thumb2\libc.a(lib_a-wctomb_r.o) (strcmp)
c:/program files (x86)/raisonance/ride/arm-gcc/bin/../lib/gcc/arm-none-eabi/4.3.2/thumb2\libgcc.a(_udivsi3.o)
                              C:\Program Files (x86)\Raisonance\Ride\Lib\ARM\smallprintf_thumb.a(_SP_vfprintf.o) (__aeabi_uidiv)
c:/program files (x86)/raisonance/ride/arm-gcc/bin/../lib/gcc/arm-none-eabi/4.3.2/thumb2\libgcc.a(_dvmd_tls.o)
                              c:/program files (x86)/raisonance/ride/arm-gcc/bin/../lib/gcc/arm-none-eabi/4.3.2/thumb2\libgcc.a(_udivsi3.o) (__aeabi_idiv0)

Allocating common symbols
Common symbol       size              file

TIM_TimeBaseStructure_PWM
                    0xa               C:\ride_project\FlollowtheSunshine\Mango-M32\obj\main.o
TIM_OCInitStructure_PWM
                    0x10              C:\ride_project\FlollowtheSunshine\Mango-M32\obj\main.o

Discarded input sections

 .text          0x00000000        0x0 C:\ride_project\FlollowtheSunshine\Mango-M32\obj\main.o
 .data          0x00000000        0x0 C:\ride_project\FlollowtheSunshine\Mango-M32\obj\main.o
 .bss           0x00000000        0x0 C:\ride_project\FlollowtheSunshine\Mango-M32\obj\main.o
 .text          0x00000000        0x0 C:\ride_project\FlollowtheSunshine\Mango-M32\obj\delay.o
 .data          0x00000000        0x0 C:\ride_project\FlollowtheSunshine\Mango-M32\obj\delay.o
 .bss           0x00000000        0x0 C:\ride_project\FlollowtheSunshine\Mango-M32\obj\delay.o
 .text.delay_us
                0x00000000        0x0 C:\ride_project\FlollowtheSunshine\Mango-M32\obj\delay.o
 .text.delay_s  0x00000000        0x0 C:\ride_project\FlollowtheSunshine\Mango-M32\obj\delay.o
 .text          0x00000000        0x0 C:\ride_project\FlollowtheSunshine\Mango-M32\obj\stm32f10x_it.o
 .data          0x00000000        0x0 C:\ride_project\FlollowtheSunshine\Mango-M32\obj\stm32f10x_it.o
 .text          0x00000000        0x0 C:\ride_project\FlollowtheSunshine\Mango-M32\obj\system_stm32f10x.o
[...]
Memory Configuration

Name             Origin             Length             Attributes
RAM              0x20000000         0x00005000         xrw
FLASH            0x08000000         0x00020000         xr
STARTFLASH       0x00000000         0x00000000         xr
CRPPATCH         0x00000000         0x00000000         r
FLASHPATCH       0x00000000         0x00000000         r
ENDFLASH         0x00000000         0x00000000         xr
FLASHB1          0x00000000         0x00000000         xr
EXTMEMB0         0x00000000         0x00000000         xr
EXTMEMB1         0x00000000         0x00000000         xr
EXTMEMB2         0x00000000         0x00000000         xr
EXTMEMB3         0x00000000         0x00000000         xr
*default*        0x00000000         0xffffffff

Linker script and memory map

LOAD C:\ride_project\FlollowtheSunshine\Mango-M32\obj\main.o
LOAD C:\ride_project\FlollowtheSunshine\Mango-M32\obj\delay.o
LOAD C:\ride_project\FlollowtheSunshine\Mango-M32\obj\stm32f10x_it.o
LOAD C:\ride_project\FlollowtheSunshine\Mango-M32\obj\system_stm32f10x.o
LOAD C:\ride_project\FlollowtheSunshine\Mango-M32\obj\startup_stm32f10x_md.o
LOAD C:\ride_project\FlollowtheSunshine\Mango-M32\obj\misc.o
LOAD C:\ride_project\FlollowtheSunshine\Mango-M32\obj\stm32f10x_flash.o
LOAD C:\ride_project\FlollowtheSunshine\Mango-M32\obj\stm32f10x_tim.o
LOAD C:\ride_project\FlollowtheSunshine\Mango-M32\obj\stm32f10x_gpio.o
LOAD C:\ride_project\FlollowtheSunshine\Mango-M32\obj\stm32f10x_usart.o
LOAD C:\ride_project\FlollowtheSunshine\Mango-M32\obj\stm32f10x_adc.o
LOAD C:\ride_project\FlollowtheSunshine\Mango-M32\obj\stm32f10x_rcc.o
LOAD C:\ride_project\FlollowtheSunshine\Mango-M32\obj\usart3.o
LOAD C:\ride_project\FlollowtheSunshine\Mango-M32\obj\motor_control.o
LOAD C:\ride_project\FlollowtheSunshine\Mango-M32\obj\soil_moisture_sensor.o
LOAD C:\ride_project\FlollowtheSunshine\Mango-M32\obj\cds_sensor.o
START GROUP
LOAD C:\Program Files (x86)\Raisonance\Ride\Lib\ARM\STM32x_io_putchar_thumb.a
LOAD C:\Program Files (x86)\Raisonance\Ride\Lib\ARM\std_sbrk_thumb.lib
LOAD C:\Program Files (x86)\Raisonance\Ride\Lib\ARM\smallprintf_thumb.a
LOAD c:/program files (x86)/raisonance/ride/arm-gcc/bin/../lib/gcc/arm-none-eabi/4.3.2/../../../../arm-none-eabi/lib/thumb2\libc.a
LOAD c:/program files (x86)/raisonance/ride/arm-gcc/bin/../lib/gcc/arm-none-eabi/4.3.2/../../../../arm-none-eabi/lib/thumb2\libm.a
END GROUP
                0x00000400                __Stack_Size = 0x400
                0x00000400                PROVIDE (_Stack_Size, __Stack_Size)
                0x20004c00                __Stack_Init = (_estack - __Stack_Size)
                0x20004c00                PROVIDE (_Stack_Init, __Stack_Init)
                0x00000100                _Minimum_Stack_Size = 0x100
                0x00000000                PROVIDE (Undefined_Handler, 0x0)
                0x00000000                PROVIDE (SWI_Handler, 0x0)
                0x00000000                PROVIDE (IRQ_Handler, 0x0)
                0x00000000                PROVIDE (Prefetch_Handler, 0x0)
                0x00000000                PROVIDE (Abort_Handler, 0x0)
                0x00000000                PROVIDE (FIQ_Handler, 0x0)
                0x00000000                PROVIDE (NMIException, 0x0)
                0x00000000                PROVIDE (NMI_Handler, 0x0)
                0x00000000                PROVIDE (HardFaultException, 0x0)
                0x00000000                PROVIDE (HardFault_Handler, 0x0)
                0x00000000                PROVIDE (MemManageException, 0x0)
                0x00000000                PROVIDE (MemManage_Handler, 0x0)
                0x00000000                PROVIDE (BusFaultException, 0x0)
                0x00000000                PROVIDE (BusFault_Handler, 0x0)
                0x00000000                PROVIDE (UsageFaultException, 0x0)
                0x00000000                PROVIDE (UsageFault_Handler, 0x0)
                0x00000000                PROVIDE (SVCHandler, 0x0)
                0x00000000                PROVIDE (SVC_Handler, 0x0)
                0x00000000                PROVIDE (DebugMonitor, 0x0)
                0x00000000                PROVIDE (DebugMon_Handler, 0x0)
                0x00000000                PROVIDE (PendSVC, 0x0)
                0x00000000                PROVIDE (PendSV_Handler, 0x0)
                0x00000000                PROVIDE (SysTickHandler, 0x0)
                0x00000000                PROVIDE (SysTick_Handler, 0x0)
                0x00000000                PROVIDE (WWDG_IRQHandler, 0x0)
                0x00000000                PROVIDE (PVD_IRQHandler, 0x0)
                0x00000000                PROVIDE (TAMPER_IRQHandler, 0x0)
                0x00000000                PROVIDE (RTC_IRQHandler, 0x0)
                0x00000000                PROVIDE (FLASH_IRQHandler, 0x0)
                0x00000000                PROVIDE (RCC_IRQHandler, 0x0)
                0x00000000                PROVIDE (EXTI0_IRQHandler, 0x0)
                0x00000000                PROVIDE (EXTI1_IRQHandler, 0x0)
                0x00000000                PROVIDE (EXTI2_IRQHandler, 0x0)
                0x00000000                PROVIDE (EXTI3_IRQHandler, 0x0)
                0x00000000                PROVIDE (EXTI4_IRQHandler, 0x0)
                0x00000000                PROVIDE (DMAChannel1_IRQHandler, 0x0)
                0x00000000                PROVIDE (DMAChannel2_IRQHandler, 0x0)
                0x00000000                PROVIDE (DMAChannel3_IRQHandler, 0x0)
                0x00000000                PROVIDE (DMAChannel4_IRQHandler, 0x0)
                0x00000000                PROVIDE (DMAChannel5_IRQHandler, 0x0)
                0x00000000                PROVIDE (DMAChannel6_IRQHandler, 0x0)
                0x00000000                PROVIDE (DMAChannel7_IRQHandler, 0x0)
                0x00000000                PROVIDE (DMA1_Channel1_IRQHandler, 0x0)
                0x00000000                PROVIDE (DMA1_Channel2_IRQHandler, 0x0)
                0x00000000                PROVIDE (DMA1_Channel3_IRQHandler, 0x0)
                0x00000000                PROVIDE (DMA1_Channel4_IRQHandler, 0x0)
                0x00000000                PROVIDE (DMA1_Channel5_IRQHandler, 0x0)
                0x00000000                PROVIDE (DMA1_Channel6_IRQHandler, 0x0)
                0x00000000                PROVIDE (DMA1_Channel7_IRQHandler, 0x0)
                0x00000000                PROVIDE (ADC_IRQHandler, 0x0)
                0x00000000                PROVIDE (ADC1_2_IRQHandler, 0x0)
                0x00000000                PROVIDE (USB_HP_CAN_TX_IRQHandler, 0x0)
                0x00000000                PROVIDE (USB_HP_CAN1_TX_IRQHandler, 0x0)
                0x00000000                PROVIDE (USB_LP_CAN_RX0_IRQHandler, 0x0)
                0x00000000                PROVIDE (USB_LP_CAN1_RX0_IRQHandler, 0x0)
                0x00000000                PROVIDE (CAN_RX1_IRQHandler, 0x0)
                0x00000000                PROVIDE (CAN1_RX1_IRQHandler, 0x0)
                0x00000000                PROVIDE (CAN_SCE_IRQHandler, 0x0)
                0x00000000                PROVIDE (CAN1_SCE_IRQHandler, 0x0)
                0x00000000                PROVIDE (EXTI9_5_IRQHandler, 0x0)
                0x00000000                PROVIDE (TIM1_BRK_IRQHandler, 0x0)
                0x00000000                PROVIDE (TIM1_UP_IRQHandler, 0x0)
                0x00000000                PROVIDE (TIM1_TRG_COM_IRQHandler, 0x0)
                0x00000000                PROVIDE (TIM1_CC_IRQHandler, 0x0)
                0x00000000                PROVIDE (TIM2_IRQHandler, 0x0)
                0x00000000                PROVIDE (TIM3_IRQHandler, 0x0)
                0x00000000                PROVIDE (TIM4_IRQHandler, 0x0)
                0x00000000                PROVIDE (I2C1_EV_IRQHandler, 0x0)
                0x00000000                PROVIDE (I2C1_ER_IRQHandler, 0x0)
                0x00000000                PROVIDE (I2C2_EV_IRQHandler, 0x0)
                0x00000000                PROVIDE (I2C2_ER_IRQHandler, 0x0)
                0x00000000                PROVIDE (SPI1_IRQHandler, 0x0)
                0x00000000                PROVIDE (SPI2_IRQHandler, 0x0)
                0x00000000                PROVIDE (USART1_IRQHandler, 0x0)
                0x00000000                PROVIDE (USART2_IRQHandler, 0x0)
                0x00000000                PROVIDE (USART3_IRQHandler, 0x0)
                0x00000000                PROVIDE (EXTI15_10_IRQHandler, 0x0)
                0x00000000                PROVIDE (RTCAlarm_IRQHandler, 0x0)
                0x00000000                PROVIDE (USBWakeUp_IRQHandler, 0x0)
                0x00000000                PROVIDE (TIM8_BRK_IRQHandler, 0x0)
                0x00000000                PROVIDE (TIM8_UP_IRQHandler, 0x0)
                0x00000000                PROVIDE (TIM8_TRG_COM_IRQHandler, 0x0)
                0x00000000                PROVIDE (TIM8_CC_IRQHandler, 0x0)
                0x00000000                PROVIDE (ADC3_IRQHandler, 0x0)
                0x00000000                PROVIDE (FSMC_IRQHandler, 0x0)
                0x00000000                PROVIDE (SDIO_IRQHandler, 0x0)
                0x00000000                PROVIDE (TIM5_IRQHandler, 0x0)
                0x00000000                PROVIDE (SPI3_IRQHandler, 0x0)
                0x00000000                PROVIDE (UART4_IRQHandler, 0x0)
                0x00000000                PROVIDE (UART5_IRQHandler, 0x0)
                0x00000000                PROVIDE (TIM6_IRQHandler, 0x0)
                0x00000000                PROVIDE (TIM7_IRQHandler, 0x0)
                0x00000000                PROVIDE (DMA2_Channel1_IRQHandler, 0x0)
                0x00000000                PROVIDE (DMA2_Channel2_IRQHandler, 0x0)
                0x00000000                PROVIDE (DMA2_Channel3_IRQHandler, 0x0)
                0x00000000                PROVIDE (DMA2_Channel4_5_IRQHandler, 0x0)
                0x42000000                PERIPH_BB_BASE = 0x42000000
                0x22000000                SRAM_BB_BASE = 0x22000000
                0x20000000                SRAM_BASE = 0x20000000
                0x40000000                PERIPH_BASE = 0x40000000
                0x40022000                PROVIDE (FLASH_BASE, 0x40022000)
                0x1ffff800                PROVIDE (OB_BASE, 0x1ffff800)
                0x40000000                APB1PERIPH_BASE = PERIPH_BASE
                0x40010000                APB2PERIPH_BASE = (PERIPH_BASE + 0x10000)
                0x40020000                AHBPERIPH_BASE = (PERIPH_BASE + 0x20000)
                0x40000000                PROVIDE (TIM2, (APB1PERIPH_BASE + 0x0))
                0x40000400                PROVIDE (TIM3, (APB1PERIPH_BASE + 0x400))
                0x40000800                PROVIDE (TIM4, (APB1PERIPH_BASE + 0x800))
                0x40002800                PROVIDE (RTC, (APB1PERIPH_BASE + 0x2800))
                0x40002c00                PROVIDE (WWDG, (APB1PERIPH_BASE + 0x2c00))
                0x40003000                PROVIDE (IWDG, (APB1PERIPH_BASE + 0x3000))
                0x40003800                PROVIDE (SPI2, (APB1PERIPH_BASE + 0x3800))
                0x40004400                PROVIDE (USART2, (APB1PERIPH_BASE + 0x4400))
                0x40004800                PROVIDE (USART3, (APB1PERIPH_BASE + 0x4800))
                0x40005400                PROVIDE (I2C1, (APB1PERIPH_BASE + 0x5400))
                0x40005800                PROVIDE (I2C2, (APB1PERIPH_BASE + 0x5800))
                0x40006400                PROVIDE (CAN, (APB1PERIPH_BASE + 0x6400))
                0x40006c00                PROVIDE (BKP, (APB1PERIPH_BASE + 0x6c00))
                0x40007000                PROVIDE (PWR, (APB1PERIPH_BASE + 0x7000))
                0x40010000                PROVIDE (AFIO, (APB2PERIPH_BASE + 0x0))
                0x40010400                PROVIDE (EXTI, (APB2PERIPH_BASE + 0x400))
                0x40010800                PROVIDE (GPIOA, (APB2PERIPH_BASE + 0x800))
                0x40010c00                PROVIDE (GPIOB, (APB2PERIPH_BASE + 0xc00))
                0x40011000                PROVIDE (GPIOC, (APB2PERIPH_BASE + 0x1000))
                0x40011400                PROVIDE (GPIOD, (APB2PERIPH_BASE + 0x1400))
                0x40011800                PROVIDE (GPIOE, (APB2PERIPH_BASE + 0x1800))
                0x40012400                PROVIDE (ADC1, (APB2PERIPH_BASE + 0x2400))
                0x40012800                PROVIDE (ADC2, (APB2PERIPH_BASE + 0x2800))
                0x40012c00                PROVIDE (TIM1, (APB2PERIPH_BASE + 0x2c00))
                0x40013000                PROVIDE (SPI1, (APB2PERIPH_BASE + 0x3000))
                0x40013800                PROVIDE (USART1, (APB2PERIPH_BASE + 0x3800))
                0x40020000                PROVIDE (DMA, (AHBPERIPH_BASE + 0x0))
                0x40020008                PROVIDE (DMA_Channel1, (AHBPERIPH_BASE + 0x8))
                0x4002001c                PROVIDE (DMA_Channel2, (AHBPERIPH_BASE + 0x1c))
                0x40020030                PROVIDE (DMA_Channel3, (AHBPERIPH_BASE + 0x30))
                0x40020044                PROVIDE (DMA_Channel4, (AHBPERIPH_BASE + 0x44))
                0x40020058                PROVIDE (DMA_Channel5, (AHBPERIPH_BASE + 0x58))
                0x4002006c                PROVIDE (DMA_Channel6, (AHBPERIPH_BASE + 0x6c))
                0x40020080                PROVIDE (DMA_Channel7, (AHBPERIPH_BASE + 0x80))
                0x40021000                PROVIDE (RCC, (AHBPERIPH_BASE + 0x1000))
                0xe000e000                SCS_BASE = 0xe000e000
                0xe000e010                PROVIDE (SysTick, (SCS_BASE + 0x10))
                0xe000e100                PROVIDE (NVIC, (SCS_BASE + 0x100))
                0xe000ed00                PROVIDE (SCB, (SCS_BASE + 0xd00))
                0x20005000                _estack = 0x20005000

.isr_vector     0x08000000      0x10c
                0x08000000                . = ALIGN (0x4)
 *(.isr_vector)
 .isr_vector    0x08000000      0x10c C:\ride_project\FlollowtheSunshine\Mango-M32\obj\startup_stm32f10x_md.o
                0x08000000                g_pfnVectors
                0x0800010c                . = ALIGN (0x4)

.flash_start    0x00000000        0x0
                0x00000000                . = ALIGN (0x4)
 *(.flash_start)
 *(.flash_start.*)
                0x00000000                . = ALIGN (0x4)

.crp_patch      0x00000000        0x0
                0x00000000                . = ALIGN (0x4)
 *(.crp_patch)
                0x00000000                . = ALIGN (0x4)

.flashtext      0x0800010c        0x0
                0x0800010c                . = ALIGN (0x4)
 *(.flashtext)
                0x0800010c                . = ALIGN (0x4)

.text           0x0800010c     0x1d70
                0x0800010c                . = ALIGN (0x4)
 *(.text)
 .text          0x0800010c       0x20 C:\Program Files (x86)\Raisonance\Ride\Lib\ARM\smallprintf_thumb.a(_SP_printf.o)
                0x0800010c                printf
 .text          0x0800012c       0x84 C:\Program Files (x86)\Raisonance\Ride\Lib\ARM\smallprintf_thumb.a(_SP_puts.o)
                0x0800012c                _SMALL_PRINTF_puts
                0x08000188                puts
 .text          0x080001b0      0x6a8 C:\Program Files (x86)\Raisonance\Ride\Lib\ARM\smallprintf_thumb.a(_SP_vfprintf.o)
                0x08000834                vfiprintf
                0x080001b0                _vfiprintf_r
 .text          0x08000858       0x80 c:/program files (x86)/raisonance/ride/arm-gcc/bin/../lib/gcc/arm-none-eabi/4.3.2/../../../../arm-none-eabi/lib/thumb2\libc.a(lib_a-memchr.o)
                0x08000858                memchr
 .text          0x080008d8       0x34 c:/program files (x86)/raisonance/ride/arm-gcc/bin/../lib/gcc/arm-none-eabi/4.3.2/../../../../arm-none-eabi/lib/thumb2\libc.a(lib_a-strlen.o)
                0x080008d8                strlen
 .text          0x0800090c       0x4c c:/program files (x86)/raisonance/ride/arm-gcc/bin/../lib/gcc/arm-none-eabi/4.3.2/../../../../arm-none-eabi/lib/thumb2\libc.a(lib_a-wcrtomb.o)
                0x0800090c                _wcrtomb_r
                0x0800093c                wcrtomb
 .text          0x08000958       0xf0 c:/program files (x86)/raisonance/ride/arm-gcc/bin/../lib/gcc/arm-none-eabi/4.3.2/../../../../arm-none-eabi/lib/thumb2\libc.a(lib_a-wcsrtombs.o)
                0x08000958                _wcsrtombs_r
                0x08000a24                wcsrtombs
 .text          0x08000a48      0x340 c:/program files (x86)/raisonance/ride/arm-gcc/bin/../lib/gcc/arm-none-eabi/4.3.2/../../../../arm-none-eabi/lib/thumb2\libc.a(lib_a-wctomb_r.o)
                0x08000a48                _wctomb_r
 .text          0x08000d88       0x50 c:/program files (x86)/raisonance/ride/arm-gcc/bin/../lib/gcc/arm-none-eabi/4.3.2/../../../../arm-none-eabi/lib/thumb2\libc.a(lib_a-strcmp.o)
                0x08000d88                strcmp
 .text          0x08000dd8       0x8c c:/program files (x86)/raisonance/ride/arm-gcc/bin/../lib/gcc/arm-none-eabi/4.3.2/thumb2\libgcc.a(_udivsi3.o)
                0x08000dd8                __udivsi3
                0x08000dd8                __aeabi_uidiv
                0x08000e50                __aeabi_uidivmod
 .text          0x08000e64        0x4 c:/program files (x86)/raisonance/ride/arm-gcc/bin/../lib/gcc/arm-none-eabi/4.3.2/thumb2\libgcc.a(_dvmd_tls.o)
                0x08000e64                __aeabi_ldiv0
                0x08000e64                __aeabi_idiv0
 *(.text.*)
 .text.main     0x08000e68      0x1a0 C:\ride_project\FlollowtheSunshine\Mango-M32\obj\main.o
                0x08000e68                main
 .text.delay_int_count
                0x08001008       0x18 C:\ride_project\FlollowtheSunshine\Mango-M32\obj\delay.o
 .text.delay_ms
                0x08001020       0x1c C:\ride_project\FlollowtheSunshine\Mango-M32\obj\delay.o
                0x08001020                delay_ms
 .text.NMI_Handler
                0x0800103c        0x4 C:\ride_project\FlollowtheSunshine\Mango-M32\obj\stm32f10x_it.o
                0x0800103c                NMI_Handler
 .text.HardFault_Handler
                0x08001040        0x4 C:\ride_project\FlollowtheSunshine\Mango-M32\obj\stm32f10x_it.o
                0x08001040                HardFault_Handler
 .text.MemManage_Handler
                0x08001044        0x4 C:\ride_project\FlollowtheSunshine\Mango-M32\obj\stm32f10x_it.o
                0x08001044                MemManage_Handler
 .text.BusFault_Handler
                0x08001048        0x4 C:\ride_project\FlollowtheSunshine\Mango-M32\obj\stm32f10x_it.o
                0x08001048                BusFault_Handler
 .text.UsageFault_Handler
                0x0800104c        0x4 C:\ride_project\FlollowtheSunshine\Mango-M32\obj\stm32f10x_it.o
                0x0800104c                UsageFault_Handler
 .text.DebugMon_Handler
                0x08001050        0x4 C:\ride_project\FlollowtheSunshine\Mango-M32\obj\stm32f10x_it.o
                0x08001050                DebugMon_Handler
 .text.SVC_Handler
                0x08001054        0x4 C:\ride_project\FlollowtheSunshine\Mango-M32\obj\stm32f10x_it.o
                0x08001054                SVC_Handler
 .text.PendSV_Handler
                0x08001058        0x4 C:\ride_project\FlollowtheSunshine\Mango-M32\obj\stm32f10x_it.o
                0x08001058                PendSV_Handler
 .text.SysTick_Handler
                0x0800105c        0x4 C:\ride_project\FlollowtheSunshine\Mango-M32\obj\stm32f10x_it.o
                0x0800105c                SysTick_Handler
 .text.TIM3_IRQHandler
                0x08001060       0x64 C:\ride_project\FlollowtheSunshine\Mango-M32\obj\stm32f10x_it.o
                0x08001060                TIM3_IRQHandler
 .text.TIM2_IRQHandler
                0x080010c4       0x54 C:\ride_project\FlollowtheSunshine\Mango-M32\obj\stm32f10x_it.o
                0x080010c4                TIM2_IRQHandler
 .text.SystemInit
                0x08001118      0x100 C:\ride_project\FlollowtheSunshine\Mango-M32\obj\system_stm32f10x.o
                0x08001118                SystemInit
 .text.Reset_Handler
                0x08001218       0x44 C:\ride_project\FlollowtheSunshine\Mango-M32\obj\startup_stm32f10x_md.o
                0x08001218                Reset_Handler
 .text.Default_Handler
                0x0800125c        0x2 C:\ride_project\FlollowtheSunshine\Mango-M32\obj\startup_stm32f10x_md.o
                0x0800125c                EXTI2_IRQHandler
                0x0800125c                TIM1_CC_IRQHandler
                0x0800125c                PVD_IRQHandler
                0x0800125c                EXTI3_IRQHandler
                0x0800125c                EXTI0_IRQHandler
                0x0800125c                I2C2_EV_IRQHandler
                0x0800125c                ADC1_2_IRQHandler
                0x0800125c                SPI1_IRQHandler
                0x0800125c                TAMPER_IRQHandler
                0x0800125c                DMA1_Channel4_IRQHandler
                0x0800125c                USART3_IRQHandler
                0x0800125c                RTC_IRQHandler
                0x0800125c                DMA1_Channel7_IRQHandler
                0x0800125c                CAN1_RX1_IRQHandler
                0x0800125c                TIM4_IRQHandler
                0x0800125c                I2C1_EV_IRQHandler
                0x0800125c                DMA1_Channel6_IRQHandler
                0x0800125c                RCC_IRQHandler
                0x0800125c                TIM1_TRG_COM_IRQHandler
                0x0800125c                DMA1_Channel1_IRQHandler
                0x0800125c                Default_Handler
                0x0800125c                EXTI15_10_IRQHandler
                0x0800125c                EXTI9_5_IRQHandler
                0x0800125c                SPI2_IRQHandler
                0x0800125c                DMA1_Channel5_IRQHandler
                0x0800125c                EXTI4_IRQHandler
                0x0800125c                USB_LP_CAN1_RX0_IRQHandler
                0x0800125c                USB_HP_CAN1_TX_IRQHandler
                0x0800125c                DMA1_Channel3_IRQHandler
                0x0800125c                TIM1_UP_IRQHandler
                0x0800125c                WWDG_IRQHandler
                0x0800125c                TIM1_BRK_IRQHandler
                0x0800125c                EXTI1_IRQHandler
                0x0800125c                RTCAlarm_IRQHandler
                0x0800125c                USART2_IRQHandler
                0x0800125c                I2C2_ER_IRQHandler
                0x0800125c                DMA1_Channel2_IRQHandler
                0x0800125c                CAN1_SCE_IRQHandler
                0x0800125c                FLASH_IRQHandler
                0x0800125c                USART1_IRQHandler
                0x0800125c                I2C1_ER_IRQHandler
                0x0800125c                USBWakeUp_IRQHandler
 *fill*         0x0800125e        0x2 00
 .text.TIM_TimeBaseInit
                0x08001260       0xa0 C:\ride_project\FlollowtheSunshine\Mango-M32\obj\stm32f10x_tim.o
                0x08001260                TIM_TimeBaseInit
 .text.TIM_OC1Init
                0x08001300       0xa0 C:\ride_project\FlollowtheSunshine\Mango-M32\obj\stm32f10x_tim.o
                0x08001300                TIM_OC1Init
 .text.TIM_OC2Init
                0x080013a0       0x9c C:\ride_project\FlollowtheSunshine\Mango-M32\obj\stm32f10x_tim.o
                0x080013a0                TIM_OC2Init
 .text.TIM_OC3Init
                0x0800143c       0x98 C:\ride_project\FlollowtheSunshine\Mango-M32\obj\stm32f10x_tim.o
                0x0800143c                TIM_OC3Init
 .text.TIM_Cmd  0x080014d4       0x1c C:\ride_project\FlollowtheSunshine\Mango-M32\obj\stm32f10x_tim.o
                0x080014d4                TIM_Cmd
 .text.TIM_OC1PreloadConfig
                0x080014f0       0x10 C:\ride_project\FlollowtheSunshine\Mango-M32\obj\stm32f10x_tim.o
                0x080014f0                TIM_OC1PreloadConfig
 .text.TIM_ClearITPendingBit
                0x08001500        0x8 C:\ride_project\FlollowtheSunshine\Mango-M32\obj\stm32f10x_tim.o
                0x08001500                TIM_ClearITPendingBit
 .text.GPIO_Init
                0x08001508       0xa8 C:\ride_project\FlollowtheSunshine\Mango-M32\obj\stm32f10x_gpio.o
                0x08001508                GPIO_Init
 .text.GPIO_SetBits
                0x080015b0        0x4 C:\ride_project\FlollowtheSunshine\Mango-M32\obj\stm32f10x_gpio.o
                0x080015b0                GPIO_SetBits
 .text.GPIO_ResetBits
                0x080015b4        0x4 C:\ride_project\FlollowtheSunshine\Mango-M32\obj\stm32f10x_gpio.o
                0x080015b4                GPIO_ResetBits
 .text.GPIO_WriteBit
                0x080015b8        0xc C:\ride_project\FlollowtheSunshine\Mango-M32\obj\stm32f10x_gpio.o
                0x080015b8                GPIO_WriteBit
 .text.USART_Cmd
                0x080015c4       0x1c C:\ride_project\FlollowtheSunshine\Mango-M32\obj\stm32f10x_usart.o
                0x080015c4                USART_Cmd
 .text.USART_SendData
                0x080015e0        0x8 C:\ride_project\FlollowtheSunshine\Mango-M32\obj\stm32f10x_usart.o
                0x080015e0                USART_SendData
 .text.USART_ReceiveData
                0x080015e8        0x8 C:\ride_project\FlollowtheSunshine\Mango-M32\obj\stm32f10x_usart.o
                0x080015e8                USART_ReceiveData
 .text.USART_GetFlagStatus
                0x080015f0        0xc C:\ride_project\FlollowtheSunshine\Mango-M32\obj\stm32f10x_usart.o
                0x080015f0                USART_GetFlagStatus
 .text.USART_Init
                0x080015fc       0xb4 C:\ride_project\FlollowtheSunshine\Mango-M32\obj\stm32f10x_usart.o
                0x080015fc                USART_Init
 .text.ADC_Init
                0x080016b0       0x48 C:\ride_project\FlollowtheSunshine\Mango-M32\obj\stm32f10x_adc.o
                0x080016b0                ADC_Init
 .text.ADC_Cmd  0x080016f8       0x14 C:\ride_project\FlollowtheSunshine\Mango-M32\obj\stm32f10x_adc.o
                0x080016f8                ADC_Cmd
 .text.ADC_ResetCalibration
                0x0800170c        0xc C:\ride_project\FlollowtheSunshine\Mango-M32\obj\stm32f10x_adc.o
                0x0800170c                ADC_ResetCalibration
 .text.ADC_GetResetCalibrationStatus
                0x08001718        0x8 C:\ride_project\FlollowtheSunshine\Mango-M32\obj\stm32f10x_adc.o
                0x08001718                ADC_GetResetCalibrationStatus
 .text.ADC_StartCalibration
                0x08001720        0xc C:\ride_project\FlollowtheSunshine\Mango-M32\obj\stm32f10x_adc.o
                0x08001720                ADC_StartCalibration
 .text.ADC_GetCalibrationStatus
                0x0800172c        0x8 C:\ride_project\FlollowtheSunshine\Mango-M32\obj\stm32f10x_adc.o
                0x0800172c                ADC_GetCalibrationStatus
 .text.ADC_SoftwareStartConvCmd
                0x08001734       0x14 C:\ride_project\FlollowtheSunshine\Mango-M32\obj\stm32f10x_adc.o
                0x08001734                ADC_SoftwareStartConvCmd
 .text.ADC_RegularChannelConfig
                0x08001748       0x9c C:\ride_project\FlollowtheSunshine\Mango-M32\obj\stm32f10x_adc.o
                0x08001748                ADC_RegularChannelConfig
 .text.ADC_GetConversionValue
                0x080017e4        0x8 C:\ride_project\FlollowtheSunshine\Mango-M32\obj\stm32f10x_adc.o
                0x080017e4                ADC_GetConversionValue
 .text.ADC_GetFlagStatus
                0x080017ec        0xc C:\ride_project\FlollowtheSunshine\Mango-M32\obj\stm32f10x_adc.o
                0x080017ec                ADC_GetFlagStatus
 .text.RCC_GetClocksFreq
                0x080017f8       0x98 C:\ride_project\FlollowtheSunshine\Mango-M32\obj\stm32f10x_rcc.o
                0x080017f8                RCC_GetClocksFreq
 .text.RCC_APB2PeriphClockCmd
                0x08001890       0x1c C:\ride_project\FlollowtheSunshine\Mango-M32\obj\stm32f10x_rcc.o
                0x08001890                RCC_APB2PeriphClockCmd
 .text.RCC_APB1PeriphClockCmd
                0x080018ac       0x1c C:\ride_project\FlollowtheSunshine\Mango-M32\obj\stm32f10x_rcc.o
                0x080018ac                RCC_APB1PeriphClockCmd
 .text.__io_putchar
                0x080018c8       0x20 C:\ride_project\FlollowtheSunshine\Mango-M32\obj\usart3.o
                0x080018c8                __io_putchar
 .text.initUSART3
                0x080018e8       0x80 C:\ride_project\FlollowtheSunshine\Mango-M32\obj\usart3.o
                0x080018e8                initUSART3
 .text.toggleMotorDirection
                0x08001968       0x20 C:\ride_project\FlollowtheSunshine\Mango-M32\obj\motor_control.o
                0x08001968                toggleMotorDirection
 .text.setMotorSpeedByIndex
                0x08001988       0x38 C:\ride_project\FlollowtheSunshine\Mango-M32\obj\motor_control.o
                0x08001988                setMotorSpeedByIndex
 .text.initMotor
                0x080019c0       0xfc C:\ride_project\FlollowtheSunshine\Mango-M32\obj\motor_control.o
                0x080019c0                initMotor
 .text.readSoilMoistureValue
                0x08001abc       0x2c C:\ride_project\FlollowtheSunshine\Mango-M32\obj\soil_moisture_sensor.o
                0x08001abc                readSoilMoistureValue
 .text.initSoilMoistureSensor
                0x08001ae8       0xb4 C:\ride_project\FlollowtheSunshine\Mango-M32\obj\soil_moisture_sensor.o
                0x08001ae8                initSoilMoistureSensor
 .text.readCDSValue
                0x08001b9c       0x2c C:\ride_project\FlollowtheSunshine\Mango-M32\obj\cds_sensor.o
                0x08001b9c                readCDSValue
 .text.initCDSSensor
                0x08001bc8       0xa8 C:\ride_project\FlollowtheSunshine\Mango-M32\obj\cds_sensor.o
                0x08001bc8                initCDSSensor
 .text._write   0x08001c70        0x4 C:\Program Files (x86)\Raisonance\Ride\Lib\ARM\std_sbrk_thumb.lib(write.o)
                0x08001c70                _write
 *(.rodata)
 .rodata        0x08001c74      0x184 C:\Program Files (x86)\Raisonance\Ride\Lib\ARM\smallprintf_thumb.a(_SP_vfprintf.o)
 *(.rodata*)
 .rodata.str1.1
                0x08001df8       0x12 C:\ride_project\FlollowtheSunshine\Mango-M32\obj\main.o
 *fill*         0x08001e0a        0x2 00
 .rodata.str1.4
                0x08001e0c       0x4b C:\Program Files (x86)\Raisonance\Ride\Lib\ARM\smallprintf_thumb.a(_SP_vfprintf.o)
                                 0x4c (size before relaxing)
 *fill*         0x08001e57        0x1 00
 .rodata.str1.4
                0x08001e58        0x2 c:/program files (x86)/raisonance/ride/arm-gcc/bin/../lib/gcc/arm-none-eabi/4.3.2/../../../../arm-none-eabi/lib/thumb2\libc.a(lib_a-impure.o)
                                  0x4 (size before relaxing)
 *fill*         0x08001e5a        0x2 00
 .rodata.str1.4
                0x08001e5c       0x20 c:/program files (x86)/raisonance/ride/arm-gcc/bin/../lib/gcc/arm-none-eabi/4.3.2/../../../../arm-none-eabi/lib/thumb2\libc.a(lib_a-wctomb_r.o)
 *(.glue_7)
 .glue_7        0x08001e7c        0x0 C:\ride_project\FlollowtheSunshine\Mango-M32\obj\main.o
 .glue_7        0x08001e7c        0x0 C:\ride_project\FlollowtheSunshine\Mango-M32\obj\delay.o
 .glue_7        0x08001e7c        0x0 C:\ride_project\FlollowtheSunshine\Mango-M32\obj\stm32f10x_it.o
 .glue_7        0x08001e7c        0x0 C:\ride_project\FlollowtheSunshine\Mango-M32\obj\system_stm32f10x.o
 .glue_7        0x08001e7c        0x0 C:\ride_project\FlollowtheSunshine\Mango-M32\obj\startup_stm32f10x_md.o
 .glue_7        0x08001e7c        0x0 C:\ride_project\FlollowtheSunshine\Mango-M32\obj\misc.o
 .glue_7        0x08001e7c        0x0 C:\ride_project\FlollowtheSunshine\Mango-M32\obj\stm32f10x_flash.o
 .glue_7        0x08001e7c        0x0 C:\ride_project\FlollowtheSunshine\Mango-M32\obj\stm32f10x_tim.o
 .glue_7        0x08001e7c        0x0 C:\ride_project\FlollowtheSunshine\Mango-M32\obj\stm32f10x_gpio.o
 .glue_7        0x08001e7c        0x0 C:\ride_project\FlollowtheSunshine\Mango-M32\obj\stm32f10x_usart.o
 .glue_7        0x08001e7c        0x0 C:\ride_project\FlollowtheSunshine\Mango-M32\obj\stm32f10x_adc.o
 .glue_7        0x08001e7c        0x0 C:\ride_project\FlollowtheSunshine\Mango-M32\obj\stm32f10x_rcc.o
 .glue_7        0x08001e7c        0x0 C:\ride_project\FlollowtheSunshine\Mango-M32\obj\usart3.o
 .glue_7        0x08001e7c        0x0 C:\ride_project\FlollowtheSunshine\Mango-M32\obj\motor_control.o
 .glue_7        0x08001e7c        0x0 C:\ride_project\FlollowtheSunshine\Mango-M32\obj\soil_moisture_sensor.o
 .glue_7        0x08001e7c        0x0 C:\ride_project\FlollowtheSunshine\Mango-M32\obj\cds_sensor.o
 .glue_7        0x08001e7c        0x0 C:\Program Files (x86)\Raisonance\Ride\Lib\ARM\std_sbrk_thumb.lib(write.o)
 .glue_7        0x08001e7c        0x0 C:\Program Files (x86)\Raisonance\Ride\Lib\ARM\smallprintf_thumb.a(_SP_printf.o)
 .glue_7        0x08001e7c        0x0 C:\Program Files (x86)\Raisonance\Ride\Lib\ARM\smallprintf_thumb.a(_SP_puts.o)
 .glue_7        0x08001e7c        0x0 C:\Program Files (x86)\Raisonance\Ride\Lib\ARM\smallprintf_thumb.a(_SP_vfprintf.o)
 .glue_7        0x08001e7c        0x0 c:/program files (x86)/raisonance/ride/arm-gcc/bin/../lib/gcc/arm-none-eabi/4.3.2/../../../../arm-none-eabi/lib/thumb2\libc.a(lib_a-impure.o)
 .glue_7        0x08001e7c        0x0 c:/program files (x86)/raisonance/ride/arm-gcc/bin/../lib/gcc/arm-none-eabi/4.3.2/../../../../arm-none-eabi/lib/thumb2\libc.a(lib_a-memchr.o)
 .glue_7        0x08001e7c        0x0 c:/program files (x86)/raisonance/ride/arm-gcc/bin/../lib/gcc/arm-none-eabi/4.3.2/../../../../arm-none-eabi/lib/thumb2\libc.a(lib_a-strlen.o)
 .glue_7        0x08001e7c        0x0 c:/program files (x86)/raisonance/ride/arm-gcc/bin/../lib/gcc/arm-none-eabi/4.3.2/../../../../arm-none-eabi/lib/thumb2\libc.a(lib_a-wcrtomb.o)
 .glue_7        0x08001e7c        0x0 c:/program files (x86)/raisonance/ride/arm-gcc/bin/../lib/gcc/arm-none-eabi/4.3.2/../../../../arm-none-eabi/lib/thumb2\libc.a(lib_a-wcsrtombs.o)
 .glue_7        0x08001e7c        0x0 c:/program files (x86)/raisonance/ride/arm-gcc/bin/../lib/gcc/arm-none-eabi/4.3.2/../../../../arm-none-eabi/lib/thumb2\libc.a(lib_a-wctomb_r.o)
 .glue_7        0x08001e7c        0x0 c:/program files (x86)/raisonance/ride/arm-gcc/bin/../lib/gcc/arm-none-eabi/4.3.2/../../../../arm-none-eabi/lib/thumb2\libc.a(lib_a-locale.o)
 .glue_7        0x08001e7c        0x0 c:/program files (x86)/raisonance/ride/arm-gcc/bin/../lib/gcc/arm-none-eabi/4.3.2/../../../../arm-none-eabi/lib/thumb2\libc.a(lib_a-strcmp.o)
 .glue_7        0x08001e7c        0x0 c:/program files (x86)/raisonance/ride/arm-gcc/bin/../lib/gcc/arm-none-eabi/4.3.2/thumb2\libgcc.a(_udivsi3.o)
 .glue_7        0x08001e7c        0x0 c:/program files (x86)/raisonance/ride/arm-gcc/bin/../lib/gcc/arm-none-eabi/4.3.2/thumb2\libgcc.a(_dvmd_tls.o)
 *(.glue_7t)
 .glue_7t       0x08001e7c        0x0 C:\ride_project\FlollowtheSunshine\Mango-M32\obj\main.o
 .glue_7t       0x08001e7c        0x0 C:\ride_project\FlollowtheSunshine\Mango-M32\obj\delay.o
 .glue_7t       0x08001e7c        0x0 C:\ride_project\FlollowtheSunshine\Mango-M32\obj\stm32f10x_it.o
 .glue_7t       0x08001e7c        0x0 C:\ride_project\FlollowtheSunshine\Mango-M32\obj\system_stm32f10x.o
 .glue_7t       0x08001e7c        0x0 C:\ride_project\FlollowtheSunshine\Mango-M32\obj\startup_stm32f10x_md.o
 .glue_7t       0x08001e7c        0x0 C:\ride_project\FlollowtheSunshine\Mango-M32\obj\misc.o
 .glue_7t       0x08001e7c        0x0 C:\ride_project\FlollowtheSunshine\Mango-M32\obj\stm32f10x_flash.o
 .glue_7t       0x08001e7c        0x0 C:\ride_project\FlollowtheSunshine\Mango-M32\obj\stm32f10x_tim.o
 .glue_7t       0x08001e7c        0x0 C:\ride_project\FlollowtheSunshine\Mango-M32\obj\stm32f10x_gpio.o
 .glue_7t       0x08001e7c        0x0 C:\ride_project\FlollowtheSunshine\Mango-M32\obj\stm32f10x_usart.o
 .glue_7t       0x08001e7c        0x0 C:\ride_project\FlollowtheSunshine\Mango-M32\obj\stm32f10x_adc.o
 .glue_7t       0x08001e7c        0x0 C:\ride_project\FlollowtheSunshine\Mango-M32\obj\stm32f10x_rcc.o
 .glue_7t       0x08001e7c        0x0 C:\ride_project\FlollowtheSunshine\Mango-M32\obj\usart3.o
 .glue_7t       0x08001e7c        0x0 C:\ride_project\FlollowtheSunshine\Mango-M32\obj\motor_control.o
 .glue_7t       0x08001e7c        0x0 C:\ride_project\FlollowtheSunshine\Mango-M32\obj\soil_moisture_sensor.o
 .glue_7t       0x08001e7c        0x0 C:\ride_project\FlollowtheSunshine\Mango-M32\obj\cds_sensor.o
 .glue_7t       0x08001e7c        0x0 C:\Program Files (x86)\Raisonance\Ride\Lib\ARM\std_sbrk_thumb.lib(write.o)
 .glue_7t       0x08001e7c        0x0 C:\Program Files (x86)\Raisonance\Ride\Lib\ARM\smallprintf_thumb.a(_SP_printf.o)
 .glue_7t       0x08001e7c        0x0 C:\Program Files (x86)\Raisonance\Ride\Lib\ARM\smallprintf_thumb.a(_SP_puts.o)
 .glue_7t       0x08001e7c        0x0 C:\Program Files (x86)\Raisonance\Ride\Lib\ARM\smallprintf_thumb.a(_SP_vfprintf.o)
 .glue_7t       0x08001e7c        0x0 c:/program files (x86)/raisonance/ride/arm-gcc/bin/../lib/gcc/arm-none-eabi/4.3.2/../../../../arm-none-eabi/lib/thumb2\libc.a(lib_a-impure.o)
 .glue_7t       0x08001e7c        0x0 c:/program files (x86)/raisonance/ride/arm-gcc/bin/../lib/gcc/arm-none-eabi/4.3.2/../../../../arm-none-eabi/lib/thumb2\libc.a(lib_a-memchr.o)
 .glue_7t       0x08001e7c        0x0 c:/program files (x86)/raisonance/ride/arm-gcc/bin/../lib/gcc/arm-none-eabi/4.3.2/../../../../arm-none-eabi/lib/thumb2\libc.a(lib_a-strlen.o)
 .glue_7t       0x08001e7c        0x0 c:/program files (x86)/raisonance/ride/arm-gcc/bin/../lib/gcc/arm-none-eabi/4.3.2/../../../../arm-none-eabi/lib/thumb2\libc.a(lib_a-wcrtomb.o)
 .glue_7t       0x08001e7c        0x0 c:/program files (x86)/raisonance/ride/arm-gcc/bin/../lib/gcc/arm-none-eabi/4.3.2/../../../../arm-none-eabi/lib/thumb2\libc.a(lib_a-wcsrtombs.o)
 .glue_7t       0x08001e7c        0x0 c:/program files (x86)/raisonance/ride/arm-gcc/bin/../lib/gcc/arm-none-eabi/4.3.2/../../../../arm-none-eabi/lib/thumb2\libc.a(lib_a-wctomb_r.o)
 .glue_7t       0x08001e7c        0x0 c:/program files (x86)/raisonance/ride/arm-gcc/bin/../lib/gcc/arm-none-eabi/4.3.2/../../../../arm-none-eabi/lib/thumb2\libc.a(lib_a-locale.o)
 .glue_7t       0x08001e7c        0x0 c:/program files (x86)/raisonance/ride/arm-gcc/bin/../lib/gcc/arm-none-eabi/4.3.2/../../../../arm-none-eabi/lib/thumb2\libc.a(lib_a-strcmp.o)
 .glue_7t       0x08001e7c        0x0 c:/program files (x86)/raisonance/ride/arm-gcc/bin/../lib/gcc/arm-none-eabi/4.3.2/thumb2\libgcc.a(_udivsi3.o)
 .glue_7t       0x08001e7c        0x0 c:/program files (x86)/raisonance/ride/arm-gcc/bin/../lib/gcc/arm-none-eabi/4.3.2/thumb2\libgcc.a(_dvmd_tls.o)
                0x08001e7c                . = ALIGN (0x4)
                0x08001e7c                _etext = .
                0x08001e7c                _sidata = _etext

.vfp11_veneer   0x20000000        0x0
 .vfp11_veneer  0x20000000        0x0 C:\ride_project\FlollowtheSunshine\Mango-M32\obj\main.o
 .vfp11_veneer  0x20000000        0x0 C:\ride_project\FlollowtheSunshine\Mango-M32\obj\delay.o
 .vfp11_veneer  0x20000000        0x0 C:\ride_project\FlollowtheSunshine\Mango-M32\obj\stm32f10x_it.o
 .vfp11_veneer  0x20000000        0x0 C:\ride_project\FlollowtheSunshine\Mango-M32\obj\system_stm32f10x.o
 .vfp11_veneer  0x20000000        0x0 C:\ride_project\FlollowtheSunshine\Mango-M32\obj\startup_stm32f10x_md.o
 .vfp11_veneer  0x20000000        0x0 C:\ride_project\FlollowtheSunshine\Mango-M32\obj\misc.o
 .vfp11_veneer  0x20000000        0x0 C:\ride_project\FlollowtheSunshine\Mango-M32\obj\stm32f10x_flash.o
 .vfp11_veneer  0x20000000        0x0 C:\ride_project\FlollowtheSunshine\Mango-M32\obj\stm32f10x_tim.o
 .vfp11_veneer  0x20000000        0x0 C:\ride_project\FlollowtheSunshine\Mango-M32\obj\stm32f10x_gpio.o
 .vfp11_veneer  0x20000000        0x0 C:\ride_project\FlollowtheSunshine\Mango-M32\obj\stm32f10x_usart.o
 .vfp11_veneer  0x20000000        0x0 C:\ride_project\FlollowtheSunshine\Mango-M32\obj\stm32f10x_adc.o
 .vfp11_veneer  0x20000000        0x0 C:\ride_project\FlollowtheSunshine\Mango-M32\obj\stm32f10x_rcc.o
 .vfp11_veneer  0x20000000        0x0 C:\ride_project\FlollowtheSunshine\Mango-M32\obj\usart3.o
 .vfp11_veneer  0x20000000        0x0 C:\ride_project\FlollowtheSunshine\Mango-M32\obj\motor_control.o
 .vfp11_veneer  0x20000000        0x0 C:\ride_project\FlollowtheSunshine\Mango-M32\obj\soil_moisture_sensor.o
 .vfp11_veneer  0x20000000        0x0 C:\ride_project\FlollowtheSunshine\Mango-M32\obj\cds_sensor.o
 .vfp11_veneer  0x20000000        0x0 C:\Program Files (x86)\Raisonance\Ride\Lib\ARM\std_sbrk_thumb.lib(write.o)
 .vfp11_veneer  0x20000000        0x0 C:\Program Files (x86)\Raisonance\Ride\Lib\ARM\smallprintf_thumb.a(_SP_printf.o)
 .vfp11_veneer  0x20000000        0x0 C:\Program Files (x86)\Raisonance\Ride\Lib\ARM\smallprintf_thumb.a(_SP_puts.o)
 .vfp11_veneer  0x20000000        0x0 C:\Program Files (x86)\Raisonance\Ride\Lib\ARM\smallprintf_thumb.a(_SP_vfprintf.o)

.janus_2cc_veneer
                0x20000000        0x0
 .janus_2cc_veneer
                0x20000000        0x0 C:\ride_project\FlollowtheSunshine\Mango-M32\obj\main.o
 .janus_2cc_veneer
                0x20000000        0x0 C:\ride_project\FlollowtheSunshine\Mango-M32\obj\delay.o
 .janus_2cc_veneer
                0x20000000        0x0 C:\ride_project\FlollowtheSunshine\Mango-M32\obj\stm32f10x_it.o
 .janus_2cc_veneer
                0x20000000        0x0 C:\ride_project\FlollowtheSunshine\Mango-M32\obj\system_stm32f10x.o
 .janus_2cc_veneer
                0x20000000        0x0 C:\ride_project\FlollowtheSunshine\Mango-M32\obj\startup_stm32f10x_md.o
 .janus_2cc_veneer
                0x20000000        0x0 C:\ride_project\FlollowtheSunshine\Mango-M32\obj\misc.o
 .janus_2cc_veneer
                0x20000000        0x0 C:\ride_project\FlollowtheSunshine\Mango-M32\obj\stm32f10x_flash.o
 .janus_2cc_veneer
                0x20000000        0x0 C:\ride_project\FlollowtheSunshine\Mango-M32\obj\stm32f10x_tim.o
 .janus_2cc_veneer
                0x20000000        0x0 C:\ride_project\FlollowtheSunshine\Mango-M32\obj\stm32f10x_gpio.o
 .janus_2cc_veneer
                0x20000000        0x0 C:\ride_project\FlollowtheSunshine\Mango-M32\obj\stm32f10x_usart.o
 .janus_2cc_veneer
                0x20000000        0x0 C:\ride_project\FlollowtheSunshine\Mango-M32\obj\stm32f10x_adc.o
 .janus_2cc_veneer
                0x20000000        0x0 C:\ride_project\FlollowtheSunshine\Mango-M32\obj\stm32f10x_rcc.o
 .janus_2cc_veneer
                0x20000000        0x0 C:\ride_project\FlollowtheSunshine\Mango-M32\obj\usart3.o
 .janus_2cc_veneer
                0x20000000        0x0 C:\ride_project\FlollowtheSunshine\Mango-M32\obj\motor_control.o
 .janus_2cc_veneer
                0x20000000        0x0 C:\ride_project\FlollowtheSunshine\Mango-M32\obj\soil_moisture_sensor.o
 .janus_2cc_veneer
                0x20000000        0x0 C:\ride_project\FlollowtheSunshine\Mango-M32\obj\cds_sensor.o
 .janus_2cc_veneer
                0x20000000        0x0 C:\Program Files (x86)\Raisonance\Ride\Lib\ARM\std_sbrk_thumb.lib(write.o)
 .janus_2cc_veneer
                0x20000000        0x0 C:\Program Files (x86)\Raisonance\Ride\Lib\ARM\smallprintf_thumb.a(_SP_printf.o)
 .janus_2cc_veneer
                0x20000000        0x0 C:\Program Files (x86)\Raisonance\Ride\Lib\ARM\smallprintf_thumb.a(_SP_puts.o)
 .janus_2cc_veneer
                0x20000000        0x0 C:\Program Files (x86)\Raisonance\Ride\Lib\ARM\smallprintf_thumb.a(_SP_vfprintf.o)

.v4_bx          0x20000000        0x0
 .v4_bx         0x20000000        0x0 C:\ride_project\FlollowtheSunshine\Mango-M32\obj\main.o
 .v4_bx         0x20000000        0x0 C:\ride_project\FlollowtheSunshine\Mango-M32\obj\delay.o
 .v4_bx         0x20000000        0x0 C:\ride_project\FlollowtheSunshine\Mango-M32\obj\stm32f10x_it.o
 .v4_bx         0x20000000        0x0 C:\ride_project\FlollowtheSunshine\Mango-M32\obj\system_stm32f10x.o
 .v4_bx         0x20000000        0x0 C:\ride_project\FlollowtheSunshine\Mango-M32\obj\startup_stm32f10x_md.o
 .v4_bx         0x20000000        0x0 C:\ride_project\FlollowtheSunshine\Mango-M32\obj\misc.o
 .v4_bx         0x20000000        0x0 C:\ride_project\FlollowtheSunshine\Mango-M32\obj\stm32f10x_flash.o
 .v4_bx         0x20000000        0x0 C:\ride_project\FlollowtheSunshine\Mango-M32\obj\stm32f10x_tim.o
 .v4_bx         0x20000000        0x0 C:\ride_project\FlollowtheSunshine\Mango-M32\obj\stm32f10x_gpio.o
 .v4_bx         0x20000000        0x0 C:\ride_project\FlollowtheSunshine\Mango-M32\obj\stm32f10x_usart.o
 .v4_bx         0x20000000        0x0 C:\ride_project\FlollowtheSunshine\Mango-M32\obj\stm32f10x_adc.o
 .v4_bx         0x20000000        0x0 C:\ride_project\FlollowtheSunshine\Mango-M32\obj\stm32f10x_rcc.o
 .v4_bx         0x20000000        0x0 C:\ride_project\FlollowtheSunshine\Mango-M32\obj\usart3.o
 .v4_bx         0x20000000        0x0 C:\ride_project\FlollowtheSunshine\Mango-M32\obj\motor_control.o
 .v4_bx         0x20000000        0x0 C:\ride_project\FlollowtheSunshine\Mango-M32\obj\soil_moisture_sensor.o
 .v4_bx         0x20000000        0x0 C:\ride_project\FlollowtheSunshine\Mango-M32\obj\cds_sensor.o
 .v4_bx         0x20000000        0x0 C:\Program Files (x86)\Raisonance\Ride\Lib\ARM\std_sbrk_thumb.lib(write.o)
 .v4_bx         0x20000000        0x0 C:\Program Files (x86)\Raisonance\Ride\Lib\ARM\smallprintf_thumb.a(_SP_printf.o)
 .v4_bx         0x20000000        0x0 C:\Program Files (x86)\Raisonance\Ride\Lib\ARM\smallprintf_thumb.a(_SP_puts.o)
 .v4_bx         0x20000000        0x0 C:\Program Files (x86)\Raisonance\Ride\Lib\ARM\smallprintf_thumb.a(_SP_vfprintf.o)

.flashpatch     0x00000000        0x0
                0x00000000                . = ALIGN (0x4)
 *(.flashpatch)
                0x00000000                . = ALIGN (0x4)

.endflash       0x00000000        0x0
                0x00000000                . = ALIGN (0x4)
 *(.endflash)
                0x00000000                . = ALIGN (0x4)
                0x00000000                _e_endflash = .

.data           0x20000000      0x12c load address 0x08001e7c
                0x20000000                . = ALIGN (0x4)
                0x20000000                _sdata = .
                0x20000000                _data = .
 *(.data)
 .data          0x20000000       0x14 C:\ride_project\FlollowtheSunshine\Mango-M32\obj\system_stm32f10x.o
                0x20000000                SystemCoreClock
                0x20000004                AHBPrescTable
 .data          0x20000014       0x14 C:\ride_project\FlollowtheSunshine\Mango-M32\obj\stm32f10x_rcc.o
 .data          0x20000028       0xf4 c:/program files (x86)/raisonance/ride/arm-gcc/bin/../lib/gcc/arm-none-eabi/4.3.2/../../../../arm-none-eabi/lib/thumb2\libc.a(lib_a-impure.o)
                0x20000028                _impure_ptr
 .data          0x2000011c       0x10 c:/program files (x86)/raisonance/ride/arm-gcc/bin/../lib/gcc/arm-none-eabi/4.3.2/../../../../arm-none-eabi/lib/thumb2\libc.a(lib_a-locale.o)
                0x2000011c                __mb_cur_max
                0x20000120                __lc_ctype
 *(.data.*)
 *(.RAMtext)
                0x2000012c                . = ALIGN (0x4)
                0x2000012c                _edata = .
                0x08001fa8                _eidata = ((_sidata + _edata) - _sdata)
                0x08020000                _lastdataromaddress = 0x8020000
                0x00000000                toobig = (_eidata > _lastdataromaddress)?!!!!!!!!! FLASH IS FULL !!!!!!!!!:0x0

.bss            0x2000012c       0x28 load address 0x08001fa8
                0x2000012c                . = ALIGN (0x4)
                0x2000012c                _sbss = .
                0x2000012c                _bss = .
 *(.bss)
 .bss           0x2000012c        0xc C:\ride_project\FlollowtheSunshine\Mango-M32\obj\stm32f10x_it.o
                0x2000012c                count_2
                0x20000130                count
                0x20000134                capture
 *(COMMON)
 COMMON         0x20000138       0x1a C:\ride_project\FlollowtheSunshine\Mango-M32\obj\main.o
                0x20000138                TIM_TimeBaseStructure_PWM
                0x20000142                TIM_OCInitStructure_PWM
                0x20000154                . = ALIGN (0x4)
 *fill*         0x20000152        0x2 00
                0x20000154                _ebss = .
                0x20000154                PROVIDE (end, _ebss)
                0x20000154                PROVIDE (_end, _ebss)

._usrstack      0x20000154      0x100 load address 0x08001fd0
                0x20000154                . = ALIGN (0x4)
                0x20000154                _susrstack = .
                0x20000254                . = (. + _Minimum_Stack_Size)
 *fill*         0x20000154      0x100 00
                0x20000254                . = ALIGN (0x4)
                0x20000254                _eusrstack = .

.b1text
 *(.b1text)
 *(.b1rodata)
 *(.b1rodata*)

.eb0text
 *(.eb0text)
 *(.eb0rodata)
 *(.eb0rodata*)

.eb1text
 *(.eb1text)
 *(.eb1rodata)
 *(.eb1rodata*)

.eb2text
 *(.eb2text)
 *(.eb2rodata)
 *(.eb2rodata*)

.eb3text
 *(.eb3text)
 *(.eb3rodata)
 *(.eb3rodata*)
                0x20000254                __exidx_start = .
                0x20000254                __exidx_end = .

/DISCARD/
 libc.a(*)
 libm.a(*)
 libgcc.a(*)

.stab
 *(.stab)

.stabstr
 *(.stabstr)

.stab.excl
 *(.stab.excl)

.stab.exclstr
 *(.stab.exclstr)

.stab.index
 *(.stab.index)

.stab.indexstr
 *(.stab.indexstr)

.comment        0x00000000      0x387
 *(.comment)
 .comment       0x00000000       0x2a C:\ride_project\FlollowtheSunshine\Mango-M32\obj\main.o
 .comment       0x0000002a       0x2a C:\ride_project\FlollowtheSunshine\Mango-M32\obj\delay.o
 .comment       0x00000054       0x2a C:\ride_project\FlollowtheSunshine\Mango-M32\obj\stm32f10x_it.o
 .comment       0x0000007e       0x2a C:\ride_project\FlollowtheSunshine\Mango-M32\obj\system_stm32f10x.o
 .comment       0x000000a8       0x2a C:\ride_project\FlollowtheSunshine\Mango-M32\obj\misc.o
 .comment       0x000000d2       0x2a C:\ride_project\FlollowtheSunshine\Mango-M32\obj\stm32f10x_flash.o
 .comment       0x000000fc       0x2a C:\ride_project\FlollowtheSunshine\Mango-M32\obj\stm32f10x_tim.o
 .comment       0x00000126       0x2a C:\ride_project\FlollowtheSunshine\Mango-M32\obj\stm32f10x_gpio.o
 .comment       0x00000150       0x2a C:\ride_project\FlollowtheSunshine\Mango-M32\obj\stm32f10x_usart.o
 .comment       0x0000017a       0x2a C:\ride_project\FlollowtheSunshine\Mango-M32\obj\stm32f10x_adc.o
 .comment       0x000001a4       0x2a C:\ride_project\FlollowtheSunshine\Mango-M32\obj\stm32f10x_rcc.o
 .comment       0x000001ce       0x2a C:\ride_project\FlollowtheSunshine\Mango-M32\obj\usart3.o
 .comment       0x000001f8       0x2a C:\ride_project\FlollowtheSunshine\Mango-M32\obj\motor_control.o
 .comment       0x00000222       0x2a C:\ride_project\FlollowtheSunshine\Mango-M32\obj\soil_moisture_sensor.o
 .comment       0x0000024c       0x2a C:\ride_project\FlollowtheSunshine\Mango-M32\obj\cds_sensor.o
 .comment       0x00000276       0x2a C:\Program Files (x86)\Raisonance\Ride\Lib\ARM\std_sbrk_thumb.lib(write.o)
 .comment       0x000002a0       0x4d C:\Program Files (x86)\Raisonance\Ride\Lib\ARM\smallprintf_thumb.a(_SP_printf.o)
 .comment       0x000002ed       0x4d C:\Program Files (x86)\Raisonance\Ride\Lib\ARM\smallprintf_thumb.a(_SP_puts.o)
 .comment       0x0000033a       0x4d C:\Program Files (x86)\Raisonance\Ride\Lib\ARM\smallprintf_thumb.a(_SP_vfprintf.o)

.debug
 *(.debug)

.line
 *(.line)

.debug_srcinfo
 *(.debug_srcinfo)

.debug_sfnames
 *(.debug_sfnames)

.debug_aranges  0x00000000      0x9a8
 *(.debug_aranges)
 .debug_aranges
                0x00000000       0x20 C:\ride_project\FlollowtheSunshine\Mango-M32\obj\main.o
 .debug_aranges
                0x00000020       0x38 C:\ride_project\FlollowtheSunshine\Mango-M32\obj\delay.o
 .debug_aranges
                0x00000058       0x70 C:\ride_project\FlollowtheSunshine\Mango-M32\obj\stm32f10x_it.o
 .debug_aranges
                0x000000c8       0x28 C:\ride_project\FlollowtheSunshine\Mango-M32\obj\system_stm32f10x.o
 .debug_aranges
                0x000000f0       0x40 C:\ride_project\FlollowtheSunshine\Mango-M32\obj\misc.o
 .debug_aranges
                0x00000130       0xf8 C:\ride_project\FlollowtheSunshine\Mango-M32\obj\stm32f10x_flash.o
 .debug_aranges
                0x00000228      0x2e0 C:\ride_project\FlollowtheSunshine\Mango-M32\obj\stm32f10x_tim.o
 .debug_aranges
                0x00000508       0xa8 C:\ride_project\FlollowtheSunshine\Mango-M32\obj\stm32f10x_gpio.o
 .debug_aranges
                0x000005b0      0x100 C:\ride_project\FlollowtheSunshine\Mango-M32\obj\stm32f10x_usart.o
 .debug_aranges
                0x000006b0      0x138 C:\ride_project\FlollowtheSunshine\Mango-M32\obj\stm32f10x_adc.o
 .debug_aranges
                0x000007e8      0x118 C:\ride_project\FlollowtheSunshine\Mango-M32\obj\stm32f10x_rcc.o
 .debug_aranges
                0x00000900       0x28 C:\ride_project\FlollowtheSunshine\Mango-M32\obj\usart3.o
 .debug_aranges
                0x00000928       0x30 C:\ride_project\FlollowtheSunshine\Mango-M32\obj\motor_control.o
 .debug_aranges
                0x00000958       0x28 C:\ride_project\FlollowtheSunshine\Mango-M32\obj\soil_moisture_sensor.o
 .debug_aranges
                0x00000980       0x28 C:\ride_project\FlollowtheSunshine\Mango-M32\obj\cds_sensor.o

.debug_pubnames
                0x00000000     0x1959
 *(.debug_pubnames)
 .debug_pubnames
                0x00000000       0x55 C:\ride_project\FlollowtheSunshine\Mango-M32\obj\main.o
 .debug_pubnames
                0x00000055       0x38 C:\ride_project\FlollowtheSunshine\Mango-M32\obj\delay.o
 .debug_pubnames
                0x0000008d      0x110 C:\ride_project\FlollowtheSunshine\Mango-M32\obj\stm32f10x_it.o
 .debug_pubnames
                0x0000019d       0x61 C:\ride_project\FlollowtheSunshine\Mango-M32\obj\system_stm32f10x.o
 .debug_pubnames
                0x000001fe       0x89 C:\ride_project\FlollowtheSunshine\Mango-M32\obj\misc.o
 .debug_pubnames
                0x00000287      0x2f2 C:\ride_project\FlollowtheSunshine\Mango-M32\obj\stm32f10x_flash.o
 .debug_pubnames
                0x00000579      0x7b0 C:\ride_project\FlollowtheSunshine\Mango-M32\obj\stm32f10x_tim.o
 .debug_pubnames
                0x00000d29      0x19d C:\ride_project\FlollowtheSunshine\Mango-M32\obj\stm32f10x_gpio.o
 .debug_pubnames
                0x00000ec6      0x294 C:\ride_project\FlollowtheSunshine\Mango-M32\obj\stm32f10x_usart.o
 .debug_pubnames
                0x0000115a      0x401 C:\ride_project\FlollowtheSunshine\Mango-M32\obj\stm32f10x_adc.o
 .debug_pubnames
                0x0000155b      0x2c4 C:\ride_project\FlollowtheSunshine\Mango-M32\obj\stm32f10x_rcc.o
 .debug_pubnames
                0x0000181f       0x32 C:\ride_project\FlollowtheSunshine\Mango-M32\obj\usart3.o
 .debug_pubnames
                0x00001851       0x8c C:\ride_project\FlollowtheSunshine\Mango-M32\obj\motor_control.o
 .debug_pubnames
                0x000018dd       0x47 C:\ride_project\FlollowtheSunshine\Mango-M32\obj\soil_moisture_sensor.o
 .debug_pubnames
                0x00001924       0x35 C:\ride_project\FlollowtheSunshine\Mango-M32\obj\cds_sensor.o

.debug_info     0x00000000     0x774b
 *(.debug_info .gnu.linkonce.wi.*)
 .debug_info    0x00000000      0x913 C:\ride_project\FlollowtheSunshine\Mango-M32\obj\main.o
 .debug_info    0x00000913      0x15f C:\ride_project\FlollowtheSunshine\Mango-M32\obj\delay.o
 .debug_info    0x00000a72      0x481 C:\ride_project\FlollowtheSunshine\Mango-M32\obj\stm32f10x_it.o
 .debug_info    0x00000ef3      0x462 C:\ride_project\FlollowtheSunshine\Mango-M32\obj\system_stm32f10x.o
 .debug_info    0x00001355      0x507 C:\ride_project\FlollowtheSunshine\Mango-M32\obj\misc.o
 .debug_info    0x0000185c      0x7f3 C:\ride_project\FlollowtheSunshine\Mango-M32\obj\stm32f10x_flash.o
 .debug_info    0x0000204f     0x1da6 C:\ride_project\FlollowtheSunshine\Mango-M32\obj\stm32f10x_tim.o
 .debug_info    0x00003df5      0x6cd C:\ride_project\FlollowtheSunshine\Mango-M32\obj\stm32f10x_gpio.o
 .debug_info    0x000044c2      0x9ff C:\ride_project\FlollowtheSunshine\Mango-M32\obj\stm32f10x_usart.o
 .debug_info    0x00004ec1      0xb92 C:\ride_project\FlollowtheSunshine\Mango-M32\obj\stm32f10x_adc.o
 .debug_info    0x00005a53      0x888 C:\ride_project\FlollowtheSunshine\Mango-M32\obj\stm32f10x_rcc.o
 .debug_info    0x000062db      0x43c C:\ride_project\FlollowtheSunshine\Mango-M32\obj\usart3.o
 .debug_info    0x00006717      0x6e2 C:\ride_project\FlollowtheSunshine\Mango-M32\obj\motor_control.o
 .debug_info    0x00006df9      0x4c7 C:\ride_project\FlollowtheSunshine\Mango-M32\obj\soil_moisture_sensor.o
 .debug_info    0x000072c0      0x48b C:\ride_project\FlollowtheSunshine\Mango-M32\obj\cds_sensor.o

.debug_abbrev   0x00000000     0x167f
 *(.debug_abbrev)
 .debug_abbrev  0x00000000      0x124 C:\ride_project\FlollowtheSunshine\Mango-M32\obj\main.o
 .debug_abbrev  0x00000124       0xc0 C:\ride_project\FlollowtheSunshine\Mango-M32\obj\delay.o
 .debug_abbrev  0x000001e4       0xbe C:\ride_project\FlollowtheSunshine\Mango-M32\obj\stm32f10x_it.o
 .debug_abbrev  0x000002a2      0x198 C:\ride_project\FlollowtheSunshine\Mango-M32\obj\system_stm32f10x.o
 .debug_abbrev  0x0000043a      0x15a C:\ride_project\FlollowtheSunshine\Mango-M32\obj\misc.o
 .debug_abbrev  0x00000594      0x1af C:\ride_project\FlollowtheSunshine\Mango-M32\obj\stm32f10x_flash.o
 .debug_abbrev  0x00000743      0x24e C:\ride_project\FlollowtheSunshine\Mango-M32\obj\stm32f10x_tim.o
 .debug_abbrev  0x00000991      0x20b C:\ride_project\FlollowtheSunshine\Mango-M32\obj\stm32f10x_gpio.o
 .debug_abbrev  0x00000b9c      0x1ce C:\ride_project\FlollowtheSunshine\Mango-M32\obj\stm32f10x_usart.o
 .debug_abbrev  0x00000d6a      0x1f4 C:\ride_project\FlollowtheSunshine\Mango-M32\obj\stm32f10x_adc.o
 .debug_abbrev  0x00000f5e      0x1f5 C:\ride_project\FlollowtheSunshine\Mango-M32\obj\stm32f10x_rcc.o
 .debug_abbrev  0x00001153      0x14d C:\ride_project\FlollowtheSunshine\Mango-M32\obj\usart3.o
 .debug_abbrev  0x000012a0      0x12d C:\ride_project\FlollowtheSunshine\Mango-M32\obj\motor_control.o
 .debug_abbrev  0x000013cd      0x15a C:\ride_project\FlollowtheSunshine\Mango-M32\obj\soil_moisture_sensor.o
 .debug_abbrev  0x00001527      0x158 C:\ride_project\FlollowtheSunshine\Mango-M32\obj\cds_sensor.o

.debug_line     0x00000000     0x4461
 *(.debug_line)
 .debug_line    0x00000000      0x37e C:\ride_project\FlollowtheSunshine\Mango-M32\obj\main.o
 .debug_line    0x0000037e      0x24f C:\ride_project\FlollowtheSunshine\Mango-M32\obj\delay.o
 .debug_line    0x000005cd      0x32a C:\ride_project\FlollowtheSunshine\Mango-M32\obj\stm32f10x_it.o
 .debug_line    0x000008f7      0x2cc C:\ride_project\FlollowtheSunshine\Mango-M32\obj\system_stm32f10x.o
 .debug_line    0x00000bc3      0x349 C:\ride_project\FlollowtheSunshine\Mango-M32\obj\misc.o
 .debug_line    0x00000f0c      0x5ec C:\ride_project\FlollowtheSunshine\Mango-M32\obj\stm32f10x_flash.o
 .debug_line    0x000014f8      0xbc3 C:\ride_project\FlollowtheSunshine\Mango-M32\obj\stm32f10x_tim.o
 .debug_line    0x000020bb      0x4bf C:\ride_project\FlollowtheSunshine\Mango-M32\obj\stm32f10x_gpio.o
 .debug_line    0x0000257a      0x5d4 C:\ride_project\FlollowtheSunshine\Mango-M32\obj\stm32f10x_usart.o
 .debug_line    0x00002b4e      0x642 C:\ride_project\FlollowtheSunshine\Mango-M32\obj\stm32f10x_adc.o
 .debug_line    0x00003190      0x5a0 C:\ride_project\FlollowtheSunshine\Mango-M32\obj\stm32f10x_rcc.o
 .debug_line    0x00003730      0x331 C:\ride_project\FlollowtheSunshine\Mango-M32\obj\usart3.o
 .debug_line    0x00003a61      0x36f C:\ride_project\FlollowtheSunshine\Mango-M32\obj\motor_control.o
 .debug_line    0x00003dd0      0x358 C:\ride_project\FlollowtheSunshine\Mango-M32\obj\soil_moisture_sensor.o
 .debug_line    0x00004128      0x339 C:\ride_project\FlollowtheSunshine\Mango-M32\obj\cds_sensor.o

.debug_frame    0x00000000     0x140c
 *(.debug_frame)
 .debug_frame   0x00000000       0x34 C:\ride_project\FlollowtheSunshine\Mango-M32\obj\main.o
 .debug_frame   0x00000034       0x6c C:\ride_project\FlollowtheSunshine\Mango-M32\obj\delay.o
 .debug_frame   0x000000a0       0xd0 C:\ride_project\FlollowtheSunshine\Mango-M32\obj\stm32f10x_it.o
 .debug_frame   0x00000170       0x34 C:\ride_project\FlollowtheSunshine\Mango-M32\obj\system_stm32f10x.o
 .debug_frame   0x000001a4       0x60 C:\ride_project\FlollowtheSunshine\Mango-M32\obj\misc.o
 .debug_frame   0x00000204      0x254 C:\ride_project\FlollowtheSunshine\Mango-M32\obj\stm32f10x_flash.o
 .debug_frame   0x00000458      0x664 C:\ride_project\FlollowtheSunshine\Mango-M32\obj\stm32f10x_tim.o
 .debug_frame   0x00000abc      0x16c C:\ride_project\FlollowtheSunshine\Mango-M32\obj\stm32f10x_gpio.o
 .debug_frame   0x00000c28      0x204 C:\ride_project\FlollowtheSunshine\Mango-M32\obj\stm32f10x_usart.o
 .debug_frame   0x00000e2c      0x280 C:\ride_project\FlollowtheSunshine\Mango-M32\obj\stm32f10x_adc.o
 .debug_frame   0x000010ac      0x224 C:\ride_project\FlollowtheSunshine\Mango-M32\obj\stm32f10x_rcc.o
 .debug_frame   0x000012d0       0x48 C:\ride_project\FlollowtheSunshine\Mango-M32\obj\usart3.o
 .debug_frame   0x00001318       0x60 C:\ride_project\FlollowtheSunshine\Mango-M32\obj\motor_control.o
 .debug_frame   0x00001378       0x4c C:\ride_project\FlollowtheSunshine\Mango-M32\obj\soil_moisture_sensor.o
 .debug_frame   0x000013c4       0x48 C:\ride_project\FlollowtheSunshine\Mango-M32\obj\cds_sensor.o

.debug_str      0x00000000     0x2c30
 *(.debug_str)
 .debug_str     0x00000000      0x443 C:\ride_project\FlollowtheSunshine\Mango-M32\obj\main.o
                                0x482 (size before relaxing)
 .debug_str     0x00000443       0x7e C:\ride_project\FlollowtheSunshine\Mango-M32\obj\delay.o
                                0x124 (size before relaxing)
 .debug_str     0x000004c1      0x15e C:\ride_project\FlollowtheSunshine\Mango-M32\obj\stm32f10x_it.o
                                0x328 (size before relaxing)
 .debug_str     0x0000061f      0x195 C:\ride_project\FlollowtheSunshine\Mango-M32\obj\system_stm32f10x.o
                                0x26c (size before relaxing)
 .debug_str     0x000007b4      0x229 C:\ride_project\FlollowtheSunshine\Mango-M32\obj\misc.o
                                0x355 (size before relaxing)
 .debug_str     0x000009dd      0x462 C:\ride_project\FlollowtheSunshine\Mango-M32\obj\stm32f10x_flash.o
                                0x581 (size before relaxing)
 .debug_str     0x00000e3f      0xa31 C:\ride_project\FlollowtheSunshine\Mango-M32\obj\stm32f10x_tim.o
                                0xd8f (size before relaxing)
 .debug_str     0x00001870      0x3a8 C:\ride_project\FlollowtheSunshine\Mango-M32\obj\stm32f10x_gpio.o
                                0x4be (size before relaxing)
 .debug_str     0x00001c18      0x4e2 C:\ride_project\FlollowtheSunshine\Mango-M32\obj\stm32f10x_usart.o
                                0x642 (size before relaxing)
 .debug_str     0x000020fa      0x536 C:\ride_project\FlollowtheSunshine\Mango-M32\obj\stm32f10x_adc.o
                                0x6ad (size before relaxing)
 .debug_str     0x00002630      0x3da C:\ride_project\FlollowtheSunshine\Mango-M32\obj\stm32f10x_rcc.o
                                0x5b7 (size before relaxing)
 .debug_str     0x00002a0a       0x79 C:\ride_project\FlollowtheSunshine\Mango-M32\obj\usart3.o
                                0x347 (size before relaxing)
 .debug_str     0x00002a83       0xaf C:\ride_project\FlollowtheSunshine\Mango-M32\obj\motor_control.o
                                0x532 (size before relaxing)
 .debug_str     0x00002b32       0x9c C:\ride_project\FlollowtheSunshine\Mango-M32\obj\soil_moisture_sensor.o
                                0x38f (size before relaxing)
 .debug_str     0x00002bce       0x62 C:\ride_project\FlollowtheSunshine\Mango-M32\obj\cds_sensor.o
                                0x35a (size before relaxing)

.debug_loc      0x00000000     0x28d0
 *(.debug_loc)
 .debug_loc     0x00000000       0x2c C:\ride_project\FlollowtheSunshine\Mango-M32\obj\main.o
 .debug_loc     0x0000002c       0xf7 C:\ride_project\FlollowtheSunshine\Mango-M32\obj\delay.o
 .debug_loc     0x00000123       0x3e C:\ride_project\FlollowtheSunshine\Mango-M32\obj\stm32f10x_it.o
 .debug_loc     0x00000161       0x6a C:\ride_project\FlollowtheSunshine\Mango-M32\obj\system_stm32f10x.o
 .debug_loc     0x000001cb       0x4f C:\ride_project\FlollowtheSunshine\Mango-M32\obj\misc.o
 .debug_loc     0x0000021a      0x6a3 C:\ride_project\FlollowtheSunshine\Mango-M32\obj\stm32f10x_flash.o
 .debug_loc     0x000008bd     0x1006 C:\ride_project\FlollowtheSunshine\Mango-M32\obj\stm32f10x_tim.o
 .debug_loc     0x000018c3      0x2cc C:\ride_project\FlollowtheSunshine\Mango-M32\obj\stm32f10x_gpio.o
 .debug_loc     0x00001b8f      0x303 C:\ride_project\FlollowtheSunshine\Mango-M32\obj\stm32f10x_usart.o
 .debug_loc     0x00001e92      0x42a C:\ride_project\FlollowtheSunshine\Mango-M32\obj\stm32f10x_adc.o
 .debug_loc     0x000022bc      0x243 C:\ride_project\FlollowtheSunshine\Mango-M32\obj\stm32f10x_rcc.o
 .debug_loc     0x000024ff       0xd5 C:\ride_project\FlollowtheSunshine\Mango-M32\obj\usart3.o
 .debug_loc     0x000025d4      0x156 C:\ride_project\FlollowtheSunshine\Mango-M32\obj\motor_control.o
 .debug_loc     0x0000272a      0x120 C:\ride_project\FlollowtheSunshine\Mango-M32\obj\soil_moisture_sensor.o
 .debug_loc     0x0000284a       0x86 C:\ride_project\FlollowtheSunshine\Mango-M32\obj\cds_sensor.o

.debug_macinfo
 *(.debug_macinfo)

.debug_weaknames
 *(.debug_weaknames)

.debug_funcnames
 *(.debug_funcnames)

.debug_typenames
 *(.debug_typenames)

.debug_varnames
 *(.debug_varnames)
START GROUP
LOAD c:/program files (x86)/raisonance/ride/arm-gcc/bin/../lib/gcc/arm-none-eabi/4.3.2/thumb2\libgcc.a
LOAD c:/program files (x86)/raisonance/ride/arm-gcc/bin/../lib/gcc/arm-none-eabi/4.3.2/../../../../arm-none-eabi/lib/thumb2\libc.a
END GROUP
OUTPUT(C:\ride_project\FlollowtheSunshine\Mango-M32\Application0.elf elf32-littlearm)

.debug_ranges   0x00000000      0x930
 .debug_ranges  0x00000000       0x18 C:\ride_project\FlollowtheSunshine\Mango-M32\obj\main.o
 .debug_ranges  0x00000018       0x30 C:\ride_project\FlollowtheSunshine\Mango-M32\obj\delay.o
 .debug_ranges  0x00000048       0x68 C:\ride_project\FlollowtheSunshine\Mango-M32\obj\stm32f10x_it.o
 .debug_ranges  0x000000b0       0x20 C:\ride_project\FlollowtheSunshine\Mango-M32\obj\system_stm32f10x.o
 .debug_ranges  0x000000d0       0x38 C:\ride_project\FlollowtheSunshine\Mango-M32\obj\misc.o
 .debug_ranges  0x00000108       0xf0 C:\ride_project\FlollowtheSunshine\Mango-M32\obj\stm32f10x_flash.o
 .debug_ranges  0x000001f8      0x2d8 C:\ride_project\FlollowtheSunshine\Mango-M32\obj\stm32f10x_tim.o
 .debug_ranges  0x000004d0       0xa0 C:\ride_project\FlollowtheSunshine\Mango-M32\obj\stm32f10x_gpio.o
 .debug_ranges  0x00000570       0xf8 C:\ride_project\FlollowtheSunshine\Mango-M32\obj\stm32f10x_usart.o
 .debug_ranges  0x00000668      0x130 C:\ride_project\FlollowtheSunshine\Mango-M32\obj\stm32f10x_adc.o
 .debug_ranges  0x00000798      0x110 C:\ride_project\FlollowtheSunshine\Mango-M32\obj\stm32f10x_rcc.o
 .debug_ranges  0x000008a8       0x20 C:\ride_project\FlollowtheSunshine\Mango-M32\obj\usart3.o
 .debug_ranges  0x000008c8       0x28 C:\ride_project\FlollowtheSunshine\Mango-M32\obj\motor_control.o
 .debug_ranges  0x000008f0       0x20 C:\ride_project\FlollowtheSunshine\Mango-M32\obj\soil_moisture_sensor.o
 .debug_ranges  0x00000910       0x20 C:\ride_project\FlollowtheSunshine\Mango-M32\obj\cds_sensor.o

.ARM.attributes
                0x00000000       0x31
 .ARM.attributes
                0x00000000       0x31 C:\ride_project\FlollowtheSunshine\Mango-M32\obj\main.o
 .ARM.attributes
                0x00000031       0x31 C:\ride_project\FlollowtheSunshine\Mango-M32\obj\delay.o
 .ARM.attributes
                0x00000062       0x31 C:\ride_project\FlollowtheSunshine\Mango-M32\obj\stm32f10x_it.o
 .ARM.attributes
                0x00000093       0x31 C:\ride_project\FlollowtheSunshine\Mango-M32\obj\system_stm32f10x.o
 .ARM.attributes
                0x000000c4       0x21 C:\ride_project\FlollowtheSunshine\Mango-M32\obj\startup_stm32f10x_md.o
 .ARM.attributes
                0x000000e5       0x31 C:\ride_project\FlollowtheSunshine\Mango-M32\obj\misc.o
 .ARM.attributes
                0x00000116       0x31 C:\ride_project\FlollowtheSunshine\Mango-M32\obj\stm32f10x_flash.o
 .ARM.attributes
                0x00000147       0x31 C:\ride_project\FlollowtheSunshine\Mango-M32\obj\stm32f10x_tim.o
 .ARM.attributes
                0x00000178       0x31 C:\ride_project\FlollowtheSunshine\Mango-M32\obj\stm32f10x_gpio.o
 .ARM.attributes
                0x000001a9       0x31 C:\ride_project\FlollowtheSunshine\Mango-M32\obj\stm32f10x_usart.o
 .ARM.attributes
                0x000001da       0x31 C:\ride_project\FlollowtheSunshine\Mango-M32\obj\stm32f10x_adc.o
 .ARM.attributes
                0x0000020b       0x31 C:\ride_project\FlollowtheSunshine\Mango-M32\obj\stm32f10x_rcc.o
 .ARM.attributes
                0x0000023c       0x31 C:\ride_project\FlollowtheSunshine\Mango-M32\obj\usart3.o
 .ARM.attributes
                0x0000026d       0x31 C:\ride_project\FlollowtheSunshine\Mango-M32\obj\motor_control.o
 .ARM.attributes
                0x0000029e       0x31 C:\ride_project\FlollowtheSunshine\Mango-M32\obj\soil_moisture_sensor.o
 .ARM.attributes
                0x000002cf       0x31 C:\ride_project\FlollowtheSunshine\Mango-M32\obj\cds_sensor.o
 .ARM.attributes
                0x00000300       0x2e C:\Program Files (x86)\Raisonance\Ride\Lib\ARM\std_sbrk_thumb.lib(write.o)
 .ARM.attributes
                0x0000032e       0x2e C:\Program Files (x86)\Raisonance\Ride\Lib\ARM\smallprintf_thumb.a(_SP_printf.o)
 .ARM.attributes
                0x0000035c       0x2e C:\Program Files (x86)\Raisonance\Ride\Lib\ARM\smallprintf_thumb.a(_SP_puts.o)
 .ARM.attributes
                0x0000038a       0x2e C:\Program Files (x86)\Raisonance\Ride\Lib\ARM\smallprintf_thumb.a(_SP_vfprintf.o)
